p= 25 trous=0.25: bouteille -0.153 | mélanges -0.227 (max -0.168)
p= 25 trous=0.4: bouteille -0.267 | mélanges -0.295 (max -0.261)
p= 25 trous=0.6: bouteille -0.358 | mélanges -0.412 (max -0.366)
p= 36 trous=0.25: bouteille -0.102 | mélanges -0.155 (max -0.122)
p= 36 trous=0.4: bouteille -0.219 | mélanges -0.244 (max -0.196)
p= 36 trous=0.6: bouteille -0.331 | mélanges -0.345 (max -0.295)
p= 49 trous=0.25: bouteille -0.098 | mélanges -0.076 (max -0.009)
p= 49 trous=0.4: bouteille -0.190 | mélanges -0.196 (max -0.149)
p= 49 trous=0.6: bouteille -0.308 | mélanges -0.292 (max -0.247)
p= 64 trous=0.25: bouteille +0.014 | mélanges -0.015 (max +0.028)
p= 64 trous=0.4: bouteille -0.110 | mélanges -0.141 (max -0.087)
p= 64 trous=0.6: bouteille -0.256 | mélanges -0.278 (max -0.246)
p= 81 trous=0.25: bouteille +0.095 | mélanges +0.046 (max +0.082)
p= 81 trous=0.4: bouteille -0.038 | mélanges -0.082 (max -0.046)
p= 81 trous=0.6: bouteille -0.207 | mélanges -0.212 (max -0.184)
p=100 trous=0.25: bouteille +0.178 | mélanges +0.177 (max +0.211)
p=100 trous=0.4: bouteille +0.038 | mélanges -0.006 (max +0.017)
p=100 trous=0.6: bouteille -0.122 | mélanges -0.159 (max -0.136)
p=121 trous=0.25: bouteille +0.251 | mélanges +0.202 (max +0.224)
p=121 trous=0.4: bouteille +0.102 | mélanges +0.046 (max +0.074)
p=121 trous=0.6: bouteille -0.063 | mélanges -0.139 (max -0.045)
p=144 trous=0.25: bouteille +0.344 | mélanges +0.299 (max +0.341)
p=144 trous=0.4: bouteille +0.188 | mélanges +0.166 (max +0.184)
p=144 trous=0.6: bouteille -0.035 | mélanges -0.041 (max -0.002)
p=169 trous=0.25: bouteille +0.472 | mélanges +0.407 (max +0.460)
p=169 trous=0.4: bouteille +0.308 | mélanges +0.248 (max +0.279)
p=169 trous=0.6: bouteille +0.098 | mélanges +0.005 (max +0.043)
