-8.0999 reinenzenderollenererschenunftfusstu
-8.9840 rwennwiristhatztwahrunderstelbersfd
-9.3658 dzwenhoffdemkuhlewolleinernunderbess
-8.3429 sundiesaufenderfluswiederwenderstenwic
-8.3269 tellenausediederverscheneinemweileheueu
-9.2089 mcnnwennscheinmusdassencramussensehrherempf
-11.0840 mflfsmindershlznfthalssihrenmusstderwirfisz
-8.9420 ttennenlehenunftofftandaringanzendia
-9.3548 hkeinmanteinunftihrallenmannihnhassswennddr
-9.9193 mwendenwirsaclustenunftweinsgrunswillshm
-10.3740 hltwunsersthindennsinderwaswirwerbfmcfftdr
-8.8028 aleiteineffiallesersichnurungwunserfr
-9.2825 cvgefundemweitundurchihrenlangtwahrhinan
-8.3296 sondenweistehenhoferschereileutensp
-9.3496 naufininwodientindigtderinderkandrohldundertho
-8.6260 effenureinenannallenstanzuswinkenfangeletz
-8.2762 rweltenwennenwerfreichenverstdasfendentift
-8.7043 ftindestimklinkorbeziererdereindenweitu
-9.4115 bdergarthemmungarkenntwolcherderwirafo
-9.3785 rfwirdingehungsgehenhoffestmehrhergl
-8.1086 enunsenworenunftenterfaltenenderselbenn
-8.2702 aseinderdiesiemirinoffisondereinderr
-8.6556 lutenmeinerhoffehallemanschrundernserrs
-8.4604 einderecierungesiederemmensindeffenhaufd
-8.5828 gtwortwermoglicandeinesistunderliedenal
-8.8461 rrndarfindergehendigwerdermusstrerfl
-9.2936 cgerdassollimmundwahreinzufahleinef
-8.1935 swenistderstschmungestenverlichwerfe
-8.5337 ottenundherzustundenderalltunsofeinihr
-9.0466 fmithierumwordenwesehtwerdemfuresererfo
-10.7321 bllfrnhofftwerdiegendeckusserlemusszwisscrw
-9.1441 aweiliegeffenwirminderwerhattriffaltedenkog
-7.7473 oeinestandereseinerfenschellesehensi
-8.3727 messinnenihrungenserhalenmennichnurmeinernl
-9.0575 ellensinnsinflieswennschnundzwarwirdintl
-8.4793 alediesereinenaufcremogenderleitindenzeitd
-9.2967 uilistdurfurbleindimmenwaseitatenausa
-8.7805 uersteherwerkunschenatundecorattendenntn
-8.1355 phenundiespienfuhrenichstandenntern
-8.9409 mbdendensinnstelftmanntwenschtwennennsternortr
-10.6351 zcrrnftennderfremdrindurftblernmannenfronf
-9.0792 igodiesohemodieunderhaltederzugefeltendied
-8.5783 lowirunansichristaberfahreineigehenwasi
-9.3212 lweltmannmannaufrivorgenzweitbeifenhei
-8.7276 eifendemwarernunskraffenwirkungenunt
-8.9126 lddesuchelehenkesserfenkendenwenndensfh
-8.4884 weilundaherauchmithindenwasinsehunft
-9.2837 rstwennstelftenwerfahlnihrundenwohenfuh
-9.8425 fffllsinnsdernderderzendsingermirlasssif
-9.2965 dwasgefuhrhehlundervonstenweissenlaufww
-9.1232 lwererstergeforticurunderbitteinundd
-9.3602 eugendencusfundlundererderwasseform
-9.2638 zwennickennerderwiralitanwirhatisaho
-9.0358 foffmussenwellunterwissenwarstenunssof
-9.0237 iefficitandigerdenzweitnunftgehenmeinel
-8.9052 rchtdengenblermetriffenwanzwarsoferdengemet
-8.7574 uhauterubenimmtwertellenderruhrtdieineralsi
-8.5089 efestewesemeweilendenichenerumachenl
-9.8719 ksfindinnstwirktmehrtfffennstanninnlichnund
-8.5386 fweltendenderauerkenalekeliedenenungewoa
-8.8450 mlaufeineffedemuteinehmithaustderzundiesid
-8.1020 fdengendiemalteteinenundahehendendeeu
-10.1518 rfstgrenschtbmrrnsprindasworreinersierlo
-8.3629 ahrenenuberunsausserwohnungenannuns
-8.5130 eeeinheitundersehenwelleffenvonsehunwichtundwa
-8.1640 feinflucktandestistererfolgensterungendenz
-9.2355 ihweilwinderfahrwandsonnthallertrinnenkopf
-11.2521 hmnundwissseffhwhhfhungenwillswirwirdih
-8.5640 wirdasogleinihresichvernunblossenheilu
-8.7314 rrnnerfennschmensererschesalszendemh
-8.8225 sfenwererfahrenderressenthaffenunsehmfm
-9.8037 elenvondenstmirftundsellmindzwenndrh
-8.7538 rdrindwirdstelltschrherdendermeinandlic
-8.9668 rztfalsinnerfenwenigsthinderzumstendiefo
-8.9879 renderstalssinnsinworalsciegriffenmansa
-8.3608 ddurihrheinehmungezwarundereicheinez
-8.4902 ugeralseindenheinetwasgestenfeuerho
-9.4895 crnungenwisscrandenwarfindvollesselm
-8.6060 lfreissenmandermhoffenwersehrensinerfa
-8.6415 cenaufeserfuhltenwurdersturisteinundert
-9.7851 ktoderzuhistalensinnsiffellenderfenszennmhf
-8.5710 olgeserdereihreiheinheimfenwendindemfenbens
-8.5307 aftenenfahrherwelchergleiderfahleini
-8.7323 lbenaustunsehenunderholensindihrnunkthauptz
-9.0163 furundschenmirklandermuntellsimmenverglz
-9.9600 emwartwerwelcmsdernswirdwirhingermitderapr
-8.5319 fewechenundweltenenkonnisseinmitihrab
-8.1429 antersterstehinunderhoffenenunteinebewoh
-8.3992 hnendinderfenwahrennerstellerbrinfi
-9.2257 oeingenistsondengendasstenscrwerdasowenewaffeo
-9.9772 fstdinddentdarfmanfraufdashimmdurfnistwirk
-9.1524 lsderstscffenweltefrauchdersterwisselleffi
-8.8108 freinenwirermengtwirdwenddernalswennunn
-9.3286 nhnfolglindenweltganwahrheinsinnstelso
-8.4644 rreinihrunsinnlinencretenendererenau
-8.5047 tausseffenweltestemusseseaufdenundermot
-9.6316 cuffungenwerhaffenunftgenktshohrundd
-8.0866 udieerstatunderundindsolldervernacheinu
-10.4210 olgtwistwiefsderwahldemkenzbzweitnistmic
-8.5172 czisternsinnlimmerlicheinenatundwennerl
-8.8525 hwerwartwennengenstelldecktmendesver
-9.5098 wcrrgerwortwirringendinmussenserwel
-9.5129 ngdenstdassthinzlihrnihrhangenndennl
-8.3551 uhohehendiesehufenundereinemwillicherz
-8.0305 eenahererdererseinemandigendertwohnendl
-9.2368 cdritundemerhaffendigschlefftwenderstelemzw
-8.9883 lsimmenureinermorauferterlermittenbendemprc
-9.8830 ofterumblosoriffundamildaufdiefreilw
-8.5056 nseltenkonntwiesewaraufelderhafteneindergar
-10.0628 nenallengenunallensindfrhlszwenndendfrhm
-8.7231 leineinsindennmancessenzufenwillestenfausf
-8.1230 lusseinerunterihriffeinarmeinerverstr
-9.2668 istundenlasssistgrusseffihrhaussdinwerbf
-9.0236 hkeinalsolltersondurfuhrthingeswirl
-9.0015 orenalsonnenaustenderfortotunwannochtmitwenstr
-9.9406 mmsteffifuhlthindzdfahrtedandereineinahrun
-9.0561 cesiegegemenwisseingefurweistihrerktistdrg
-9.1482 wendenzucffeltenzunenachenleinundergesk
-9.3741 indersuccftwerwerbeffinderinteinernuns
-8.6963 nfrohnenwasprunsehundiewedesmanderzw
-8.7589 kstelendeutebendeltdenthinddannalteninn
-8.3173 cieneinselbentererfuhreinerwassmanni
-9.8301 rlerhannwerfasssinhinkundsehmundefahnuh
-9.6843 efreutewonoffeweilundiefamitwennachwirnw
-8.5611 offedeundsicherunderstsihmfenschwerdesv
-8.5389 molltdentferdengenderkennichesweituu
-8.2059 averanerdochaftereineranseineinzuha
-8.7445 itdielbstweninderwiringenscrsinderdi
-8.8580 ffendieselupfenundiefuhleintrifftwenni
-8.8441 ndermenwelcrmendinderrnwennsterungenehm
-8.9472 flehrinnehmentertraussciererungunsistdiesef
-8.1442 feistandieweitaleichallenderzenunsehereffeo
-9.5973 lsgendenfolgendlunmusscplinensieselb
-9.1239 hsellstdernundinnwirinerfahrtzwanzlossererr
-9.3059 fwhlwirkeinmasshabenserfalsoderschermutt
-8.7416 tseinenstenmirfortenzerfanderfahrenktwedef
-10.6174 llsfindmannwortgccmwaswiedeswidenundi
-9.0762 ffedessesowungutundhiehtvordealsdingundb
-8.0307 inanserwissenderwelthindenderersahm
-9.3683 cltinunglindenntwenderhundbehausshilftmithessu
-8.6129 urlinerufeiererfurwenderwerdeutedenwegenau
-8.2233 zemecheinendentensomensonscheitwerdernunsw
-9.0306 fsweingungistecramenaturzeihrundiehabei
-8.8504 miscremmenwelteerstankenenaufeinewieei
-9.8114 uftfuhrfuhrmillstistdichmihrersterzv
-9.9337 hrenfronihriffdenthaffenhellshnsonnennw
-11.3575 cnnwerkskonnendflhrflungskrandwinddf
-8.4497 eltestehenerhaufenwahrerfolgenwersterrl
-8.6559 lwennstenommenunwasserfinihrenmanderollz
-8.5471 mihrandernsonangenthaftwennaufunderdarf
-9.2787 emeineabermogelatauscadeutenzenderno
-8.3682 oldiesehenworiffederstenwerschrandm
-8.3127 htdendinundemfureitanderaltenengefuh
-9.5334 hrwiesenwerfalswohnunftzumwimmenseluck
-8.0455 fderstenindereihediealeiheineinverdiefv
-8.3074 wirdinderschlenderswerderwohlfurunserderwah
-8.2272 wissenserfahrebensindennmensinnlessendeffen
-9.0001 ltenunftwerkanntsoffelichtwortigewis
-10.1652 wandieinhattelbenihrhemflkzngstdenndertwegv
-8.7777 sherzendenwirddasprinklinortranserandero
-8.6451 rchtererfenwennmirftenstoffenschenddiesehf
-9.5110 wcdricktsingenzurmitsinenwillendenzbf
-8.3389 nindfordenntenderschlerundtrauflichteinu
-8.7241 lmehrkennerseinenmusseffiffsundersf
-8.9183 fhrthinderstenfuhristeheinausermorstundenwarwa
-7.9896 emmenuntenserlickennererfaltenenmeinerstel
-9.1114 mmennichenmalsfuhrenlehmungensehrenwilldfw
-8.7232 hwunserfahrinunhaltenstehenaufsiesiehep
-10.6256 rlsblenndannsnnherrnwarrnsonordermorau
-9.1728 ewunderauftfolgenunwirineinuraufinci
-9.1946 stdiedemaltalltweglichwerfundedeucheduf
-8.8436 nzdersteinfassihrgleinencrenzweistan
-8.6952 ueffeseitungewusstelesowiesehenderhergo
-9.4527 ginnstalsdingrungfrandwerfangtmitderndlm
-8.1860 nwassinheinuntelltwerunseinzuseinderbli
-8.7207 nntensterwirdersteilsinundernserfrzr
-8.3320 lundermanninnsterfraufursinneinerno
-7.5669 erschessenvernundesseindenundurfenen
-9.3469 tanderenwohlehrherrnstlandermaltundphw
-8.5690 menesenaufenwerselsmengenallerwirdiehew
-8.6016 rtundinderdiglichfurdiehungsoweltwirungemit
-8.7565 aleingefureischohenundertwederdemwohntdestd
-9.3989 kzbdiehenbehenserfendallewahindwirdh
-10.7022 hnnthdffsdinddennwillkonsimkrankenfreingesm
-9.4466 haftenereffenwollscrnnurinzisteineffinds
-10.3200 ldwinnftsmandebewussehuneffindasisuberflcc
-7.7555 fendessendiemaltefaltenweseineinenung
-8.6064 edesemwasmanzeineinenhortdermussenalenwo
-11.5265 wmpfhnschrhenzlmstohnurdenthafthinw
-8.7380 vinemalsdenwarfindenweltsichtauterstennthaffiv
-8.5981 ieserungefortehengeserkewesedererfelledere
-8.9153 rstaffenderktssindergegedarschoherdesdaufd
-9.2719 nwenntscasundenungenwirauchmundwirkonzr
-8.9643 oliederfahimmerreineinihrdirzurdersalr
-9.0380 rnnunstuhlinmussenwohlenfinnsinderzi
-9.2782 frrundsfruhrsterstenfenichmenselbennihn
-9.2448 uwieseaufaustetteuenureffeinenwirimw
-9.4402 ltwengensfrauflichteinenaccfragenweinfa
-9.7821 fmernbliccllteinnleinerstenwiesetzthaftm
-8.7762 ureinergenwollermowohiederhalteteigerto
-7.9180 kelleinenhauunsergegenachtererschewe
-8.5370 fdemuhlteiheindiealsondiehendeindwa
-8.6600 nnderstendernnurmohnenwolfendenmichh
-9.3186 btderwahrwillgewirundwirsowurftinseinh
-9.3568 tlcorabenwirandemwesetwassderfliegenstm
-8.5331 tderkleineszwarfenunftenmithindesendesdurco
-9.0819 nsowarstenwirweifensehersehrenndinnsthindmf
-10.5546 mtdernstwillfrgstwirndfranszensernbl
-10.7119 lsfrrnsvernnunsherrnsmussmungmehrerwierteuc
-8.6111 ntwirderstwasstmehrstundenntnichellschtf
-9.3368 tunteinsowohlemwennteffelchofundsolltederh
-8.5158 ciumaufindassingefenwaseindasseinerwa
-8.5753 menkenthetriffenderezusteheinemwiedenhaa
-9.1964 arcesiedeffintelbenzipderdendesteno
-8.4313 nnenthaftanddasszenundemfenabenindenicheinmusl
-9.0237 cltigfangebertwordenndallgenwahrenwiehunte
-8.0767 oscheinerungenallendassenunftezusunseileum
-9.7733 glffsdenndessehrwirnunsehrwinnsinnmehrh
-8.5100 ahrundsatzuseildeffedereihenundererato
-8.2833 ufmerderundermalleineraumeineuenkelh
-10.1272 lungenworeinunwirngfolgdernwerderfrrnvh
-7.8741 weisteinterfenderscheineauchdieleicz
-9.0059 istunkonnentlermeinerforturzureilistdir
-10.3393 ffsvernfurfenwirkensfraffendernstrinnmrl
-8.7338 fuhlespiegriffendenkalitanfahreinerweif
-9.6675 wfswirblossfurdingsterstwennerwisscm
-8.4813 tionderleinwendenwieinommenfiellerm
-8.6993 useinewiesendiefesolutehtwehrunderur
-8.5085 rfdiedesindendasserkeineffikternunfuhl
-8.5572 ftheinercendereinunfursingendeinmittesm
-10.0695 ndertwechtschriffillwelconddabgrundernallwl
-8.6850 iroderandieandiealleiheitunkenvorbringtensw
-9.0794 hhinderweithafterfuhrnunftswendannfr
-9.0685 hrmennweltstundendencasundweihrunstehtderef
-8.3657 uliefrausstwirkunftenderleinderflusseinz
-8.1064 genmalstreffenderersterwarereinfallendeste
-8.2498 catwenderspondersterhauseinherundesve
-9.7646 bnntreffennthrherrtdemfinderstersinnemgl
-7.7643 heitandeinubereineffenersteheinundw
-8.5887 unenunmussenwenntwerschandinzipihrzugenscherdr
-9.2843 tanderankenmalerformaneinwelcafangeinvergi
-8.7920 nwillernochenwesenwordenzumszenthausamenso
-9.1549 wennehatteffeinemfrichtmandurfahrgemalw
-8.6023 iffeinurdieseleindiemodiefortegenthauu
-10.3443 nmussdrossennstwehmennwollsgrrndannz
-9.2346 lfenschungnzschransszenschalscherenunsz
-8.4234 hwillenwerdiefindiemalegehenwollenuh
-8.9199 rmeinweltenensondiehormusseigenwirsaffr
-9.0307 hltersinderstmirsfurkranglandenwendeffib
-8.3124 dennichtaufterkenstehenhinderfehlendasu
