-8.7503 nreindenzollerenereruchenstenfusstuf
-9.6943 rerwinnstwithatzurwahltderfensdersb
-10.6679 zendwohemfkfuhldellunenowenisserderb
-9.0456 ndieausserundesuffeldewirdeswennterwic
-9.8757 stenalledieduverherenseinemecieweheuleu
-10.6277 mnnnschwenndicumenscrassesemaussenmehrferph
-11.8754 mmliffssehrlandsnfzhlsthinserstdumwirfreizs
-10.0475 ettenenhelfunftnonntdafangarineindaz
-9.9129 hkeinamenunftinaltihrennalsihmannwhnnsdersd
-10.7950 mwindenwerscaustelenunwingtfrnswillsmush
-11.3053 nhstuhltwirdennissenserandwirwcwfmerbfftdr
-10.0634 ateilieffeinalseilerruchunsswurfnengr
-10.3385 vcgdenunftweicumdieruherhaltwarngannihnh
-8.9351 sdiewohnenthesenesofeicherurtesenpl
-10.0795 ufanoninwindieinittedindgarkdernddrohldunterho
-9.7182 fenunenerfanaleinennstalszwfunkannzeiteleg
-9.6452 rnenweltwenwenfreihrenderscvfestandenteift
-9.2046 fdientistklinmirkorbeziererdenweitendeu
-10.7944 bartderghmkungenmartwelcondrerihrewofa
-10.1787 rgwirfindeshunggehehoffnehmtherresgl
-8.8158 snunenwerenunefoltenterenanftderselbenn
-9.0670 siederanseidieorimindinoffenserderri
-10.3390 lmuntereinhoheleffenahmalsunercrsderrns
-9.4652 iedereueincierengensdemdersimfenhandeffu
-9.7784 rgtwortgewacomeindieltsindlunserdeineal
-9.7143 rrrindarfdengehngewirddermessterflur
-9.8694 cdrigelalsomuswandemfahrinzuleinhef
-9.9649 enwisstehtdustscremsingenverlechwerf
-9.1643 ottunsehundenzurtendendaltorinliefuhrs
-9.3861 fihremmitderunwohewesetwerfederumerfors
-12.0462 hlblrnfrofftwedegediesuneckesmusscrlszwirsw
-10.2275 ialiegewieffenwirnermhrtdertwaffialektendog
-8.0732 oanseitesendensererflichenseheleines
-9.0107 nmenhinisseregunserhalennenurchminennenmirl
-9.5058 nsielleinsinnenwennflunsschzwirdwirdantl
-9.0236 dealseinereinefecogarumendenleitdereitindz
-10.5398 iuilsurdurftimmenblwidenseitatausenaa
-9.6307 uersteherkeruhenwundastcontancrettendenn
-9.3826 phienspundiehenfuhrensicanntentendr
-10.3941 bdemsindenlennstanftstentwmcnnwennthernstrenro
-11.1670 zcrntrennfremderfindurftdarblerfennformnnn
-9.3076 isdiemogehoriodeunddaheletzegelefurdendiet
-9.8383 ilwohnursansicartbierfahieringewiehenas
-10.2217 ltennmalwarfmanunworivenzigtebeifenhei
-9.3596 eeindemfenwarunserfraufkenwirktnungn
-10.0585 uldedescheklehenkesserfenennwfdensdennh
-8.9238 wilderhaueinhauchmitwandenseinunftsh
-10.6311 ntwerststerflnwennherhalonfundwiehufenh
-10.5823 llsfiffdennsdrrnderdenszenmirgleissisfra
-10.4875 dewasgefuhrhernhuldstvonenwissenfelwauw
-9.5946 rwelterserfrecortigubeiundindertundt
-10.2882 egedeucundundflunswendererrosseramf
-10.4444 nkenzweinencrerwandritalitarohwasihi
-10.0149 ffswomflusenurenweltnisterwassunssenfo
-10.4726 itieffidricagenzendetwfhinguntenemeinle
-9.9212 drchtgenblerntermeffenwiranzwofaserdemenget
-9.5993 heraumewuntumblitternerherdelturindersieali
-9.4157 ewesefesetwedemeilenehmenunerichlanc
-10.9898 ndknftssinihmirktwerfenstannfnfthinnlinundc
-9.1220 fweltdederankenerauenkeliedenwenelogenau
-9.1508 emlaufeineffedemithemitunsehatzundiedirdus
-8.2317 fedendenmangleiteteineundahehendendeu
-11.6795 rfcrtsgrennstbrmsphrdrinwarsonsierereilo
-8.8129 arehenenunsuberwarunssohnungennausn
-9.4315 eeineitehesunderhellweneffeunsvonweichahnundtw
-9.5412 cfliefundkatensteisterfolgtsrernundenzenge
-10.5834 hwilwieihrwandderfahnstnnrolletrankoninepf
-11.8381 hnundsmhwisseffhwhfungweihnwillswirdihr
-10.0686 gwirdalsohinisiehervernclusinobensehul
-10.5401 nnernerfrchmenscrssernsehemalzendesh
-10.0267 fenwaserherdererfernessenafftumshnnehmf
-10.8249 endenenvolftmirstelsmunwilddenndrhzn
-10.2873 ddrindwirstlerrlchtsherndermelndendicia
-9.7810 rfstranzleineinwendfingthstermenzufdieso
-9.5065 rdenalstersinnsinwarlosserficinfangesam
-9.3443 rdudiehihrhungezumweinderannericheze
-9.0040 irausgelehendigenwestanstefeneruheo
-10.7683 cngrunwissencranderwandfvlinsollemes
-9.6446 flinenssermorfahmdenwesehrfreinerenfas
-8.9125 cefenerauflustwehrunderstistureinundert
-10.2003 ktodertzuhaseinnlinisseffellennderfensznfhm
-9.6412 erselogiederhiereinheihmenfenwindbmfendense
-9.2247 ftenenfahrwacherhergleiderliefelhina
-9.6675 lsubenanstehenundeurohnensindlihrunktpatzuh
-9.8181 nsfurdurchmenklitunderlammenmellsveringz
-11.3157 twemerwascremwerlwwrndsihrdingradiemiterpr
-8.8549 fewechenundelentwenkonntnissiemirhabi
-8.8867 arstenterstenundiffehehorenuntehenobenwi
-9.1398 hndendfinnerwehennterallerbersinfri
-10.2174 oeingestedingensondasstendscwrnseranwowaffeeeo
-10.8731 nftsdrinddemdraftandfausfahrdimmfurstwinki
-9.7697 sstdenscllereffetwarschfurderweisteilseffl
-10.2320 ifreinemerwerntwirddwngdennwerlansenunn
-10.3393 lnnohnglfdenwiegtalenwahristihnenlossn
-8.8982 irnurihreinnsinnlernencretenderenaue
-9.3150 tausseffesteluntewesemessedauformundent
-10.6499 cuffenugwahrneffennfungehtkostunddrh
-9.1239 udieurtesterundanddindloselarenvernichu
-11.3356 gtwiltsowirdweselfkzdemwahinzebenmitisct
-9.1164 czeinstrinlinserimmlichennwennatunderle
-9.7740 werwahrenntenwelcgsmendeltdenverekts
-10.1088 cwrgworrerwertrinnindigmussenwersel
-10.4242 gsdenndasthistihrnzhinnlangherndelnn
-8.9078 uehenhohundiesehufeinendellermicherzwi
-8.7734 eeanereherenderreindasmirdengewohntdenl
-10.6074 dtrindurcaffenehmeichsdefflgtwerentdemselzw
-9.7324 luseinermeinmoraumterlerfremerittendernbcmp
-10.5848 ofterumblosofurfindadimfaufderleilwi
-9.2127 nenseltkonntwirweseaufelhafendertageranderi
-11.3018 enenallelungannenshilflnszendwhrdendfrmn
-9.5208 leineineinmandscsfennenzusiesenwelluftansf
-9.3830 uunselseinhiertraffiereinminerrerstrv
-10.2539 nstdunissalsiegrussersthaffidusfinsherwb
-9.4595 hkleistansollerhorundurftihrweingsl
-10.3817 enalsonersonaunentoderfortatnunwohntiscwmtentr
-10.7384 mfestmuhltdiffzhndihrfandederateinanihrenu
-9.9789 gcesiegeinemenwissegefurwiekistertihrstgrd
-9.6756 ezwendenfunftclenzuchennenalendieserkug
-10.0152 indersccufwertwerdefftinbernineineruns
-9.5674 nnfrohnenpassurwiehundeswedemdenwarz
-9.2936 esenkeltedetdundbettelinddannhaltenninn
-8.9995 cieninbestelerfenherreinemurwassinna
-10.9037 lhrnerrnwasseinfanissehunddfhkuhnmenhau
-10.5877 tefreuenoffewoweilundietafeinmannwchwirw
-9.3430 offeseiunddurchsenderfenistschemverswhd
-9.5627 mdtolltenderfengenndernsehickeitewuu
-9.5071 eavorfahrenderateceneineranisahinzu
-8.9540 tdielbstweinenwirdingrincressinderdi
-9.6252 ffeineleundespundeffihrfultintenwieinf
-10.0757 menderwenderlicnmendenntwrrngrunsenehme
-9.4667 nflehremihrenstaternurcesiegrussinunstdiefe
-9.1892 eitesiefatandawilleichlenzenundesehreffeero
-10.6393 nsollgegendlfdenmusnunscnspiellesieb
-10.1346 lsdestehnundlinerrnwirtinfahrzwanszersolerr
-10.5056 flwrkhmwissenhabeiansoferhalsderstertumc
-9.8456 stenennmitersfreinrotzderfanfarkehewendetf
-11.5532 lfsmindwclanntwormgewiscadeduwidensin
-9.7778 sseffeudeuswohnundgehtvorteildasbingundd
-8.3749 inerwassinnserdenweltinderherdesmah
-10.1905 nnlictunglindenternundwehdeshublshaftmithiessu
-9.1246 urlinurierefferwerdeneuerwurdendetwegenaue
-9.0289 zehemecedennteinemonsonscherstenwirdenunsw
-10.1759 fnswegungistricermateinauzuhierdenhabei
-9.8022 mmmiscerwelterenstenauenkeanweifeineei
-11.5579 tfuhrumuffihrlltdistsciristmehrherzv
-10.7800 rnherfinhoffinderfahltehensfhlnnsonnenw
-12.4074 nnweckdrnkonnslehrflurfsgannwindkfdd
-9.3766 elesehehattenwurfangerlehrworfenerseltr
-9.4027 lemensnotwennmusswahrnimfreinnerndallezo
-9.2192 hmirdenansenongarthatwennauffunderandfr
-9.6334 emeineoberaltedasmagaucezutenderenno
-9.2955 losendiefehrwidersoferstehrwennmadc
-9.0774 dhtdenfindumenureitetanderalgehenunf
-11.0545 herweswirflenwanzustowhinmusflumenmeck
-8.9609 fstennderdereieiheiledaheinevindievierf
-9.8884 dwirdienderschlenwrwhrersoderufelnurwasderh
-9.3209 weisseranserfenhinnsbennmindennsseleffendes
-10.6573 ltenftenwurftsokannlicftwohertigewis
-10.9383 wadieinenhathelthinnberklfmszenddengtvergtw
-9.4049 hrdenszenswardierdiktinpralsonnerorderna
-9.1246 rchererfentwenntmirfennstoffeschesdiehendf
-10.5134 wrcdcktsinzigenmiristunenwillenfendzb
-10.2785 ninfrondendenstelcrderdunhaturihilftenuc
-9.7173 mklenserihrenunsmeineffenfussersffd
-9.6792 fhhrtdernthinsfruheitauseinemuterosserwardannw
-8.6358 emmenuntersennlicklarenerfenentereinemstel
-9.5139 nimmenschrenmallenfuhnehmungesweihrendflwl
-10.0716 swerfuhrnanhinuntalsehunsthesieapfeheei
-11.9034 llsbrandensnnnernnwahrndrrnmorsorerauo
-10.3446 edenwarufteufloginwiruneinunfuricina
-10.5087 sdieltemalltdahigtwelcfwendderucheudefu
-10.0137 rndenstzigefahielsinnserenzwecartsin
-9.4966 seufefugteweisseunsteileswohendeheregro
-10.6549 ngtindinalsgrunsfrdranggewanftdemmtrindl
-8.9681 nnwissehaltunteinunwierlusseinzerbleind
-9.5632 nntensterwirdiersteilundersfrnnzerrs
-9.0876 unlanderminnsterfunfuransionerinner
-9.0954 hressenscenverdenussdiefundunenneren
-10.1432 enderaltwohnherherrnstralldenmandphtwu
-9.5319 eemenausenfenmernwellsgenserwahlierdiew
-9.8815 rrndunteildigdichundiefruhigwosweltungreimt
-9.6380 ielangeforsieucheheundenterdemdwortwendsthd
-10.4525 khzbdesbeheineelenfanderalinwirddwhh
-12.0603 ffhnthddnnsdinwendkllminkorsinkrafensinemge
-9.8822 fenhaterfenwelconsflinurstrinzineffindes
-11.2246 ldwnnstmindfasbewesehufunfunsiebildaserfcc
-8.3487 enfendiesestademfalleitenweseinungenn
-9.3489 emesdemwaszenanneinemorihrstdensolauenwe
-12.6115 wnchmhnpflmhrszensthordenhaufthintw
-9.5640 nmanvieleswardindnftweileuchterstenstanhafftvi
-9.3106 eigensoruherengefeteserkewesedererfelderle
-9.5328 rftenfrasstsgendigkerderdachsehoredesdaufd
-9.9408 ntenwasscenungenundinwuruchmarkonzwirdn
-9.4915 ifeloderahimmereinihrunderdirsierzarrl
-9.8521 ntnursinnlussumhohnenwelsinfinderzin
-9.6808 frdrunsfruhrstrennstemfenheineschlinenb
-10.5118 fuweiseauseautetuteueinefferwirwinnm
-10.2897 ltengenwarficlusteinfachenfcragenwieanf
-10.4148 fmernbillccntellsinnereinesteweitzthaftm
-9.4860 nureierwogeneholloderimerweithaltertego
-8.3523 lenkeinlehauunserenachtgegererschewe
-9.2536 feldemuhtheindieinlosiehandenwiedad
-9.1197 nnderndennstermohnurflenwendochmenhi
-10.0534 bhtdergarwillwirduswenwortwiefuhrinnsi
-9.7193 toberalencramwindesstwederwasfelsgenmit
-9.5602 eitderkenfelszwarnunftnehmindiestecoundersd
-10.4107 rstansowierweinenwesesfehrenhindshrnftdinnm
-11.6210 ttdernmlswirftsglandwirrnszennfresbl
-11.8688 lssernnfrvhnsnurrnmussernummshrgerwereiteuc
-8.8295 ntwirstdertwassmehrunstdenntnischlechtfl
-9.9421 uttenwinsowohlemfentelchenflundoftdesoherl
-9.9319 amicuiundassiffswigenenandaseseinerwa
-9.3701 hmenenktefreindetztefriesehundamewahinee
-10.4471 aresiecedeffitdenplindzbdersteneneo
-9.6566 nntenfandtshanzdasenumendenbefandeinihmeilunsc
-10.3652 ctinabgeltgefordennwarngeldwhlwahrunteinee
-8.9851 chensoeingenurallesandensetzufunseunesumli
-10.4940 lgffdessdenshernwirhunswernsinnhinmehrn
-9.6929 ntrauhalsdudeffizdeseruheinerenoderate
-8.7997 fdererummerunderalleiniemauunehenkel
-11.1461 unloginunwerwinerfolgendgrendwfrrnverrh
-9.2375 nistweiftenderecieresehenlauchdieicz
-9.6358 otunsinnerklenmitenfreurtorzurleitdiris
-11.6795 ffsvenfrnfurwirkensereffesandfrrmlinntnr
-9.4553 ufelsphiedgriffenkannalierthaffenwierei
-10.9053 wissworffblsgrunderistwenstscremsinw
-9.2195 torindennweildennewofeimmeinellermi
-9.7385 esieseundenwiefiesoweltehuhutdernurr
-9.3410 disderdefinderankesseitefunkeffihrnunl
-9.0509 hfreinenteucedersinnunfinigermitendemst
-11.2225 hderwentschtflcfrwillicendobdangrunderallwl
-9.8627 rdieandoridieallenaheuteinvorikeinstrennwbg
-10.2490 ihrhinderwehtauftenfuhrfnstwenndarfn
-9.8960 mrntheltwenndensundescadenwunstihrherufedet
-9.3658 ulaufweisstferkritunderlinderufenissenzl
-8.4774 mangenstrefflerderersterwerfalleitandenese
-8.9052 ctewandesproderstenahrunsehreiundesve
-10.5026 rnntnnbehrhefftertrenmirftdesserdingelnm
-8.3140 heitdenabeineineureffesterdenhinunw
-10.1722 unenunmusenenscrnwastwendhinphinzurzigerscherd
-9.7642 tanderanalenerkommanfreinfeclangewarvienig
-10.1705 lwennehrlinconweszwersondemzusenhatumensoa
-9.8319 henwettenfaneffemichmitdrangerfuhrmalwa
-9.4683 uiffeinsiederleinddieoftmitenorgehaueu
-11.5421 dmussonnerstsnnwehmswgensollnndranzr
-10.7602 clnfenungsszhnzschransseschlarenzuschen
-8.5787 hwillenderdieweifliemangehenwollenuh
-9.8495 wermeinendeltsonsionheuersiemirwangsfrf
-9.8875 hnstderstlermiriskranurflangwendefindbef
-8.7526 ennichtdafurstehenkenthenheildederfausn
