-8.1392 fdienvondentherflichkeitderalleserwu
-8.3523 rungundentallenserfunftfurdasstderf
-8.4926 csfurdererfluchdenundwendassenschfuh
-10.0635 casanderenfraufenwochimmtwaffemmtettcf
-8.6947 dundallerholleunstehenemeinemwiealiesei
-8.8341 mderstrensonnterfurderrlichselbsinsohnunktw
-8.2966 sgansicheinmoglinwordenswirhabernungenwenns
-8.8968 ekleinesonderzuffallenstecenenderauw
-8.9877 hsteffindernzwisserhauffursprindohnurdersac
-9.0060 hsehenwendemoffnunftinktistestetwederufe
-7.9443 erundersehendiesenaturwennstimmendinschabh
-8.6959 fberzendennterwahrhersteihmhaufdingel
-8.8121 aftdievoneitunganzwegenmalswelltentherun
-7.8510 deineitenwelchenlassererwieseinemfo
-10.0610 lingaufuhrthalsderstenenflinstminnstanszwllsdr
-7.9205 pderrlichweistfureinihreinnlicheneineinunf
-8.9620 ngstengensehrenwindwahlungendalsammenwofub
-7.9552 minundsahrungestanzenberfreinendereingt
-8.9043 zdersinihrenstseinderwogehtkeimmtwendz
-8.7363 iorineroffensereinerschelltheruhtunw
-8.2476 ofurenweinenwerwisstecklinderenderseinh
-8.5147 annandiealitalloffallendermenderersu
-8.0272 zweitenkennendenmungenwirsinerfreisserd
-9.4417 fildarfinderfurmirnnunvernehmtherdennsts
-8.3479 affenwiderdendermoderstigenwirwirenwirh
