-9.6508 feindvonftehendihrlickeraltedeleswur
-9.6281 egrundannuntellenfrsfurdufterstdasf
-9.6813 scuferderfrechlundenwussenunddaschhf
-11.2926 andescarenauferfochnimmtwaffmmtwettefc
-9.5058 dlundhoralleunenlestemmeinhiewiealiesee
-9.4734 mderstersonnternurfderrlsblichnissenwohntuk
-9.3148 sangeschinwidmoglinwirbersohannerungeswennn
-9.7612 ikelesonderzualtenescffenelanderenwu
-10.2370 fthesinwendfihrzusersfurspfandihrsordernauc
-10.2541 hwendensehnumfenoffinktistetttfurwesedee
-8.3012 erunderdesseinherauenwennstimmtendabinschh
-9.6844 fbrenzentderhantherherwehmfausindiegl
-9.4207 aftedievonatinungenzwasgeweltmullehrennt
-7.8596 dieinentwelchesalseinerwesereinemfo
-10.9417 lingfuhrtalsausehendentrinftlinnstmllswassdrnz
-9.4585 pcderrlistewiruhinfieihreinennlichenuneinf
-9.3102 ngstennsehrgenwehwindnungalsdemmalbenaufwo
-8.4629 mirnundhausstenangeberzennerfreindingte
-10.4954 szderrinnisserenheithodewiegtwkmmtendz
-9.4315 ireineforsofereinenerschluhtruhlentw
-8.9702 ofenunwirwenweseristickdererselndenhein
-8.6862 andeinanalitalloffallendermenserderu
-8.2538 tzenkenweinenmenwendingrunserfreisserdi
-10.5444 firalindemrundfrfreinentrundvhrnehmensts
-8.5576 affeindwenderdesdermortigenwirwirwenihr
