w1=2 w2=2  IDP z max 0.4  meilleur clair (quadrigrammes) -14.261 : ndeaonaacssaudrtoagiarslptjfmgtaourrelsapapemniafarezietcadteebneauoorsavonioarsoirentoeri
w1=3 w2=2  IDP z max 1.0  meilleur clair (quadrigrammes) -14.679 : teeinntafaovnsieceorcauaagarouiscoamsjfapietcimaerltogrsgiernprspeainimefrltfehennzaedduca
w1=4 w2=2  IDP z max 0.5  meilleur clair (quadrigrammes) -14.141 : ondireaenontoaaercsiesartudsmrtnioaiigiapartfslfeptnrjfhfmguntaeiounvrrecelsesanapalapescm
w1=5 w2=2  IDP z max -nan  meilleur clair (quadrigrammes) -13.584 : aeruminueffaasitolochsenancavlerarguunogegerrnoaornstoesainnsjteelparlatnmermetntroiasoaid
w1=6 w2=2  IDP z max 1.1  meilleur clair (quadrigrammes) -13.348 : ehfnatcunenadeioatenvasebeccanesesdaunautoolararsscoiavrugronafaliosmstartcpfsonijgirolmae
w1=7 w2=2  IDP z max 1.0  meilleur clair (quadrigrammes) -13.462 : attainsofmgfenigigrolaairzassuprecrirfncsaeleedustarlerteafeboniennegornieuaasavdosbnacasp
w1=8 w2=2  IDP z max -nan  meilleur clair (quadrigrammes) -13.545 : eaapreseaadponliauaioaaencnmnortemarestrafsfrcsititemronicdztunstaidigbaalacioainglbfsrfeg
w1=9 w2=2  IDP z max 1.0  meilleur clair (quadrigrammes) -13.302 : sanienarielftnvrrnprvaartespfinoosnaiteesroeimacoconlfrgaarobetfraaunanheuurgeranzaciorade
w1=10 w2=2  IDP z max 1.2  meilleur clair (quadrigrammes) -12.849 : fnsoiiueadmetriaruoaconeptlorniaosffasaalcapenavosasbprheniaguamfunoadgrrinearstroafinaoia
w1=11 w2=2  IDP z max 1.0  meilleur clair (quadrigrammes) -12.656 : rdfesianimcritnoeneorbeahancersoenlnobaamasueresaatteeelfucruiiipseteractieponanuemaftinag
w1=12 w2=2  IDP z max 1.0  meilleur clair (quadrigrammes) -12.477 : eznondafeatindeobalvigmtacunangierraobeeragetuonsenrasrcrasecunmetraileorestadeanepaussifi
w1=13 w2=2  IDP z max 1.0  meilleur clair (quadrigrammes) -12.301 : fpleredbecornptenizianmaoermaandarnfarleraosclasiroenonsabrescionfseciefalaonavearfutfalse
w1=14 w2=2  IDP z max 1.0  meilleur clair (quadrigrammes) -12.358 : vdonaapasettiacasebajonsfmfgenvoaemiingirgaanaritaalaizrasocatostsupercarsearifrrfcnudouot
w1=15 w2=2  IDP z max 0.9  meilleur clair (quadrigrammes) -12.396 : uesoasapetmersnenasitrinifnusesejafdamftiaalrolpetiervacolamnetihaafinasertvnmenlfeeelcati
w1=16 w2=2  IDP z max -nan  meilleur clair (quadrigrammes) -12.253 : efalbgrasprefensaparegadapontielarufureajioaheoanecteranpmnontarenmasefatreserataffgonosmf
w1=2 w2=3  IDP z max 1.2  meilleur clair (quadrigrammes) -14.505 : nenfatoaviencsecaouraaraogucoiasmfaspjiciemtalteorggiresrrsnppeniamieltffrennhzeaduecdanne
w1=3 w2=3  IDP z max 1.2  meilleur clair (quadrigrammes) -14.783 : nvrasrnlpoonennvficoaaalearunfranareorhoaduadateaonmebpieiusiaumpntddaesoesieagtnefasarrtr
w1=4 w2=3  IDP z max 1.5  meilleur clair (quadrigrammes) -13.936 : aeiezeneutndafadcavennonaiebesensocstcaueraslaudiarsoguarioalconvsmtssarffarojioneptacirot
w1=5 w2=3  IDP z max 1.7  meilleur clair (quadrigrammes) -13.492 : sprissinnufeansjmaadetrvsceaoatfeeaentenlaoctrzaarruiargauuoscertnnpurradobpetogasemontear
w1=6 w2=3  IDP z max 1.6  meilleur clair (quadrigrammes) -13.885 : giaitirraneesvnnfrrlratsnstoapporvienftenianocsmiorecelagaotfaburfrnoaaenruranharogzereuca
w1=7 w2=3  IDP z max 1.4  meilleur clair (quadrigrammes) -13.289 : raaanainlertaaiinattonfacratonegoegarsigievhtfroicdosbareelsuppeeicousunvjreeadrelemaelled
w1=8 w2=3  IDP z max 1.9  meilleur clair (quadrigrammes) -13.368 : azhcfdrrindjotnomaeenfigicelaenrauntntoboadeaiauteegravognsrrncreabracelienraseersdstouept
w1=9 w2=3  IDP z max 1.8  meilleur clair (quadrigrammes) -12.714 : bfveinpsaoelbaniraunssuaingrzonpompceafuevanilunddetasecosecoifmaasteglsanaaeaifjfenafuerc
w1=10 w2=3  IDP z max 1.6  meilleur clair (quadrigrammes) -12.925 : fuerunamiesrtadniamfjelrsalpetcloasofitaeeiaavrifitmrtaenmenlavenchansefloreetzcrisitadoao
w1=11 w2=3  IDP z max 1.6  meilleur clair (quadrigrammes) -12.646 : socturrorsicialonsfeanoaneahpnlanruermeeoenaapagadiamroaesrpemaatvgdesidenfrecetrintritcit
w1=12 w2=3  IDP z max 1.3  meilleur clair (quadrigrammes) -12.472 : rrgoadnargrinherstacaruvidilafcgararnerereuitroloepentafasmoansatiesenpsvdemtansinafcemfrn
w1=13 w2=3  IDP z max 1.3  meilleur clair (quadrigrammes) -12.373 : uijoaalsteuneoneinriorleanoncrinocrmpzbmatefarrofdunaveslalatatasaolerrvariecuierphasgbuen
w1=14 w2=3  IDP z max 1.8  meilleur clair (quadrigrammes) -12.282 : tetuenetrasnimrlernameaafintrmeubetlegofngoftonsertinlaotafostfrocarviriamuengasohorbunasl
w1=15 w2=3  IDP z max 1.8  meilleur clair (quadrigrammes) -12.405 : lnnipunariiraeridafsarcramopanvurseahurnigumirsrsmodascarefnlaacireensobenoosajeuennotudia
w1=16 w2=3  IDP z max 0.7  meilleur clair (quadrigrammes) -12.200 : mzsnonttricuetdiaapproelaneadesifuengafoantreosmiciabatigalodiaanamionarcoeunaatuneluriviv
w1=2 w2=4  IDP z max 2.4  meilleur clair (quadrigrammes) -14.517 : reideaonoatneanoesisrarcmrsdnttuigiaaiiofstrflparjnthfepntugeafmvrnuerioesslnaceaplaseapui
w1=3 w2=4  IDP z max 1.8  meilleur clair (quadrigrammes) -14.069 : znetnnifadedcuatvoaiabenensnececaunsesroauaatssdolgauorcinaavrsimaoflrtrosjsipacfrotonteam
w1=4 w2=4  IDP z max -nan  meilleur clair (quadrigrammes) -14.244 : aidleeasponapreantnraeaamnocioauaisseratfrcfresmisdntntoztucemriaiaataibcioldigaetranflrep
w1=5 w2=4  IDP z max 1.6  meilleur clair (quadrigrammes) -14.068 : oataruemirenfioadsiuaaofasaifsoocpernntliabhensarpvcleposanastrearrgniougfmadauneieeergrvr
w1=6 w2=4  IDP z max 3.0  meilleur clair (quadrigrammes) -13.392 : zfchrettononitnneadmafidcaleoatgbunoaraveabogitnergeesnurnrcesaerauercisearnmrolestuapaant
w1=7 w2=4  IDP z max 1.9  meilleur clair (quadrigrammes) -13.468 : rlivdlosaaentstbasepamafcajongrenfvigenognirilamiiazaataareasaotrtscurpearsosfoccarifndudr
w1=8 w2=4  IDP z max 0.7  meilleur clair (quadrigrammes) -13.237 : nfearsleetidalrabfregaspepongaapoheaeafaantnartnuroarujieenorcpmaeraftaeruisosgasnesemtrof
w1=9 w2=4  IDP z max 2.2  meilleur clair (quadrigrammes) -12.901 : nternisaafinivaerredamisarmucdtoalefvtanrlpatiaosorpesebaisjenineniapafcensarfiooceciotmen
w1=10 w2=4  IDP z max 2.8  meilleur clair (quadrigrammes) -13.118 : oeaeereaitandiauaiasuverrrrigmeinoforiofanaetafflorsntilotrnseaoesefsioconzenpacisarteuhfb
w1=11 w2=4  IDP z max 2.0  meilleur clair (quadrigrammes) -12.704 : pnmtresittefvadecimeantiggancarbaroroesonrederoinanrinahorafaafmeonsusosletuanasaelbanenfr
w1=12 w2=4  IDP z max 1.5  meilleur clair (quadrigrammes) -12.715 : unhomfielirpodfinmonaetaoeuriglostopraneitaeccaesoeniaafragmanitaobludinvanopuguataioavetr
w1=13 w2=4  IDP z max 1.7  meilleur clair (quadrigrammes) -12.410 : fteruiavefneeepedrranotuadefiucalinpapnitrtaobeffeaazgrgmsgeeropatmmasrasunsendasofigcleri
w1=14 w2=4  IDP z max 1.7  meilleur clair (quadrigrammes) -12.316 : flamavnrrictuatanienefundurohaenonopatartserdercujemndfrrgafieltsseimingoresealabosveaaans
w1=15 w2=4  IDP z max 1.9  meilleur clair (quadrigrammes) -12.096 : ntsrelisenemedleitepatcavounascamupredoanruealifengztusiruntsinnagarerroenfatofiaturoellaj
w1=16 w2=4  IDP z max 1.8  meilleur clair (quadrigrammes) -12.143 : sfesertnlnmseeraaporpaguaessoignafriptresbotungeltivazoirecultadahenaervfoiremeacenomiunpe
w1=2 w2=5  IDP z max 1.4  meilleur clair (quadrigrammes) -14.418 : eienufmuaratoolcisfasnvcalanheruounggreagnooarrreessnaineontjlrpaleesttrtmenemanrsioadaito
w1=3 w2=5  IDP z max 2.7  meilleur clair (quadrigrammes) -13.893 : iinsunaninrjmfestrdssaoavatfceentanaoceeerzlaeuirrtuuaaascgarnptrodorueperansegobeaomtient
w1=4 w2=5  IDP z max 4.3  meilleur clair (quadrigrammes) -14.066 : esrimiaueoinudafaotranstifasoepolnrcfaoasapnaranvpecasolhiberaiugntromfundagesragarnrvirof
w1=5 w2=5  IDP z max 2.0  meilleur clair (quadrigrammes) -13.456 : ptrvfaperioeoorpngenbrazuengecamettamouaidrrorsicsfosaltongniindernencenaeniajugiesuutfrea
w1=6 w2=5  IDP z max 2.2  meilleur clair (quadrigrammes) -13.276 : ssonsunabmiiintennntieafeefumrjlaadsrpristaliavostroacemilfatrifantmeaenenlsecanevolaicaze
w1=7 w2=5  IDP z max 2.3  meilleur clair (quadrigrammes) -13.268 : rhariaztanortuaafsffreveturteranneateioticrnsaaidtgrlcinaoptsegagalofuiesentesadpeleornrlc
w1=8 w2=5  IDP z max 9.1  meilleur clair (quadrigrammes) -13.495 : rdaafiuaeoeereatrivruimansagireroofonieinnrictlrtaenaffoofeesliasnosteasaeznocoplstaliaoti
w1=9 w2=5  IDP z max 1.7  meilleur clair (quadrigrammes) -12.768 : naiaffnrusircuamaandeunamprantrivrsremlgrsnooracuchdonjseesniaesafdogoenevintospoeffuaroba
w1=10 w2=5  IDP z max 2.5  meilleur clair (quadrigrammes) -12.712 : rjlerenengoalmuzacurestegeplinatmuaorefepemaoratrootroresforbeninciasgfanaramftatioleundce
w1=11 w2=5  IDP z max 1.7  meilleur clair (quadrigrammes) -12.451 : cootestaaftugalgolesutrefcrnepanagiaeufpbviaueafuelafraenvianttacidssfranfesrnnharsmirotua
w1=12 w2=5  IDP z max 2.6  meilleur clair (quadrigrammes) -12.376 : trrvrrnacetelpesofounnapcazeduamasaresoninsegsiaudrgoiterartintosalfueoffmaracelurriaacens
w1=13 w2=5  IDP z max 2.4  meilleur clair (quadrigrammes) -12.319 : fmentrdegiacsonfarsucrustrlmarfonleradasnoiateuonoftasepragrafpuehiesineastraavozaelmuespi
w1=14 w2=5  IDP z max 2.9  meilleur clair (quadrigrammes) -12.253 : gperastoeninanelzfhadaofustemrravofsrarmecamurapuesendalenairranonfatuumregpintatveranciea
w1=15 w2=5  IDP z max 2.0  meilleur clair (quadrigrammes) -12.304 : triadeninprueedepunnonfelineofrarsfriocreeznuabnmasjllmigrgatefdeoesunieuriiotantsarmemaeb
w1=16 w2=5  IDP z max 2.1  meilleur clair (quadrigrammes) -12.364 : aotraludiasalafiapunjlesdsarngirfecorpeoavpiconiebrestaouhiteerevaareemifaranruiragnenlnsn
w1=2 w2=6  IDP z max 2.9  meilleur clair (quadrigrammes) -13.961 : ehrrtndzidnafenetuecanoaievdnnaeescacnebosseadutasaualroraoicausirgvoralftmnsssoatpfcoiren
w1=3 w2=6  IDP z max 3.4  meilleur clair (quadrigrammes) -13.562 : ageisininretvrfarnrralparsosptonitnvtesfiericnmnoacolegeraraotuafonfabnauegrerenoazarhcrdu
w1=4 w2=6  IDP z max 3.3  meilleur clair (quadrigrammes) -13.696 : ftgutiozaladneoaatonnmaeiruntabcegaboenasiesvorecslsngrearaucrrarsmdeeanapaloreernosunttgi
w1=5 w2=6  IDP z max 2.9  meilleur clair (quadrigrammes) -13.009 : eapoungactiniaseressneijetanisaamasvuffiarrplfeeedomttonelaasafinelhcletemrifaeacinrvoangt
w1=6 w2=6  IDP z max 3.0  meilleur clair (quadrigrammes) -13.476 : rlrnherarrrgovctnraiaddrlauicitsifarargoeperonereoftunalpensatmaesinsianesscemftavdemocnna
w1=7 w2=6  IDP z max 3.1  meilleur clair (quadrigrammes) -13.075 : ganeemlonoraofonfistruftonenctoguafiarglfeseareinaoostuhavasdiemigesaufnbrsnzssorruajaanof
w1=8 w2=6  IDP z max 2.5  meilleur clair (quadrigrammes) -13.016 : hfiegontuntoorpsatleoanadamiagionnenacescatiooireiafualinorunomnatgabuarbeofastvsvearfeaes
w1=9 w2=6  IDP z max 3.0  meilleur clair (quadrigrammes) -12.707 : rdramosemecomtgocetaafegiolingsaraafeebafiartnnajosrurnbopienaffeniirvaetarcarlanasuennrrh
w1=10 w2=6  IDP z max 2.3  meilleur clair (quadrigrammes) -12.443 : barhanepisasenlvapoconteelfesensiztronacrueartiamouendosiifartnegraisradfugonmauestdrfueja
w1=11 w2=6  IDP z max 3.0  meilleur clair (quadrigrammes) -12.690 : djtminanucioelfrvudrafuisepentogesitoscerrittlonnudirunlorprsefaozatoisoaolfrvefunenetphsa
w1=12 w2=6  IDP z max 3.4  meilleur clair (quadrigrammes) -12.421 : zarbiiaiingchgranmrcaoineuestavinoesacaseiamurredolenenepascuaanflltugracituatrafaruesetof
w1=13 w2=6  IDP z max 3.2  meilleur clair (quadrigrammes) -12.462 : tterjarriigaposseidegueuvebeelfcalunatrasifpemofeospolchenerenirarsoniblintofigiaetatspasr
w1=14 w2=6  IDP z max 3.9  meilleur clair (quadrigrammes) -12.374 : sserobemgfainmeinfraleujznficononertoinrefelisangarpepploatornofiadeurcaftustacedpdernareu
w1=15 w2=6  IDP z max 4.0  meilleur clair (quadrigrammes) -11.935 : ujonedetoorfobaiiubalarfrsfindaecaesegasplagrcmancitraretuatocredalevfarponsiasuvagnomenre
w1=16 w2=6  IDP z max 2.8  meilleur clair (quadrigrammes) -12.147 : trrveeenehictonarnpotamfenpseabrounigelutacidaelnessotruiztosunvarengafendemsaaroapesitpnd
w1=2 w2=7  IDP z max 3.6  meilleur clair (quadrigrammes) -13.412 : lgetmnntasorfigragiosirlaezsresufcaparidcenerlruteestbeeleganoofaniuernasnvabieassondajaep
w1=3 w2=7  IDP z max 3.8  meilleur clair (quadrigrammes) -13.397 : iaraaenrinatralaontierfggcesrtototonieviaaehsrfoloicibgudspepeedejecvresulrudnemaeatbetelo
w1=4 w2=7  IDP z max 3.6  meilleur clair (quadrigrammes) -13.533 : udadnltonenscrnapnavagisaftrseinafivamojaosemsgearriazgenassiapofictcaltoaraanetacufrsedar
w1=5 w2=7  IDP z max 3.3  meilleur clair (quadrigrammes) -13.192 : fvesteenfttruinhtnnauaicaotarsasearcorrgptariiestoeralgduceienpalrdatelongumtanplfnicesinr
w1=6 w2=7  IDP z max 3.4  meilleur clair (quadrigrammes) -12.930 : ieanrendarrualariltemanetmitaberaeasolrtnetmalteseantouffgrarnoesftfaogufoceinogrioeniongr
w1=7 w2=7  IDP z max 3.2  meilleur clair (quadrigrammes) -13.026 : trlpoiosseneectaunuedaaeadoanzbasviasfindprfnatjeinamoselreafalgiormoegrecabrocuopeliaiaun
w1=8 w2=7  IDP z max 4.0  meilleur clair (quadrigrammes) -12.669 : ufdaccuantlarseonoenanesarrnhfudpdnttirvaufietescnftoadrsueifeleanggrrevanmoelejasoseronma
w1=9 w2=7  IDP z max 3.5  meilleur clair (quadrigrammes) -12.474 : fpesaeapineenatrdadatartaesmcvtnlosznertinousplirsefeanengasalrumalaecefuetoporbrarriniter
w1=10 w2=7  IDP z max 3.3  meilleur clair (quadrigrammes) -12.599 : ctjaenhielmuslbaorogadeefnacgranelartateaunfrarsepasonnifanunneeatprneantreoeforomifuiunbu
w1=11 w2=7  IDP z max 3.5  meilleur clair (quadrigrammes) -12.561 : cnasaenunctrtfarenpanoftuoadudantoreselaszastandtmiraaueseelruermeegabnlpufirfonjtmolsatog
w1=12 w2=7  IDP z max 4.2  meilleur clair (quadrigrammes) -12.305 : dnialvesearamanmasbaletistaambsosfasuearlaezroiantramierguenninfeolfcelanotandospinnasrife
w1=13 w2=7  IDP z max 3.8  meilleur clair (quadrigrammes) -12.329 : pcflusfioasanenanedfrecienuartrenatreancaceesensagruemaebegautrnsaasolvintecialangerotthss
w1=14 w2=7  IDP z max 3.3  meilleur clair (quadrigrammes) -12.115 : eflenoutsacarsermerraarrannanteuiletanoneistedeucazfrmvaslosasinidopeabanauppistentadegear
w1=15 w2=7  IDP z max 3.6  meilleur clair (quadrigrammes) -12.218 : ranthepollutrmunafgeonaimencoparelubagrmltafatosefsaadesuinosfavijcfcreorsatareedazseeendr
w1=16 w2=7  IDP z max 3.4  meilleur clair (quadrigrammes) -11.729 : uvanligorioabilafnengroedacisamintoanciaetosaslatafponlilaraonemoeniirepenhadamadtuderscut
w1=2 w2=8  IDP z max -nan  meilleur clair (quadrigrammes) -14.540 : oailnpepradaesaenctromaiounneaaarfiscfsremsartaetcsnuzremidinottiliaocgdiaaaabitpgtaaesbfg
w1=3 w2=8  IDP z max 4.7  meilleur clair (quadrigrammes) -13.843 : frondepotnengezfaaeiatnlaobundmntveauaciageterogrernsborneralsecarniascramesduetoanaareate
w1=4 w2=8  IDP z max 3.4  meilleur clair (quadrigrammes) -14.267 : psebardesferpaneltiaafrgapogelanijauntnaaheempoerntaurorcenrafaortssagsrterffmcosuiomneeff
w1=5 w2=8  IDP z max 2.4  meilleur clair (quadrigrammes) -14.042 : iisanegrurrimrveateenofeodaaauaieoroifrittnosasessofieeefofnoazoenrirlaltaanpcncinaulsjdnp
w1=6 w2=8  IDP z max 4.3  meilleur clair (quadrigrammes) -12.954 : sntnaatthopemimelodifiennotaasocuraoiladsagdnemeiagocritenifiaoarvaaitalabraunaenonupgrnai
w1=7 w2=8  IDP z max 4.6  meilleur clair (quadrigrammes) -12.832 : efirdmissefcaunoentcvranhlnsunajauntropasstedfatedurerramuttbfcinereelavaunfegioegalolatem
w1=8 w2=8  IDP z max 3.0  meilleur clair (quadrigrammes) -12.961 : oipanusersapogageepsenmbaasfeaervultiozaltardicenrafrregunelaeonusmponneodcenuiremijaviuit
w1=9 w2=8  IDP z max 4.4  meilleur clair (quadrigrammes) -12.806 : urrirhsricnstepooaneaobjedoacrzanlagalcernoeimasnrfinfiniaaguepremloavirmstaeenolfsdtemunf
w1=10 w2=8  IDP z max 10.8  meilleur clair (quadrigrammes) -13.162 : uanilasiinerriaamreviofieteaaruehasbterevepopcfnconujgpdresroataaaadsulreialforidoutrantss
w1=11 w2=8  IDP z max 4.3  meilleur clair (quadrigrammes) -12.249 : amagaceerelardmflorciorttnsenunoviartlecomderiaahsifunnsigenazoiricaenesinaedeoeitlertadsi
w1=12 w2=8  IDP z max 3.9  meilleur clair (quadrigrammes) -12.399 : ltalaeccnjenunafrnonapaiusupoungoaamodeferigansenratioereflmvuerdazareafsinseeterupteifanc
w1=13 w2=8  IDP z max 4.0  meilleur clair (quadrigrammes) -12.015 : nhdefignetalrajensiarcobufupeamigusadeseenierntesciornomifasarlanoricosemasadoifrreautscar
w1=14 w2=8  IDP z max 4.4  meilleur clair (quadrigrammes) -12.236 : tptunfurpiafugaraneanisinarenpalaztuegueienhdoromeaitocecfloitsnlafsnorradeirapagnfraneson
w1=15 w2=8  IDP z max 4.2  meilleur clair (quadrigrammes) -12.238 : ielcacuaariluhrtifrebaporaalenidasolasoriertuzafafboaesiedurorpenarindonagvcnjmneerstacsao
w1=16 w2=8  IDP z max 4.0  meilleur clair (quadrigrammes) -11.781 : nngeseuparancoresoanabuperseunaroneergoataponcftgausigrasofradofieocuenazerdalvhitrerneeea
w1=2 w2=9  IDP z max 4.5  meilleur clair (quadrigrammes) -13.729 : tranerenrgasniivfltntopsaverrprasoifnaocmnseentireiocaofbufaraelgroatnarahrozaguanueernrca
w1=3 w2=9  IDP z max 5.4  meilleur clair (quadrigrammes) -13.063 : reriabrmtroeiernpognfvigsbannoairninsuelagomarszopupucaseetevaundafescoindcoelisffamaifegn
w1=4 w2=9  IDP z max 4.2  meilleur clair (quadrigrammes) -13.073 : liorzaaresrictargronueeregevefarienaasanctusantlftanstaonpenfrdomiessasenipaeomparifcnoljg
w1=5 w2=9  IDP z max 4.7  meilleur clair (quadrigrammes) -13.037 : annamauriardsnfrprmaoavoshunrnetrgsdeacerolefusosiasntnoapocaenfaagobjedvosdisuenteaetefeu
w1=6 w2=9  IDP z max 4.8  meilleur clair (quadrigrammes) -12.861 : rofseonmaciarbaforgelaneorojtasgrabeicafanloriaintunptnahenevfueatsrauuerantsavgntirpuenuf
w1=7 w2=9  IDP z max 4.5  meilleur clair (quadrigrammes) -12.683 : eaertpgdaivarrsaandelafssmicenenanzontaesesuulooagraseguialnscitrenimserfopreaatobearhlpit
w1=8 w2=9  IDP z max 4.9  meilleur clair (quadrigrammes) -12.486 : acitapugraacarimrantrnsteasumacosodrelartamabsecaftenviefeelavabendeancetupreinurrglonsftr
w1=9 w2=9  IDP z max 4.5  meilleur clair (quadrigrammes) -12.720 : thrsanenbraravemuenrrupadarponocepifealuscaestriefgejorngdninegirveolinasritefaltoenafunsr
w1=10 w2=9  IDP z max 4.2  meilleur clair (quadrigrammes) -12.241 : truracipsaaveofarmelinabaefilegrerrieboacrandegacimialrssnveerscontupurrizanatftnaperceaal
w1=11 w2=9  IDP z max 4.3  meilleur clair (quadrigrammes) -12.473 : ljoninegeaareeanatriazaffpafpoaburacrenicanmusassuremollerrertotesislvrosfstrefavtotndicon
w1=12 w2=9  IDP z max 4.3  meilleur clair (quadrigrammes) -12.237 : vgvatoaumistizppfafeaaceraneitaduentrefrabuadoffnloteratepjanienefroeieesfacrenetbagrunino
w1=13 w2=9  IDP z max 4.1  meilleur clair (quadrigrammes) -12.308 : rzbhefadoesrarcinfaltioetagenanjoeeteotrasrrnoofslfdieurtspelifamiliorevsantoensaracagamde
w1=14 w2=9  IDP z max 5.0  meilleur clair (quadrigrammes) -12.241 : lmnhriesatessapacartennrrcidasenomtepsginordfrientiramadopaesbidnpaueaveorirarueelamasangc
w1=15 w2=9  IDP z max 4.5  meilleur clair (quadrigrammes) -12.157 : ofcogaasuncflploraaesmpuezsamenresatovirleadinunifebnportanseastustrscuratnfdarbraremiraeg
w1=16 w2=9  IDP z max 4.0  meilleur clair (quadrigrammes) -11.707 : ciefengadabaeptalerernavdoainessmscedeusolaconieziguruevereentrastollafrecifigefermishipar
w1=2 w2=10  IDP z max 7.1  meilleur clair (quadrigrammes) -14.993 : dfauorreiutasionamiencrlaasafsofnteoaiposloaiepsrnbhanpcaaevdgansairnrreaumutgfoariaeergvr
w1=3 w2=10  IDP z max 5.1  meilleur clair (quadrigrammes) -12.500 : tpuobiepenarsaunfmasfaneltardntilertemoliajassiipecevariftaonramenefvntetonacamelaesslhirc
w1=4 w2=10  IDP z max 4.6  meilleur clair (quadrigrammes) -14.103 : eteardafoiierivueoernsaiaaiuraimoofngrrenoffnnrcnpcoofestaeasnotirtlealiaezosseasbuhlstlre
w1=5 w2=10  IDP z max 5.4  meilleur clair (quadrigrammes) -12.810 : euprlurfipgastruiaeeofofjrnioerebreguaznaescaempereleennarlmrfpitotarmocautrosuegortarsaco
w1=6 w2=10  IDP z max 5.1  meilleur clair (quadrigrammes) -13.175 : bosvilperhetiidcfcanieufinaumzdaaruentigeutltradajogntflonrarenotfmeseaisanucaarfasursanic
w1=7 w2=10  IDP z max 5.0  meilleur clair (quadrigrammes) -13.019 : emdrrencureaolermenghfiienociffnorsranreevuninsinteiaptgueemfsncuatanadiatonualemiagaafaas
w1=8 w2=10  IDP z max 12.4  meilleur clair (quadrigrammes) -13.654 : naveruriereterionualniasafiermaahueseabtaiiaauoaltalrfsdvairoeeiccfponposdrjgeprruemosnfan
w1=9 w2=10  IDP z max 5.3  meilleur clair (quadrigrammes) -12.757 : gonnpiatinnmnbifarraneprofueftiaenifunessfedenpennonumeatadelcurralfevdersmttranaooseacaun
w1=10 w2=10  IDP z max 4.6  meilleur clair (quadrigrammes) -12.329 : susaltarvadargramofladfujornfsfieoadfeloiabresitehacanpienrandiraresoemasueaunclenaeniusen
w1=11 w2=10  IDP z max 5.2  meilleur clair (quadrigrammes) -12.545 : maptnfrarrirvaagafizantapirunsoftegaariifeelmurneaellapaubeanmoefleronoguefajtgestealtreor
w1=12 w2=10  IDP z max 5.2  meilleur clair (quadrigrammes) -12.386 : afienosafefveorrenocapecisupasatisllvaulreidoacueparentnoszareengarscarninmernaunnuriaemol
w1=13 w2=10  IDP z max 4.6  meilleur clair (quadrigrammes) -11.980 : aertermsunalasuvjgontfiensorfeofractohiceapalapssiantualeaernopomfnelgiiabarndifisrrasunpa
w1=14 w2=10  IDP z max 4.4  meilleur clair (quadrigrammes) -12.249 : affuesseeinmanduencftosecapergualnorniasonibiofeletiefilsungtranmevtejoduedaosrraraeaerrap
w1=15 w2=10  IDP z max 4.5  meilleur clair (quadrigrammes) -11.967 : tssipladoaninsuentialdiantarngulavareotenoonocvnfrtbacieretadeezfedaoferreguafebagiaemmain
w1=16 w2=10  IDP z max 4.5  meilleur clair (quadrigrammes) -12.738 : sorsitunalundanasetreadgrjrsbispoemiusarvernunfriteauliaianasarotenorareetaensainctieoaoir
