w=5  meilleur -13.765  z=2.6  K 3 1 0 2 4
   T1 eenipopgfortouperenozngraemateumrcbtnosiaseoacdsatriinfdoelrgonnrunncienjeinfauieeegeuarremasutestalarencaperflitrdiaaoi
w=6  meilleur -13.759  z=3.1  K 0 2 3 1 5 4
   T1 nuoelvaeiparfamreracasestbjnttvnfeifonapaosesioriainfteepiannutaioescefacsimnorneruoctalugaemteaosrfpbadlerrultfangseede
w=7  meilleur -13.483  z=3.4  K 5 4 3 2 0 6 1
   T1 ssicsrisoeplanateaesermdrutazfaaeterscaunbrnpiegjadlanesrommaidineaflonierogecurfeiaaplosornumarrttafcadignionsntontirvl
w=8  meilleur -13.012  z=5.4  K 5 1 4 6 0 7 2 3
   T1 psbrsegaacgopomfeinolausserefenmarenrdreptelanicltaitirtangufreoiduojauicurvenozasoufannameehevingartnsdmienpoclriasntat
w=9  meilleur -13.062  z=5.2  K 5 3 7 8 6 1 4 2 0
   T1 nrlagrdhoninpirireutefbisrdineorvureetivoreailifcaneomaraselaapepclfrodajegesiursatafunaeassuitstendofarlaabfrmnoostaens
w=10  meilleur -12.814  z=5.1  K 4 8 1 7 2 6 5 3 9 0
   T1 cupaastoaiagetfrdeledujmipsnofiranmaanararrinboshorntausielldoafearanzgansuaaoaedereepiscearearrointenmafponscurmicontae
w=11  meilleur -12.767  z=5.5  K 9 8 10 1 5 4 2 3 0 6 7
   T1 euguiragmeticlatnasnsepaanoorloteltbepiaftecriarlagdesairetiasferanateloazoeritendaunchprobaeceaecfnsradtfaananvosiudosi
w=12  meilleur -12.581  z=5.8  K 10 0 7 6 5 2 8 4 11 1 3 9
   T1 agrebrunjfzoutfomaabofeatasaicdeptnrdatingasmatranaiaarconeanmunaossfririsoleaunnddeaalioveceffiensutiovreelopsmurteieer
w=13  meilleur -12.512  z=5.7  K 9 6 4 0 5 10 2 3 7 11 12 1 8
   T1 saobmitrironnirapianmtntevlenulfonangofnureadaedjaseipraasteminelarsdropasleaasaerepanafureftdenizatriatagrecirduecsfeha
w=14  meilleur -12.481  z=5.7  K 3 11 0 12 10 2 5 6 9 13 7 8 4 1
   T1 enttenotuasgragetenidofnsmarzaoraovafagidarrenmiconvenueirnocabsenrocrpissuesafebonisleauaptualafoadaapjrrprelescnulheaa
w=15  meilleur -12.460  z=6.3  K 5 9 12 6 14 7 3 11 13 10 1 0 4 8 2
   T1 staatraenapaartcmfohfncorlaserregronanesabffeardrmicundasupvitarralpieoeautimaeanereroataufnprefetosanjuesisdnizaitioaru
w=16  meilleur -12.130  z=7.2  K 1 4 3 10 9 14 6 8 15 11 0 7 2 12 13 5
   T1 eromastaisngritfengapenjasabietanantedinafenvozlrosuelrmarcfuropaparanialeaenesetsenerofdrrseeirrircosiotafruantuationif
w=17  meilleur -12.180  z=6.6  K 8 3 7 15 6 14 1 9 4 0 10 12 16 5 13 11 2
   T1 plentemascreestretdrbosoparhrealfarraelaiassefagaticudiranteiaoraguiestefenlabaaderclandgvmcoazcmpiaaesavionnondenpuotri
w=18  meilleur -11.854  z=7.2  K 14 8 3 2 12 10 13 17 7 0 6 5 4 15 11 1 16 9
   T1 zetancunadossreelbrutnjesgrogtoatfrulafieasildaecafnrraenocefcrillonvagnddevintratapeanserotoriamunacaroniguomepiamerief
w=19  meilleur -12.251  z=6.3  K 5 16 18 7 14 6 15 1 8 10 13 2 0 9 4 17 11 3 12
   T1 gbzrioadiafresajapaaharpacercssuapradonandurasteulrerinreguricnfunremasvmteiarinaeloanalfemagteeisornmoftofortoltafreess
w=20  meilleur -12.093  z=7.3  K 11 1 10 3 6 0 16 15 8 18 9 17 19 14 13 12 5 7 2 4
   T1 sidoalaaraudtlfanntapenaejidafrocetpsggrhencurfugesasenavonaennaspresiuiatencoarbarteflguentuisdainremtabesereertesmariz
w=21  meilleur -12.141  z=6.6  K 6 5 1 13 16 15 8 0 3 19 10 17 20 4 14 11 18 2 12 7 9
   T1 gctrariasefasinsorrueiguestearmefertaaoseleaiagarspanarenlaefuevscoriticaleaomrptaredipalonthdtemfzeneudecasiniongricata
w=22  meilleur -11.932  z=7.3  K 12 20 15 1 0 3 7 14 5 8 16 11 18 10 13 6 9 2 21 19 4 17
   T1 taneventialocasalacgronaraoallfaronvecerpnugeroborendsaetusanianrfuidsepreearinfrogenabaslusdestirsefrcruanoadoheodesumj
w=23  meilleur -11.942  z=7.0  K 4 21 5 22 16 6 0 9 8 15 3 11 19 7 2 17 18 1 14 20 10 13 12
   T1 mavanloparientacoftrepmgalaeibiermocaaresotrentodrsferucanafuigamarusonassifarepresasinpnaserbaunusoerodsdetactafandinoc
w=24  meilleur -11.978  z=7.5  K 1 3 20 10 13 18 8 16 7 19 21 2 4 9 23 12 15 17 14 6 5 11 0 22
   T1 zesiafanuacomosidenoeressnuddioraenrretanlecrihfssajsuregabdatamciragefuempotaistreneaocavivincaadsenepreneoraftelallelo
w=25  meilleur -11.678  z=7.6  K 3 14 13 5 12 7 15 4 10 9 16 18 20 1 17 2 19 11 22 21 24 0 8 23 6
   T1 fnitumpcarnigzfonstorldaosteraonelicasmeduneluestaresurapabagiononrentuadeaamenegdiaunattainaafraasiccarrelaviroopesfror
