L=979 clesA=5666 clesB=28380 mode=whole pref=120 seuil=-12.80
paires x variantes notees : 1929612960 ; au-dessus du seuil -12.80 : 2056
histogramme du criblage (score par quadrigramme, pas 0,125) :
  -16.000 629259396
  -15.875 163466995
  -15.750 168509784
  -15.625 166780915
  -15.500 158818525
  -15.375 144113679
  -15.250 125501268
  -15.125 102426094
  -15.000 81875563
  -14.875 61697061
  -14.750 43991454
  -14.625 31190637
  -14.500 20466619
  -14.375 13030930
  -14.250 8018007
  -14.125 4692191
  -14.000 2711962
  -13.875 1475925
  -13.750 801971
  -13.625 407468
  -13.500 211845
  -13.375 94641
  -13.250 39758
  -13.125 17982
  -13.000 8296
  -12.875 2644
  -12.750 902
  -12.625 357
  -12.500 73
  -12.375 10
  -12.250 7
  -12.125 1
-14.8214  A=ru:балтикатайна  B=rl:otchaianno  v=31  gwudemursduwerintitinilnowlrdseherieinedeamdrgottsheeheanwanneegsnegeennwananrnfdwersonerlnsilrninsisinnleumkannhiseinme
-14.8338  A=ru:запискатайна  B=rl:otchaianno  v=31  gwudemursduwerintitinilnowlrdseherieinedeamdrgottsheeheanwanneegsnegeennwananrnfdwersonerlnsilrninsisinnleumkannhiseinme
-14.8356  A=ru:гаваньпиллау  B=rl:otchaianno  v=31  gwudemursduwerintitinilnowlrdseherieinedeamdrgottsheeheanwanneegsnegeennwananrnfdwersonerlnsilrninsisinnleumkannhiseinme
-14.8356  A=ru:германиясоюз  B=rl:otchaianno  v=21  gwudemursduwerintitinilnowlrdseherieinedeamdrgottsheeheanwanneegsnegeennwananrnfdwersonerlnsilrninsisinnleumkannhiseinme
-14.8439  A=rl:baltikanasha  B=rl:otchaianno  v=31  gwudemursduwerintitinilnowlrdseherieinedeamdrgottsheeheanwanneegsnegeennwananrnfdwersonerlnsilrninsisinnleumkannhiseinme
-14.8493  A=ru:германияморе  B=rl:otchaianno  v=21  gwudemursduwerintitinilnowlrdseherieinedeamdrgottsheeheanwanneegsnegeennwananrnfdwersonerlnsilrninsisinnleumkannhiseinme
-14.8623  A=ru:маяккомсомол  B=rl:otchaianno  v=31  gwudemursduwerintitinilnowlrdseherieinedeamdrgottsheeheanwanneegsnegeennwananrnfdwersonerlnsilrninsisinnleumkannhiseinme
-14.8655  A=rl:baltikamaiak  B=rl:otchaianno  v=31  gwudemursduwerintitinilnowlrdseherieinedeamdrgottsheeheanwanneegsnegeennwananrnfdwersonerlnsilrninsisinnleumkannhiseinme
-14.8669  A=rl:gavanzapiska  B=rl:otchaianno  v=31  gwudemursduwerintitinilnowlrdseherieinedeamdrgottsheeheanwanneegsnegeennwananrnfdwersonerlnsilrninsisinnleumkannhiseinme
-14.8698  A=de:geheimunsere  B=rl:otchaianno  v=31  gwudemursduwerintitinilnowlrdseherieinedeamdrgottsheeheanwanneegsnegeennwananrnfdwersonerlnsilrninsisinnleumkannhiseinme
-14.8712  A=de:meinpreussen  B=rl:otchaianno  v=31  gwudemursduwerintitinilnowlrdseherieinedeamdrgottsheeheanwanneegsnegeennwananrnfdwersonerlnsilrninsisinnleumkannhiseinme
-14.8755  A=rl:gavanbutylka  B=rl:otchaianno  v=31  gwudemursduwerintitinilnowlrdseherieinedeamdrgottsheeheanwanneegsnegeennwananrnfdwersonerlnsilrninsisinnleumkannhiseinme
-14.8797  A=de:geheimflotte  B=rl:otchaianno  v=31  gwudemursduwerintitinilnowlrdseherieinedeamdrgottsheeheanwanneegsnegeennwananrnfdwersonerlnsilrninsisinnleumkannhiseinme
-14.8814  A=de:hafenpionier  B=rl:otchaianno  v=31  gwudemursduwerintitinilnowlrdseherieinedeamdrgottsheeheanwanneegsnegeennwananrnfdwersonerlnsilrninsisinnleumkannhiseinme
-14.8822  A=ru:мамакомсомол  B=rl:otchaianno  v=31  gwudemursduwerintitinilnowlrdseherieinedeamdrgottsheeheanwanneegsnegeennwananrnfdwersonerlnsilrninsisinnleumkannhiseinme
