L=979 clesA=28380 clesB=28380 mode=blocks pref=120 seuil=-12.80
paires x variantes notees : 9665092800 ; au-dessus du seuil -12.80 : 0
histogramme du criblage (score par quadrigramme, pas 0,125) :
  -16.000 7585838994
  -15.875 683556452
  -15.750 512699426
  -15.625 355821231
  -15.500 228265813
  -15.375 136914787
  -15.250 77965236
  -15.125 42264515
  -15.000 21948399
  -14.875 10827677
  -14.750 5084274
  -14.625 2308058
  -14.500 975902
  -14.375 390992
  -14.250 147711
  -14.125 53557
  -14.000 22740
  -13.875 5127
  -13.750 1414
  -13.625 378
  -13.500 78
  -13.375 30
  -13.250 6
  -13.125 3
