L=979 clesA=5666 clesB=28380 mode=blocks pref=120 seuil=-12.80
paires x variantes notees : 643204320 ; au-dessus du seuil -12.80 : 0
histogramme du criblage (score par quadrigramme, pas 0,125) :
  -16.000 502156667
  -15.875 44820646
  -15.750 33841118
  -15.625 23990895
  -15.500 15958667
  -15.375 9987485
  -15.250 5895545
  -15.125 3279391
  -15.000 1719273
  -14.875 853597
  -14.750 400792
  -14.625 178310
  -14.500 74751
  -14.375 29898
  -14.250 11191
  -14.125 4091
  -14.000 1314
  -13.875 475
  -13.750 151
  -13.625 41
  -13.500 13
  -13.375 9
