L=979 clesA=28380 clesB=28380 mode=blocks pref=120 seuil=-12.80
paires x variantes notees : 3221697600 ; au-dessus du seuil -12.80 : 0
histogramme du criblage (score par quadrigramme, pas 0,125) :
  -16.000 2522810158
  -15.875 223381374
  -15.750 168316771
  -15.625 118854329
  -15.500 78778577
  -15.375 49120007
  -15.250 28806895
  -15.125 15931267
  -15.000 8305308
  -14.875 4091975
  -14.750 1900375
  -14.625 837601
  -14.500 347429
  -14.375 136962
  -14.250 51476
  -14.125 18123
  -14.000 6263
  -13.875 1951
  -13.750 532
  -13.625 165
  -13.500 52
  -13.375 10
