d= 1 obs=-0.6086 null=-0.6301±0.0387 z=+0.56 p_high=0.2870
d= 2 obs=-0.5558 null=-0.6281±0.0387 z=+1.87 p_high=0.0277
d= 3 obs=-0.5693 null=-0.6285±0.0387 z=+1.53 p_high=0.0603
d= 4 obs=-0.6242 null=-0.6282±0.0377 z=+0.11 p_high=0.4550
d= 5 obs=-0.6014 null=-0.6285±0.0387 z=+0.70 p_high=0.2407
d= 6 obs=-0.6059 null=-0.6286±0.0399 z=+0.57 p_high=0.2930
d= 7 obs=-0.6282 null=-0.6285±0.0386 z=+0.01 p_high=0.4920
d= 8 obs=-0.6076 null=-0.6281±0.0388 z=+0.53 p_high=0.2977
d= 9 obs=-0.6460 null=-0.6285±0.0394 z=-0.44 p_high=0.6807
d=10 obs=-0.5729 null=-0.6280±0.0393 z=+1.40 p_high=0.0810
d=11 obs=-0.5375 null=-0.6278±0.0391 z=+2.31 p_high=0.0113
d=12 obs=-0.6095 null=-0.6281±0.0394 z=+0.47 p_high=0.3110
d=13 obs=-0.6435 null=-0.6288±0.0391 z=-0.38 p_high=0.6393
d=14 obs=-0.5390 null=-0.6292±0.0389 z=+2.32 p_high=0.0073
d=15 obs=-0.5126 null=-0.6293±0.0395 z=+2.96 p_high=0.0007
d=16 obs=-0.5854 null=-0.6284±0.0398 z=+1.08 p_high=0.1327
d=17 obs=-0.5992 null=-0.6289±0.0393 z=+0.76 p_high=0.2217
d=18 obs=-0.6304 null=-0.6294±0.0390 z=-0.03 p_high=0.5120
d=19 obs=-0.6780 null=-0.6283±0.0395 z=-1.26 p_high=0.9037
d=20 obs=-0.6276 null=-0.6297±0.0400 z=+0.05 p_high=0.4887
reversed d=1 z=1.45
