p mode real | null mean max | z | best decryption head
 2 global   -0.599 | -0.627 -0.575 |  +1.0 | nefinvtd
 2 sections -0.608 | -0.576 -0.547 |  -1.4 | enifvndt
 3 global   -0.541 | -0.593 -0.532 |  +1.7 | einfnvdothfn
 3 sections -0.541 | -0.588 -0.526 |  +1.3 | neivfntdonhf
 4 global   -0.520 | -0.558 -0.533 |  +2.1 | ifendtvnnfohelde
 4 sections -0.539 | -0.548 -0.505 |  +0.3 | ienfdvntnohfedel
 5 global   -0.522 | -0.531 -0.471 |  +0.3 | feinvontdhendfeilrhk
 5 sections -0.518 | -0.532 -0.502 |  +0.6 | fneivodnthefndeihlrk
 6 global   -0.527 | -0.514 -0.481 |  -0.8 | vnnfienfthodhreledackrii
 6 sections -0.482 | -0.531 -0.506 |  +2.9 | invfenotnhdfeehldrikaric
 7 global   -0.473 | -0.514 -0.481 |  +2.0 | infnevdhondtfehlrkeiicaeerlt
 7 sections -0.477 | -0.513 -0.497 |  +1.9 | fdivnnenehfdotrihikleetclear
 8 global   -0.480 | -0.501 -0.471 |  +1.0 | nfdtveinhfeldonerkacihirlteleeed
 8 sections -0.437 | -0.505 -0.484 |  +4.0 | ventfdnidohlfeenihrckarieelltede
 9 global   -0.437 | -0.471 -0.433 |  +1.4 | nieonvdftnfhreeldhkiiecaerledtsulwer
 9 sections -0.450 | -0.476 -0.444 |  +1.4 | toivfdennhrfedlhenleiareickrsdlewtue
10 global   -0.418 | -0.450 -0.430 |  +2.5 | ninfdevohtldfehneikrlarceieedtsulwueredr
10 sections -0.404 | -0.450 -0.416 |  +2.0 | vifhnteodnedeklrnihfeacdltieerruwdsreeul
11 global   -0.441 | -0.450 -0.421 |  +0.5 | enhfnnivtdofriehdelirkaulltceedeewunuersrgda
11 sections -0.376 | -0.450 -0.423 |  +2.7 | tndfhovnienidreiklhefrdcelleeteaugrdunareswu
12 global   -0.399 | -0.417 -0.388 |  +0.8 | ifdehtonnnfvelidrkieracheteewluldrseednutunralng
12 sections -0.386 | -0.442 -0.407 |  +2.3 | nenhifnfdvotaderelrcihikrelwetdseeullurtedanngnu
13 global   -0.404 | -0.414 -0.388 |  +0.6 | fvntefhoidnndhreieearlkicldetwersreuluenugldeena
13 sections -0.359 | -0.412 -0.381 |  +2.3 | dinfdfenthonvllihkeeciarereeldureuwsrtenanntednl
14 global   -0.350 | -0.398 -0.363 |  +2.4 | nhotfevdefndinecarltiierkehlerusdaurelwgedlnenfs
14 sections -0.365 | -0.407 -0.372 |  +2.0 | onentndiehfvfdaleerkehtcliriudeeswgeardulreunlnn
15 global   -0.357 | -0.390 -0.348 |  +1.3 | nitonveffeddenhirachkeiedtrllesurelruwannuegdenl
15 sections -0.356 | -0.396 -0.368 |  +3.0 | nvidfefenhndotelkrtieediehrcalgrunwuansdlueresnn
16 global   -0.324 | -0.376 -0.357 |  +3.6 | veniltednhfeodfnideilcherlteeakrutnrndunwaulgesr
16 sections -0.338 | -0.366 -0.344 |  +1.6 | nelhtfdnevoidnefedllckarhieieretntnadseruugrnwlu
17 global   -0.334 | -0.363 -0.342 |  +2.0 | otdhndenvlnhefeifledwiclarutereekinalesgedennurt
17 sections -0.318 | -0.360 -0.325 |  +2.1 | nvohntledfdienhfetrleieuldickraweenenusanelrgurd
18 global   -0.326 | -0.377 -0.342 |  +3.0 | nehetnvhdfleofirndkitulearerwledisceruteulglndnn
18 sections -0.323 | -0.363 -0.318 |  +1.7 | enolvhefrntdfdienhukewaridsclereileternnglunfaue
19 global   -0.321 | -0.355 -0.305 |  +1.7 | hivirdlehnetfefnndosrcrulrkeeueewaidltrfngsefenu
19 sections -0.299 | -0.336 -0.306 |  +1.5 | hndoierilevdffnetnheiltrwurrucleaekedsndelglsffn
20 global   -0.292 | -0.337 -0.304 |  +2.5 | honnnvitleddfefkrheidelereatsreulwcdruieneteannn
20 sections -0.283 | -0.317 -0.301 |  +3.0 | enteldfidekfvihrnnhorltiselauwdceeurerdertngslnn
21 global   -0.288 | -0.327 -0.304 |  +2.4 | eniherefivotfhldindknrlceresedldeurutaawgeslnnnr
21 sections -0.280 | -0.315 -0.282 |  +2.0 | hfefdrinhliennkvdeioteureteaarudrelglwscdenfster
22 global   -0.314 | -0.321 -0.288 |  +0.3 | elehnidivifntrhorndfekarueugeneeltduledcrwsanrfu
22 sections -0.254 | -0.309 -0.278 |  +3.0 | ekfihrendiefrlhtnidnovaalelducrnswuredugeteentnl
23 global   -0.286 | -0.308 -0.271 |  +0.8 | ennoktrleinveafhdifhdirrwelnenecletutrusueddaguf
23 sections -0.232 | -0.299 -0.279 |  +3.5 | aveierkfenniorditdnhflhttulcnnerewulgdaeseuredse
24 global   -0.297 | -0.289 -0.267 |  -0.6 | aehthivoncrldikenndefifrlewlgneulntdenurdrueseta
24 sections -0.247 | -0.296 -0.260 |  +2.3 | htdnakfeevoneildfrinhicrglullutereurendestndwena
25 global   -0.256 | -0.289 -0.230 |  +1.3 | kereltrdievofnafiecndihnhnelngunruldweenutdeelta
25 sections -0.230 | -0.258 -0.216 |  +1.1 | dnalecrhntekhfvoirndifeierengdelrsulnaedwuneltun
26 global   -0.236 | -0.274 -0.234 |  +1.8 | nnirllknordecfheitadhfevielteunaturneenrsglweund
26 sections -0.185 | -0.260 -0.230 |  +4.8 | votheindrlleickfdfinhenareerwsenleunadentdurlune
27 global   -0.228 | -0.285 -0.268 |  +5.7 | itieldnlhiefcdhkfroaernenvedrtalwunungeedulensnn
27 sections -0.202 | -0.267 -0.247 |  +4.8 | erfthickedeiolfadnnenlhevrianerudelfwtnsnendeugr
28 global   -0.213 | -0.252 -0.227 |  +1.8 | leiochnfnedinahtrleedrkveftiureunnddwegeeersnfla
28 sections -0.205 | -0.247 -0.231 |  +4.1 | enketflefenvdinehaiclirtrdohednrslundleugewareen
29 global   -0.199 | -0.247 -0.212 |  +2.1 | ntliekeltdhevfidfonhernrceiaerurldennfstuwunagrd
29 sections -0.168 | -0.220 -0.194 |  +3.7 | achtenenekvreinfrdfiedolehitlnltffdsrneweuleglsu
30 global   -0.186 | -0.243 -0.199 |  +2.3 | evineefohteeiracednthdrdkflinlurugenwedrrfenlffr
30 sections -0.182 | -0.232 -0.208 |  +2.8 | hretiennitdedrkfdaleleonvichfelnudenlsernfrnnwul
31 global   -0.206 | -0.240 -0.204 |  +1.6 | rtennihteivldeohdcafreleindekfelflaungeunslusdnu
31 sections -0.183 | -0.211 -0.191 |  +2.0 | nvdfrelkfileedcheihirenotedanteasuneufernlldrrgs
32 global   -0.183 | -0.215 -0.197 |  +2.6 | eovedicellnhfietddrennkrfalheteilgutulsuntraurfr
32 sections -0.157 | -0.218 -0.171 |  +3.0 | etdrdeenkallchindenvoeehfritlefisrnnutfnnrntserr
33 global   -0.171 | -0.211 -0.179 |  +2.4 | nicrofhdlueeihedentinvfllkadeeetrunfranndedlusnw
33 sections -0.175 | -0.210 -0.191 |  +3.0 | diefhelketeovieentfallednnirdchurdfluntrlrudarsn
34 global   -0.207 | -0.209 -0.192 |  +0.2 | nrehieliflwfdelarchdenvouidteneketsnsurunurdatge
34 sections -0.167 | -0.165 -0.140 |  -0.2 | lkfiltfeeochnautedderhnvineilerdwerfrrdutnundenf
35 global   -0.193 | -0.208 -0.185 |  +1.4 | drhurldteewineteeifehennvokricafdllalnatennstsrt
35 sections -0.118 | -0.163 -0.135 |  +2.4 | erdfndfehuclketerneriveialhedinwotldtalurennafur
36 global   -0.166 | -0.195 -0.171 |  +2.1 | svhtiurfleeoftndiwerdniheeedknlecalruglursddasun
36 sections -0.117 | -0.170 -0.138 |  +3.0 | ketdnnhteichulllendsvirearferfdoweeissteralurert
37 global   -0.182 | -0.183 -0.155 |  +0.1 | enhtddenisdelluernoufvwaklfiietrcheernnlnunandee
37 sections -0.130 | -0.160 -0.121 |  +1.6 | fteindentiuekhurlswerachllerdefedonvigredeeunnds
38 global   -0.178 | -0.180 -0.157 |  +0.1 | rkunwideuneleilndvoteehrfrrchesladeiftsdrduferfu
38 sections -0.114 | -0.159 -0.105 |  +1.4 | lavoindertestdirfrewhrlkfndileenueehuctunlgdarct
39 global   -0.126 | -0.187 -0.177 |  +5.5 | neetvihorlddifrelchnefuuleernketweadirsglelurenf
39 sections -0.081 | -0.160 -0.137 |  +4.5 | derefudrkreeiheeonduchwviellafrstentnlinaffectuf
40 global   -0.145 | -0.170 -0.157 |  +2.2 | uvedolllatsetenndiedenfrchwerrruiedikhfeeneleusd
40 sections -0.116 | -0.155 -0.135 |  +3.6 | neeulcowfvinhuerstedieledirkrdflanterhedeeredtes
41 global   -0.136 | -0.163 -0.140 |  +1.3 | ildrdegereovailteuerfeilnhkstnwerdchdunferensfdr
41 sections -0.087 | -0.143 -0.126 |  +3.3 | iheirdrvkfierdollltntseucheedendefrgaunewudurfrs
42 global   -0.127 | -0.150 -0.132 |  +1.4 | hreotfrdwanineunlldehldedeirckeftesigaverunrsenf
42 sections -0.079 | -0.121 -0.096 |  +2.2 | arkfefeitieechelgevounhlewsidaudlntrdrnderedutff
43 global   -0.112 | -0.140 -0.103 |  +1.7 | daieingnlndehktwseteurdelhlfoceverifrreundahltau
43 sections -0.059 | -0.092 -0.057 |  +1.5 | nerlesirtlfilgrdavdudftenerchieehendawonekuctufd
44 global   -0.139 | -0.127 -0.107 |  -0.7 | viehocrdenfdasrraurleedegeuintflieuntledhnkwerhf
44 sections -0.039 | -0.086 -0.058 |  +2.5 | enekereonhenfaretetdedirdfanwirhugdsvicllluusnnt
45 global   -0.103 | -0.132 -0.112 |  +1.6 | nndideshkrdehidenaceunrofllefinvegerelwturautslr
45 sections -0.048 | -0.090 -0.068 |  +3.6 | vifnnedonusanleindettdferucherhlalekrgeirdewundf
46 global   -0.101 | -0.127 -0.096 |  +1.4 | rfleaceneddengelrktiowutarftnhrnsueinveihldeudan
46 sections -0.025 | -0.088 -0.063 |  +4.2 | helfrdnventlheskedurnicntdenarureftiowieadulgesf
47 global   -0.096 | -0.106 -0.080 |  +0.5 | ierdungvaretflhrhnnelklitdfdicredaltenouewesenun
47 sections -0.071 | -0.084 -0.073 |  +1.4 | innurerareelkeesvondlfichtnlugdardtleifhweneutdd
48 global   -0.075 | -0.100 -0.080 |  +1.7 | udfranehiedesitufrlteltrwanenolilgkruvenchdndene
48 sections -0.069 | -0.078 -0.042 |  +0.6 | dellunalichihesdrdgefrevotunenarnwrkenetufleindt
49 global   -0.070 | -0.088 -0.042 |  +0.9 | afnweeundnhlleruerocernetveklitinanestdefhdigrud
49 sections -0.082 | -0.068 -0.032 |  -0.6 | kfllindafuregenenveierrhochesweuretndetdinnallud
50 global   -0.079 | -0.102 -0.074 |  +1.6 | nlecgudidtutldsrurenhnertienfalwenfoldevenierehn
50 sections -0.038 | -0.060 -0.042 |  +1.5 | eldeunokgdifchenalenvelrrelurinaunrstdeeinwdneht
51 global   -0.069 | -0.092 -0.060 |  +1.3 | tialihinerruugdrtllunenwefnnkaltsnvechdeorefeded
51 sections -0.009 | -0.069 -0.050 |  +3.7 | ndeeuleherttdrlaleugeistrehfruckfiodnnnnvanwelei
52 global   -0.049 | -0.077 -0.058 |  +1.8 | aurrnenlkfhweendneieruhevflegeldalunntinoterscni
52 sections -0.009 | -0.061 -0.039 |  +3.7 | detfdonneinaufetnvigelhureicherlandelkennrwsetlu
53 global   -0.051 | -0.076 -0.061 |  +3.1 | leurlihorveednffdalnedrhelannneweicntnitgnkstled
53 sections -0.031 | -0.068 -0.037 |  +2.0 | fsulerentfvandeilunetwerdonenchladlrhunkerintede
54 global   -0.058 | -0.075 -0.059 |  +1.3 | tenkfhrvenenlerleudtnitagahdweunedrniceelrufnsdi
54 sections -0.035 | -0.073 -0.053 |  +2.6 | rladeinseiolfrnkedrnvielfwtfenhelchelndugenuntte
55 global   -0.053 | -0.076 -0.042 |  +1.1 | dorsedatnkedeffllerneindvernluterahwugleunlfrnic
55 sections -0.012 | -0.049 -0.033 |  +3.2 | hkelefiunvoldrrneenaedunenhfurltfeswinlgrddnenat
56 global   -0.029 | -0.060 -0.030 |  +1.7 | ochllerneiefddwntseielenaundunkrleftdernnunhltiv
56 sections  0.018 | -0.034 -0.012 |  +3.4 | nkegvflenlfieunlurtntnnisrdolthechfewalereneisur
57 global   -0.040 | -0.061 -0.053 |  +3.2 | nvirlhrnrfudwifeiefenserenadencheltdantnufleetel
57 sections  0.120 |  0.040  0.062 |  +5.6 | urltsunkerdetflaleweindndgechurdentnhefrrflfilev
58 global   -0.019 | -0.039  0.006 |  +0.9 | lewihngellaherunslnnueinketrdadenernferficeddstt
58 sections  0.118 |  0.048  0.075 |  +4.9 | dndidolsendauneeghlellertfnveerinklfuchnuweifnrs
59 global   -0.024 | -0.042 -0.024 |  +1.8 | iveddilfhaheerdnleffweufuctrnernnesgendeatolined
59 sections  0.088 |  0.048  0.074 |  +2.7 | einergdenterlchurlnlasuneetindtneieffrdrffkenfvo
60 global   -0.012 | -0.034 -0.010 |  +1.3 | scrnalnvefnitehndendfrleeulwirefhlgdefkensrttaeu
60 sections  0.110 |  0.044  0.073 |  +4.3 | delsidnntfeffinklugendaurrolsfvernwennderldentti
61 global   -0.025 | -0.036 -0.019 |  +1.0 | davedienrlefunhrutdgtsinkarehrufrdenieswelnlelto
61 sections  0.114 |  0.045  0.066 |  +3.5 | elinendidufleudhtfvekunarnnarnendichferllfrtewes
62 global    0.011 | -0.020  0.018 |  +1.7 | verferffenddelalufnetonhtdenelnssdredeukrchirlin
62 sections  0.077 |  0.056  0.084 |  +1.1 | detnwduferugltsvhlenfufchturklolinisdenealunenff
63 global    0.005 | -0.021  0.001 |  +1.8 | lterufinegsenrtrarllcherunsenddawukeuhltdendniff
63 sections  0.092 |  0.058  0.080 |  +1.9 | neinerdglwerfufertivenunndfldnenderekflochisudtf
64 global    0.012 | -0.014  0.008 |  +1.4 | ecendrgvenrfiedeftfludlehaurrnafiesretsdtutinrll
64 sections  0.099 |  0.053  0.071 |  +2.8 | hftenifnrfrulswonddadsrenstdigetufuchierteenreve
