lang  best p (sorted) reading | plain-folded G,p | direct G,p | P(jqxy) | windows
lmo            0.7525 fold/plain     |   21.6 0.7525 |  627.6 0.0030 | 0.0051 | 2000
szl            0.7415 kept/all       |  136.4 0.1430 |  719.7 0.0025 | 0.0703 | 2000
scn            0.5470 fold/plain     |   21.6 0.5470 |  947.3 0.0005 | 0.0049 | 2000
ido            0.5000 kept/accents   |   69.7 0.3295 |  781.7 0.0015 | 0.0173 | 2000
vol            0.3185 fold/plain     |   64.0 0.3185 | 1157.6 0.0000 | 0.0188 | 2000
bre            0.2910 fold/accents   |   43.4 0.0455 |  500.4 0.0005 | 0.0064 | 2000
ara            0.2515 fold/all       |  172.5 0.0150 |      -      - |   -    | 2000
pms            0.2338 fold/accents   |   43.4 0.2323 |  682.9 0.0000 | 0.0137 | 1946
swe            0.2010 fold/accents   |   58.5 0.0985 |  606.6 0.0000 | 0.0129 | 2000
vec            0.2000 fold/accents   |   52.4 0.0205 |  744.5 0.0020 | 0.0166 | 2000
cat            0.1785 fold/accents   |   39.3 0.0635 |  734.4 0.0000 | 0.0192 | 2000
tat            0.1698 fold/all       |  271.1 0.0255 |      -      - |   -    | 1997
lij            0.1665 fold/accents   |   72.2 0.1416 |  807.5 0.0012 | 0.0081 | 805
hat            0.1579 fold/accents   |   74.9 0.1033 |  699.7 0.0487 | 0.0530 | 1685
lit            0.1440 kept/all       |   44.2 0.0280 | 1204.0 0.0000 | 0.0362 | 2000
lad            0.1368 fold/accents   |   58.4 0.0646 |  794.0 0.0033 | 0.0213 | 914
kat            0.1290 kept/all       |  156.5 0.0155 |      -      - |   -    | 2000
lat            0.1230 kept/accents   |   73.6 0.0900 |  748.8 0.0015 | 0.0159 | 2000
por            0.1075 fold/accents   |   41.1 0.0160 |  775.4 0.0000 | 0.0141 | 2000
ibo            0.1059 kept/apostr    |   94.9 0.0162 |  616.7 0.0000 | 0.0278 | 803
kaz            0.1035 fold/all       |  283.6 0.0165 |      -      - |   -    | 2000
nds            0.1025 fold/accents   |   62.8 0.0560 |  223.7 0.0510 | 0.0063 | 2000
swa            0.1015 kept/accents   |   87.5 0.0810 | 1032.3 0.0000 | 0.0386 | 2000
hsb            0.1008 kept/all       |  157.9 0.0075 |  809.5 0.0000 | 0.0718 | 665
eus            0.0945 fold/plain     |   31.7 0.0945 |  901.8 0.0000 | 0.0070 | 2000
sco            0.0945 fold/accents   |   92.0 0.0445 |  377.3 0.0105 | 0.0184 | 2000
csb            0.0932 fold/accents   |  127.6 0.0436 |  796.8 0.0030 | 0.0335 | 665
mlt            0.0835 kept/apostr    |  146.8 0.0085 |  696.3 0.0000 | 0.0454 | 2000
glv            0.0760 fold/accents   |   58.6 0.0275 |  684.1 0.0000 | 0.0935 | 763
ukr            0.0740 kept/all       |  286.5 0.0035 |      -      - |   -    | 2000
hun            0.0720 fold/accents   |   67.1 0.0105 |  910.5 0.0000 | 0.0331 | 2000
srp            0.0685 fold/apostr    |  162.5 0.0155 |      -      - |   -    | 2000
arg            0.0640 fold/accents   |   58.5 0.0270 |  763.9 0.0005 | 0.0268 | 2000
ext            0.0610 fold/accents   |   67.3 0.0483 |  803.2 0.0058 | 0.0134 | 869
wln            0.0602 kept/all       |   93.8 0.0089 |  459.5 0.0000 | 0.0296 | 1793
rus            0.0590 fold/all       |  226.4 0.0085 |      -      - |   -    | 2000
vro            0.0586 fold/plain     |   48.1 0.0586 | 1343.4 0.0000 | 0.0344 | 648
nno            0.0560 fold/accents   |   66.8 0.0090 |  627.2 0.0010 | 0.0216 | 2000
tgl            0.0560 kept/plain     |   46.0 0.0450 | 1299.7 0.0000 | 0.0284 | 2000
bel            0.0530 fold/all       |  345.7 0.0065 |      -      - |   -    | 2000
bar            0.0485 fold/accents   |  108.9 0.0215 |  347.8 0.0145 | 0.0074 | 2000
ell            0.0485 fold/all       |  134.9 0.0230 |      -      - |   -    | 2000
gle            0.0480 kept/accents   |   42.0 0.0320 |  749.7 0.0000 | 0.0017 | 2000
oci            0.0450 fold/accents   |   40.6 0.0275 |  739.1 0.0000 | 0.0143 | 2000
est            0.0445 kept/accents   |   47.0 0.0060 | 1142.2 0.0000 | 0.0171 | 2000
vie            0.0435 fold/accents   |   93.2 0.0215 | 1351.4 0.0000 | 0.0249 | 2000
fas            0.0430 fold/apostr    |  122.2 0.0045 |      -      - |   -    | 2000
pfl            0.0420 fold/accents   |   93.1 0.0000 |  268.3 0.0252 | 0.0060 | 834
ind            0.0415 kept/plain     |   39.2 0.0355 |  752.7 0.0000 | 0.0256 | 2000
bul            0.0395 kept/all       |  153.8 0.0115 |      -      - |   -    | 2000
hye            0.0390 kept/all       |  312.5 0.0090 |      -      - |   -    | 2000
ltz            0.0390 kept/apostr    |   85.7 0.0155 |  196.4 0.0160 | 0.0065 | 2000
vls            0.0390 kept/apostr    |   98.7 0.0225 |  363.3 0.0155 | 0.0180 | 2000
zea            0.0382 kept/apostr    |   95.3 0.0318 |  348.8 0.0111 | 0.0099 | 628
lim            0.0380 kept/apostr    |  121.8 0.0085 |  383.1 0.0045 | 0.0178 | 2000
spa            0.0380 fold/accents   |   54.9 0.0075 |  718.7 0.0000 | 0.0212 | 2000
heb            0.0347 kept/apostr    |  184.3 0.0076 |      -      - |   -    | 1846
yid            0.0305 kept/accents   |  115.2 0.0110 |      -      - |   -    | 2000
dsb            0.0289 kept/all       |  175.7 0.0069 |  827.6 0.0014 | 0.0781 | 727
mwl            0.0275 fold/plain     |   47.8 0.0275 |  720.7 0.0000 | 0.0139 | 2000
nor            0.0275 fold/accents   |   79.4 0.0055 |  571.0 0.0000 | 0.0164 | 2000
epo            0.0265 fold/accents   |   65.4 0.0225 |  873.9 0.0005 | 0.0407 | 2000
gsw            0.0220 kept/apostr    |  110.5 0.0065 |  274.6 0.0095 | 0.0088 | 2000
som            0.0206 kept/accents   |  136.4 0.0118 | 1085.7 0.0010 | 0.0764 | 1019
sqi            0.0200 fold/accents   |   92.9 0.0140 |  622.4 0.0030 | 0.0454 | 2000
uzb            0.0200 kept/apostr    |  121.4 0.0100 | 1374.1 0.0035 | 0.0599 | 2000
ron            0.0190 fold/plain     |   48.3 0.0190 |  722.7 0.0005 | 0.0055 | 2000
ast            0.0185 fold/accents   |   61.6 0.0045 |  712.7 0.0000 | 0.0256 | 2000
aze            0.0180 kept/all       |  174.6 0.0075 |      -      - |   -    | 2000
glg            0.0160 fold/accents   |   58.2 0.0060 |  745.3 0.0000 | 0.0161 | 2000
tur            0.0160 kept/apostr    |   96.5 0.0050 |  816.2 0.0000 | 0.0300 | 2000
yor            0.0156 fold/accents   |   78.9 0.0114 |  724.7 0.0000 | 0.0355 | 703
lav            0.0145 fold/plain     |   32.3 0.0145 | 1294.0 0.0000 | 0.0253 | 2000
slv            0.0145 kept/accents   |  102.8 0.0065 |  972.3 0.0000 | 0.0464 | 2000
cym            0.0140 fold/plain     |  118.8 0.0140 |  509.6 0.0050 | 0.0812 | 2000
bos            0.0130 kept/accents   |   98.5 0.0070 |  987.2 0.0000 | 0.0527 | 2000
fin            0.0100 kept/accents   |   55.8 0.0090 | 1226.5 0.0000 | 0.0384 | 2000
nld            0.0100 fold/accents   |  105.7 0.0055 |  343.1 0.0005 | 0.0173 | 2000
pol            0.0100 kept/all       |  183.2 0.0020 |  852.9 0.0010 | 0.0606 | 2000
hau            0.0095 kept/accents   |  133.0 0.0080 |  905.1 0.0000 | 0.0437 | 2000
ksh            0.0094 kept/apostr    |  117.6 0.0000 |  381.3 0.0000 | 0.0261 | 636
ita            0.0090 fold/accents   |   66.7 0.0085 |  688.9 0.0005 | 0.0061 | 2000
deu            0.0085 fold/accents   |   70.0 0.0035 |  153.0 0.0025 | 0.0056 | 2000
isl            0.0085 kept/all       |  124.6 0.0005 |  850.8 0.0000 | 0.0242 | 2000
afr            0.0080 kept/accents   |   73.6 0.0070 |  425.1 0.0005 | 0.0143 | 2000
fao            0.0080 fold/accents   |  118.9 0.0035 |  909.8 0.0010 | 0.0252 | 2000
srd            0.0070 fold/plain     |   79.5 0.0070 |  677.9 0.0000 | 0.0025 | 995
slk            0.0070 kept/all       |  141.9 0.0045 | 1003.1 0.0000 | 0.0476 | 2000
ces            0.0065 fold/accents   |  158.7 0.0040 |  917.3 0.0000 | 0.0486 | 2000
fry            0.0060 kept/apostr    |   91.9 0.0015 |  271.2 0.0005 | 0.0354 | 2000
kur            0.0060 kept/apostr    |  130.3 0.0010 |      -      - |   -    | 2000
hrv            0.0050 fold/accents   |  100.6 0.0025 | 1006.8 0.0000 | 0.0544 | 2000
roh            0.0050 kept/accents   |   56.8 0.0050 |  663.3 0.0000 | 0.0081 | 2000
dan            0.0035 kept/accents   |   86.4 0.0010 |  552.0 0.0000 | 0.0130 | 2000
fra            0.0030 fold/accents   |   76.9 0.0025 |  609.7 0.0005 | 0.0185 | 2000
eng            0.0005 fold/plain     |  108.1 0.0005 |  356.1 0.0000 | 0.0222 | 2000
zul            0.0000 kept/plain     |   83.1 0.0000 | 1090.3 0.0000 | 0.0320 | 811
