clés=949935 essais=18998700
histogramme IDP (pas 0,0025) : -0.1000:11907475 -0.0975:105442 -0.0950:107016 -0.0925:109237 -0.0900:110940 -0.0875:112161 -0.0850:114195 -0.0825:115675 -0.0800:117057 -0.0775:119468 -0.0750:120405 -0.0725:121332 -0.0700:122303 -0.0675:123355 -0.0650:123877 -0.0625:124489 -0.0600:124667 -0.0575:124749 -0.0550:125065 -0.0525:124956 -0.0500:125424 -0.0475:125053 -0.0450:124956 -0.0425:125516 -0.0400:125454 -0.0375:125634 -0.0350:125060 -0.0325:125183 -0.0300:125292 -0.0275:124130 -0.0250:123839 -0.0225:123351 -0.0200:122298 -0.0175:121189 -0.0150:119709 -0.0125:118536 -0.0100:116850 -0.0075:115006 -0.0050:113403 -0.0025:110576 0.0000:214063 0.0025:102995 0.0050:100742 0.0075:98067 0.0100:95834 0.0125:92719 0.0150:90303 0.0175:87298 0.0200:85252 0.0225:81906 0.0250:79187 0.0275:78211 0.0300:75246 0.0325:72661 0.0350:70163 0.0375:68389 0.0400:65932 0.0425:63695 0.0450:62066 0.0475:59333 0.0500:57660 0.0525:54954 0.0550:51829 0.0575:49558 0.0600:47208 0.0625:44172 0.0650:41412 0.0675:38212 0.0700:35502 0.0725:32431 0.0750:29430 0.0775:26648 0.0800:23656 0.0825:20822 0.0850:18164 0.0875:15999 0.0900:13763 0.0925:11657 0.0950:9956 0.0975:8230 0.1000:6843 0.1025:5666 0.1050:4517 0.1075:3778 0.1100:2902 0.1125:2259 0.1150:1850 0.1175:1282 0.1200:1030 0.1225:753 0.1250:648 0.1275:434 0.1300:327 0.1325:241 0.1350:162 0.1375:107 0.1400:81 0.1425:54 0.1450:40 0.1475:39 0.1500:14 0.1525:8 0.1550:7 0.1575:4 0.1600:1 0.1625:1 0.1650:3 0.1700:1
0.17044 w1=30 w2=15 martinkesselvie
0.16689 w1=30 w2=17 verfugbarkeitdesm
0.16608 w1=30 w2=27 ihavelearnedenoughandispeak
0.16604 w1=30 w2=15 sowassolltevere
0.16355 w1=30 w2=11 ifuriutilma
0.16044 w1=30 w2=20 nichtshatmichstolzer
0.15954 w1=30 w2=29 ichweissnichtwastoledogegenmi
0.15913 w1=30 w2=27 backgroundcolorwhitecellspa
0.15886 w1=30 w2=29 vielleichtdochdasmbaktivieren
0.15779 w1=30 w2=30 ichbitteumsichterrechteauchhie
0.15723 w1=30 w2=11 meinloschan
0.15720 w1=30 w2=14 diesgiltfurzit
0.15565 w1=30 w2=27 dieserfeindstehtrechtsanlas
0.15541 w1=30 w2=22 entfernensiedasetikett
0.15529 w1=30 w2=22 diezusammenfassunginde
0.15512 w1=30 w2=11 oftzeigendi
0.15501 w1=30 w2=20 wirfreuenunsaufeurev
0.15484 w1=30 w2=11 volumenumbe
0.15483 w1=30 w2=21 therearethingsweknoww
0.15460 w1=30 w2=25 wenndirdasnichtrichtigers
