clés=1000000 essais=20000000
histogramme IDP (pas 0,0025) : -0.1000:12535242 -0.0975:110745 -0.0950:112456 -0.0925:113930 -0.0900:116269 -0.0875:117929 -0.0850:120619 -0.0825:121161 -0.0800:124584 -0.0775:125293 -0.0750:126917 -0.0725:127118 -0.0700:129235 -0.0675:129599 -0.0650:129584 -0.0625:130575 -0.0600:131091 -0.0575:132071 -0.0550:131977 -0.0525:131538 -0.0500:132461 -0.0475:132285 -0.0450:132072 -0.0425:132788 -0.0400:131598 -0.0375:131991 -0.0350:131554 -0.0325:132162 -0.0300:131545 -0.0275:130189 -0.0250:130009 -0.0225:129859 -0.0200:129021 -0.0175:127885 -0.0150:126164 -0.0125:124906 -0.0100:123017 -0.0075:120664 -0.0050:119051 -0.0025:116775 0.0000:225189 0.0025:109059 0.0050:106387 0.0075:103458 0.0100:100268 0.0125:97566 0.0150:95269 0.0175:92155 0.0200:89475 0.0225:86805 0.0250:83785 0.0275:81616 0.0300:78406 0.0325:76783 0.0350:74154 0.0375:71989 0.0400:69717 0.0425:67157 0.0450:65317 0.0475:62409 0.0500:60443 0.0525:57785 0.0550:54857 0.0575:52529 0.0600:49348 0.0625:47005 0.0650:43260 0.0675:40353 0.0700:37071 0.0725:34071 0.0750:30932 0.0775:27545 0.0800:24779 0.0825:21864 0.0850:19353 0.0875:16932 0.0900:14569 0.0925:12426 0.0950:10368 0.0975:8649 0.1000:7342 0.1025:5941 0.1050:4714 0.1075:3807 0.1100:3187 0.1125:2426 0.1150:1912 0.1175:1448 0.1200:1139 0.1225:839 0.1250:627 0.1275:466 0.1300:302 0.1325:260 0.1350:163 0.1375:111 0.1400:85 0.1425:65 0.1450:44 0.1475:33 0.1500:18 0.1525:11 0.1550:13 0.1575:6 0.1600:5 0.1650:2 0.1675:1 0.1800:1
0.18066 w1=30 w2=22 dasgesetzderliebeistvi
0.16828 w1=30 w2=11 lieberdensp
0.16560 w1=30 w2=11 socratesada
0.16515 w1=30 w2=14 ichsucheumsons
0.16214 w1=30 w2=30 sammtlichewerkefunfterbandverl
0.16085 w1=30 w2=22 wiedielerchemochteichw
0.16038 w1=30 w2=12 boethiusanic
0.16022 w1=30 w2=14 redeanlasslich
0.16021 w1=30 w2=11 oldpeoplepe
0.15976 w1=30 w2=22 derzweitbestezeitpunkt
0.15963 w1=30 w2=18 schottischerkrimin
0.15959 w1=30 w2=22 undwasheisstschonnewyo
0.15934 w1=30 w2=15 shakespearereic
0.15900 w1=30 w2=23 jaichbinsicherdortdraus
0.15878 w1=30 w2=11 goberthherm
0.15741 w1=30 w2=15 vonderseiteistm
0.15714 w1=30 w2=14 wirsindjadochd
0.15710 w1=30 w2=20 werimmeresauchseitag
0.15704 w1=30 w2=22 ichwillsingenvonmeinem
0.15685 w1=30 w2=16 deristwieeinbaum
