w1=11 w2=11  z(T1)=6.0 z(T2)=1.7  K2 5 2 10 0 7 9 3 4 8 1 6
w1=11 w2=12  z(T1)=5.3 z(T2)=3.2  K2 5 1 0 2 10 7 9 4 3 6 8 11
w1=11 w2=13  z(T1)=4.7 z(T2)=3.6  K2 5 2 0 3 12 10 6 11 8 4 9 7 1
w1=11 w2=14  z(T1)=6.4 z(T2)=3.1  K2 12 9 0 6 5 2 13 7 1 11 4 10 3 8
w1=11 w2=15  z(T1)=7.2 z(T2)=1.2  K2 10 5 2 14 12 4 13 3 0 7 1 8 11 9 6
w1=12 w2=11  z(T1)=3.7 z(T2)=3.7  K2 2 8 0 10 3 5 9 7 6 1 4
w1=12 w2=12  z(T1)=6.6 z(T2)=2.0  K2 6 8 10 5 0 7 3 2 9 1 4 11
w1=12 w2=13  z(T1)=4.8 z(T2)=2.9  K2 0 4 8 12 10 3 5 7 6 2 11 9 1
w1=12 w2=14  z(T1)=6.0 z(T2)=3.1  K2 9 13 2 1 0 3 11 6 10 4 7 5 12 8
w1=12 w2=15  z(T1)=5.8 z(T2)=1.9  K2 4 14 13 9 11 8 2 7 3 0 6 5 10 12 1
w1=13 w2=11  z(T1)=5.4 z(T2)=1.7  K2 6 7 4 10 3 8 9 2 0 5 1
w1=13 w2=12  z(T1)=5.7 z(T2)=2.9  K2 11 9 3 5 7 4 0 6 1 2 10 8
w1=13 w2=13  z(T1)=2.7 z(T2)=4.9  K2 1 12 5 2 8 10 11 0 4 6 3 9 7
w1=13 w2=14  z(T1)=5.3 z(T2)=3.2  K2 6 3 5 4 9 13 7 0 12 2 8 11 1 10
w1=13 w2=15  z(T1)=5.0 z(T2)=3.9  K2 13 3 8 4 7 11 2 0 14 5 6 9 10 1 12
w1=14 w2=11  z(T1)=4.6 z(T2)=3.2  K2 3 4 2 6 9 0 5 10 7 1 8
w1=14 w2=12  z(T1)=4.6 z(T2)=3.5  K2 0 10 1 6 8 7 2 5 11 9 4 3
w1=14 w2=13  z(T1)=5.3 z(T2)=3.6  K2 1 10 2 4 8 7 12 5 0 11 9 3 6
w1=14 w2=14  z(T1)=6.1 z(T2)=1.5  K2 4 11 0 12 9 3 8 7 10 6 5 1 13 2
w1=14 w2=15  z(T1)=6.5 z(T2)=1.4  K2 14 6 12 13 11 3 0 4 2 5 10 7 8 9 1
w1=15 w2=11  z(T1)=5.5 z(T2)=1.2  K2 0 8 4 1 6 2 10 9 7 5 3
w1=15 w2=12  z(T1)=5.4 z(T2)=3.2  K2 11 10 6 2 7 4 9 3 5 1 0 8
w1=15 w2=13  z(T1)=4.7 z(T2)=2.5  K2 4 0 9 11 5 12 3 8 2 1 6 10 7
w1=15 w2=14  z(T1)=5.3 z(T2)=2.6  K2 1 12 11 13 3 9 5 0 4 10 2 6 8 7
w1=15 w2=15  z(T1)=6.1 z(T2)=1.6  K2 3 7 9 4 12 6 5 13 14 0 2 10 8 1 11
w1=16 w2=11  z(T1)=4.1 z(T2)=3.3  K2 7 0 5 3 4 2 8 9 6 10 1
w1=16 w2=12  z(T1)=4.1 z(T2)=3.5  K2 0 8 9 4 5 7 2 3 1 10 6 11
w1=16 w2=13  z(T1)=3.7 z(T2)=4.6  K2 4 6 9 8 12 11 0 2 10 1 3 7 5
w1=16 w2=14  z(T1)=4.8 z(T2)=3.4  K2 8 4 9 2 5 0 13 3 10 6 11 1 7 12
w1=16 w2=15  z(T1)=4.3 z(T2)=3.4  K2 9 11 10 12 13 8 1 0 4 5 2 7 6 14 3
w1=17 w2=11  z(T1)=3.6 z(T2)=3.8  K2 8 6 5 0 1 3 2 9 10 7 4
w1=17 w2=12  z(T1)=5.3 z(T2)=2.3  K2 6 9 5 3 10 4 8 1 7 11 2 0
w1=17 w2=13  z(T1)=4.4 z(T2)=3.6  K2 7 9 5 1 0 3 10 2 8 6 12 4 11
w1=17 w2=14  z(T1)=5.3 z(T2)=2.7  K2 13 5 8 6 10 1 0 9 3 11 2 7 4 12
w1=17 w2=15  z(T1)=6.5 z(T2)=1.4  K2 0 14 8 7 1 10 3 4 2 11 9 12 5 6 13
w1=18 w2=11  z(T1)=5.0 z(T2)=1.9  K2 1 3 10 6 0 4 8 7 5 9 2
w1=18 w2=12  z(T1)=5.3 z(T2)=2.7  K2 8 3 1 4 6 7 11 0 10 2 5 9
w1=18 w2=13  z(T1)=5.6 z(T2)=2.1  K2 11 4 6 2 1 0 7 9 10 12 3 5 8
w1=18 w2=14  z(T1)=5.3 z(T2)=3.2  K2 10 4 11 3 7 13 1 5 9 2 12 6 8 0
w1=18 w2=15  z(T1)=4.9 z(T2)=3.8  K2 9 0 7 13 8 12 2 3 4 11 6 5 10 14 1
w1=19 w2=11  z(T1)=4.7 z(T2)=2.5  K2 8 0 2 4 5 3 9 10 1 6 7
w1=19 w2=12  z(T1)=5.6 z(T2)=1.4  K2 1 11 8 9 4 0 6 3 5 2 7 10
w1=19 w2=13  z(T1)=6.9 z(T2)=1.4  K2 8 4 12 1 11 5 3 0 2 9 6 10 7
w1=19 w2=14  z(T1)=3.8 z(T2)=3.7  K2 7 3 0 12 9 4 5 10 6 1 8 2 13 11
w1=19 w2=15  z(T1)=5.2 z(T2)=3.0  K2 3 2 12 10 14 4 6 8 11 5 13 7 1 9 0
w1=20 w2=11  z(T1)=4.2 z(T2)=2.8  K2 7 1 9 10 0 5 2 4 6 3 8
w1=20 w2=12  z(T1)=3.4 z(T2)=3.9  K2 0 2 9 1 4 8 6 7 10 3 5 11
w1=20 w2=13  z(T1)=5.3 z(T2)=3.2  K2 3 8 12 2 4 1 7 0 5 6 10 9 11
w1=20 w2=14  z(T1)=5.3 z(T2)=2.8  K2 1 3 5 2 10 13 9 0 6 12 7 11 8 4
w1=20 w2=15  z(T1)=3.9 z(T2)=4.1  K2 8 2 4 1 10 13 11 9 6 7 5 0 12 3 14
w1=21 w2=11  z(T1)=4.7 z(T2)=2.5  K2 5 6 0 3 9 8 4 7 10 1 2
w1=21 w2=12  z(T1)=5.4 z(T2)=2.7  K2 8 7 4 5 9 6 0 2 11 3 1 10
w1=21 w2=13  z(T1)=4.9 z(T2)=2.5  K2 2 12 4 0 1 10 7 11 5 9 3 8 6
w1=21 w2=14  z(T1)=4.5 z(T2)=3.4  K2 4 1 5 3 2 0 13 12 7 6 8 9 10 11
w1=21 w2=15  z(T1)=5.7 z(T2)=2.3  K2 7 11 8 2 10 12 3 0 4 13 1 9 6 14 5
w1=22 w2=11  z(T1)=5.7 z(T2)=1.3  K2 10 0 5 9 3 6 4 7 1 8 2
w1=22 w2=12  z(T1)=5.5 z(T2)=1.5  K2 4 2 0 1 8 6 5 7 10 3 9 11
w1=22 w2=13  z(T1)=5.2 z(T2)=2.6  K2 1 3 12 5 7 9 4 0 2 6 11 8 10
w1=22 w2=14  z(T1)=5.4 z(T2)=2.6  K2 6 1 12 8 10 2 9 13 0 4 5 11 7 3
w1=22 w2=15  z(T1)=6.2 z(T2)=2.0  K2 10 11 9 2 1 3 5 4 0 14 8 7 12 6 13
w1=23 w2=11  z(T1)=4.6 z(T2)=2.8  K2 4 3 7 1 10 0 2 8 9 5 6
w1=23 w2=12  z(T1)=5.2 z(T2)=2.3  K2 2 7 1 6 5 10 0 11 4 9 8 3
w1=23 w2=13  z(T1)=4.5 z(T2)=3.8  K2 11 4 6 2 7 3 1 10 12 8 5 0 9
w1=23 w2=14  z(T1)=4.8 z(T2)=3.4  K2 7 0 13 9 5 3 11 6 8 10 12 4 1 2
w1=23 w2=15  z(T1)=3.9 z(T2)=4.4  K2 11 14 7 2 1 3 9 0 10 6 5 13 8 12 4
w1=24 w2=11  z(T1)=4.8 z(T2)=2.2  K2 1 3 4 8 7 2 0 6 10 9 5
w1=24 w2=12  z(T1)=5.2 z(T2)=2.6  K2 8 11 6 7 4 2 9 3 5 0 1 10
w1=24 w2=13  z(T1)=5.1 z(T2)=2.1  K2 1 3 9 12 6 7 8 0 10 4 2 11 5
w1=24 w2=14  z(T1)=5.0 z(T2)=2.5  K2 3 0 11 5 2 10 8 7 6 13 4 9 1 12
w1=24 w2=15  z(T1)=6.1 z(T2)=1.7  K2 0 1 2 14 13 9 8 5 4 3 10 12 7 11 6
w1=25 w2=11  z(T1)=5.0 z(T2)=1.3  K2 7 10 0 2 3 4 1 8 9 6 5
w1=25 w2=12  z(T1)=4.9 z(T2)=2.2  K2 9 0 10 8 11 5 1 2 6 7 4 3
w1=25 w2=13  z(T1)=5.9 z(T2)=0.4  K2 10 9 6 8 2 5 1 11 12 3 0 7 4
w1=25 w2=14  z(T1)=5.7 z(T2)=1.9  K2 4 12 0 10 6 11 8 9 5 1 2 7 3 13
w1=25 w2=15  z(T1)=5.0 z(T2)=3.3  K2 2 1 3 10 8 11 4 9 13 14 0 5 7 6 12
w1=26 w2=11  z(T1)=4.7 z(T2)=2.2  K2 3 1 8 4 7 2 0 6 9 10 5
w1=26 w2=12  z(T1)=5.1 z(T2)=2.0  K2 1 5 8 7 9 4 11 0 2 3 10 6
w1=26 w2=13  z(T1)=4.2 z(T2)=3.3  K2 6 10 4 9 1 2 3 8 7 12 11 0 5
w1=26 w2=14  z(T1)=6.1 z(T2)=1.2  K2 12 3 4 11 6 8 10 2 9 1 13 7 0 5
w1=26 w2=15  z(T1)=5.1 z(T2)=2.7  K2 6 12 14 10 5 7 4 1 9 2 11 13 8 3 0
w1=27 w2=11  z(T1)=3.3 z(T2)=3.9  K2 10 4 8 6 2 1 5 9 0 3 7
w1=27 w2=12  z(T1)=5.4 z(T2)=2.2  K2 10 11 4 1 3 8 2 5 7 6 9 0
w1=27 w2=13  z(T1)=5.5 z(T2)=2.4  K2 0 2 3 1 6 7 8 11 5 4 10 9 12
w1=27 w2=14  z(T1)=5.0 z(T2)=2.0  K2 4 1 13 3 5 0 2 12 6 11 10 8 7 9
w1=27 w2=15  z(T1)=4.7 z(T2)=3.0  K2 13 9 2 4 10 11 6 1 0 14 3 5 12 7 8
w1=28 w2=11  z(T1)=4.9 z(T2)=2.1  K2 10 4 3 6 1 9 7 0 5 8 2
w1=28 w2=12  z(T1)=5.5 z(T2)=1.1  K2 6 5 8 1 10 2 4 9 7 0 11 3
w1=28 w2=13  z(T1)=6.2 z(T2)=0.8  K2 8 2 5 12 4 9 1 7 3 0 11 6 10
w1=28 w2=14  z(T1)=5.7 z(T2)=2.6  K2 12 2 4 10 1 8 0 9 6 13 11 5 7 3
w1=28 w2=15  z(T1)=5.9 z(T2)=1.9  K2 2 6 8 0 4 13 11 7 3 9 12 5 10 1 14
w1=29 w2=11  z(T1)=4.1 z(T2)=2.8  K2 6 7 4 2 3 5 9 0 1 10 8
w1=29 w2=12  z(T1)=5.7 z(T2)=0.7  K2 11 7 4 6 8 10 3 1 2 5 0 9
w1=29 w2=13  z(T1)=4.7 z(T2)=2.2  K2 3 8 5 0 4 2 1 9 11 7 10 12 6
w1=29 w2=14  z(T1)=4.9 z(T2)=3.2  K2 8 5 7 9 10 1 13 3 2 12 0 6 4 11
w1=29 w2=15  z(T1)=6.1 z(T2)=1.6  K2 14 1 0 4 12 3 5 6 13 2 11 7 8 9 10
# shard 19 (w1 = 30) : arrêté au délai de 340 min ; w2 = 11–13 faits (z(T1) max 6,0, résumé du Merge), w2 = 14–15 non faits
