L=979 clesA=28380 clesB=28380 mode=whole pref=120 seuil=-12.80
paires x variantes notees : 9665092800 ; au-dessus du seuil -12.80 : 5982
histogramme du criblage (score par quadrigramme, pas 0,125) :
  -16.000 3303780059
  -15.875 842394539
  -15.750 841364407
  -15.625 816033064
  -15.500 770495088
  -15.375 721018496
  -15.250 621758139
  -15.125 491704710
  -15.000 398154008
  -14.875 283766299
  -14.750 200485359
  -14.625 146919745
  -14.500 90643787
  -14.375 57128518
  -14.250 35023890
  -14.125 20110815
  -14.000 11555118
  -13.875 6276298
  -13.750 3280126
  -13.625 1697072
  -13.500 832659
  -13.375 387495
  -13.250 165656
  -13.125 68120
  -13.000 36332
  -12.875 9102
  -12.750 2659
  -12.625 939
  -12.500 236
  -12.375 46
  -12.250 10
  -12.125 8
  -11.875 1
-14.8221  A=de:faehigkeiten  B=rl:otchaianno  v=31  gwudemursduwerintitinilnowlrdseherieinedeamdrgottsheeheanwanneegsnegeennwananrnfdwersonerlnsilrninsisinnleumkannhiseinme
-14.8303  A=de:fantastische  B=rl:otchaianno  v=31  gwudemursduwerintitinilnowlrdseherieinedeamdrgottsheeheanwanneegsnegeennwananrnfdwersonerlnsilrninsisinnleumkannhiseinme
-14.8515  A=rl:rasstroistvo  B=rl:otchaianno  v=31  gwudemursduwerintitinilnowlrdseherieinedeamdrgottsheeheanwanneegsnegeennwananrnfdwersonerlnsilrninsisinnleumkannhiseinme
-14.8572  A=ru:заинтересует  B=rl:otchaianno  v=31  gwudemursduwerintitinilnowlrdseherieinedeamdrgottsheeheanwanneegsnegeennwananrnfdwersonerlnsilrninsisinnleumkannhiseinme
-14.8579  A=de:entschlossen  B=rl:otchaianno  v=21  gwudemursduwerintitinilnowlrdseherieinedeamdrgottsheeheanwanneegsnegeennwananrnfdwersonerlnsilrninsisinnleumkannhiseinme
-14.8583  A=de:bestaetigung  B=rl:otchaianno  v=21  gwudemursduwerintitinilnowlrdseherieinedeamdrgottsheeheanwanneegsnegeennwananrnfdwersonerlnsilrninsisinnleumkannhiseinme
-14.8603  A=ru:рассчитывать  B=rl:otchaianno  v=31  gwudemursduwerintitinilnowlrdseherieinedeamdrgottsheeheanwanneegsnegeennwananrnfdwersonerlnsilrninsisinnleumkannhiseinme
-14.8645  A=de:bombardieren  B=rl:otchaianno  v=21  gwudemursduwerintitinilnowlrdseherieinedeamdrgottsheeheanwanneegsnegeennwananrnfdwersonerlnsilrninsisinnleumkannhiseinme
-14.8659  A=de:erklaerungen  B=rl:otchaianno  v=21  gwudemursduwerintitinilnowlrdseherieinedeamdrgottsheeheanwanneegsnegeennwananrnfdwersonerlnsilrninsisinnleumkannhiseinme
-14.8673  A=rl:rasstroistva  B=rl:otchaianno  v=31  gwudemursduwerintitinilnowlrdseherieinedeamdrgottsheeheanwanneegsnegeennwananrnfdwersonerlnsilrninsisinnleumkannhiseinme
-14.8745  A=rl:bezrazlichno  B=rl:otchaianno  v=21  gwudemursduwerintitinilnowlrdseherieinedeamdrgottsheeheanwanneegsnegeennwananrnfdwersonerlnsilrninsisinnleumkannhiseinme
-14.8750  A=rl:nevozmozhnym  B=rl:otchaianno  v=31  gwudemursduwerintitinilnowlrdseherieinedeamdrgottsheeheanwanneegsnegeennwananrnfdwersonerlnsilrninsisinnleumkannhiseinme
-14.8757  A=de:hexenmeister  B=rl:otchaianno  v=31  gwudemursduwerintitinilnowlrdseherieinedeamdrgottsheeheanwanneegsnegeennwananrnfdwersonerlnsilrninsisinnleumkannhiseinme
-14.8762  A=rl:neizvestnogo  B=rl:otchaianno  v=31  gwudemursduwerintitinilnowlrdseherieinedeamdrgottsheeheanwanneegsnegeennwananrnfdwersonerlnsilrninsisinnleumkannhiseinme
-14.8787  A=de:nervensystem  B=rl:otchaianno  v=31  gwudemursduwerintitinilnowlrdseherieinedeamdrgottsheeheanwanneegsnegeennwananrnfdwersonerlnsilrninsisinnleumkannhiseinme
-14.8822  A=de:hubschrauber  B=ru:беспокоит  v=03  hnediwwerwdnnlwkolnheelernmindsintecoloenteteewullenonauehnanetllssteenenfeenlarenurnuneurttnatsderinedeeefenterzisrflun
-14.8829  A=de:faszinierend  B=rl:otchaianno  v=31  gwudemursduwerintitinilnowlrdseherieinedeamdrgottsheeheanwanneegsnegeennwananrnfdwersonerlnsilrninsisinnleumkannhiseinme
-14.8845  A=de:gefuehlvolle  B=rl:otchaianno  v=31  gwudemursduwerintitinilnowlrdseherieinedeamdrgottsheeheanwanneegsnegeennwananrnfdwersonerlnsilrninsisinnleumkannhiseinme
-14.8854  A=de:herzfrequenz  B=rl:otchaianno  v=31  gwudemursduwerintitinilnowlrdseherieinedeamdrgottsheeheanwanneegsnegeennwananrnfdwersonerlnsilrninsisinnleumkannhiseinme
-14.8865  A=ru:внимательнее  B=rl:otchaianno  v=21  gwudemursduwerintitinilnowlrdseherieinedeamdrgottsheeheanwanneegsnegeennwananrnfdwersonerlnsilrninsisinnleumkannhiseinme
-14.8874  A=de:fallenlassen  B=rl:otchaianno  v=31  gwudemursduwerintitinilnowlrdseherieinedeamdrgottsheeheanwanneegsnegeennwananrnfdwersonerlnsilrninsisinnleumkannhiseinme
-14.8895  A=de:kennenlernte  B=rl:otchaianno  v=31  gwudemursduwerintitinilnowlrdseherieinedeamdrgottsheeheanwanneegsnegeennwananrnfdwersonerlnsilrninsisinnleumkannhiseinme
-14.8905  A=de:gaestezimmer  B=rl:otchaianno  v=31  gwudemursduwerintitinilnowlrdseherieinedeamdrgottsheeheanwanneegsnegeennwananrnfdwersonerlnsilrninsisinnleumkannhiseinme
-14.8910  A=rl:nevozmozhnoe  B=rl:otchaianno  v=31  gwudemursduwerintitinilnowlrdseherieinedeamdrgottsheeheanwanneegsnegeennwananrnfdwersonerlnsilrninsisinnleumkannhiseinme
-14.8923  A=ru:маловероятно  B=rl:otchaianno  v=31  gwudemursduwerintitinilnowlrdseherieinedeamdrgottsheeheanwanneegsnegeennwananrnfdwersonerlnsilrninsisinnleumkannhiseinme
-14.8923  A=de:katastrophen  B=rl:otchaianno  v=31  gwudemursduwerintitinilnowlrdseherieinedeamdrgottsheeheanwanneegsnegeennwananrnfdwersonerlnsilrninsisinnleumkannhiseinme
-14.8923  A=de:faelschungen  B=rl:otchaianno  v=31  gwudemursduwerintitinilnowlrdseherieinedeamdrgottsheeheanwanneegsnegeennwananrnfdwersonerlnsilrninsisinnleumkannhiseinme
-14.8958  A=de:kennenlernen  B=rl:otchaianno  v=31  gwudemursduwerintitinilnowlrdseherieinedeamdrgottsheeheanwanneegsnegeennwananrnfdwersonerlnsilrninsisinnleumkannhiseinme
-14.8996  A=ru:расставаться  B=rl:otchaianno  v=31  gwudemursduwerintitinilnowlrdseherieinedeamdrgottsheeheanwanneegsnegeennwananrnfdwersonerlnsilrninsisinnleumkannhiseinme
-14.8997  A=de:kapitulation  B=rl:otchaianno  v=31  gwudemursduwerintitinilnowlrdseherieinedeamdrgottsheeheanwanneegsnegeennwananrnfdwersonerlnsilrninsisinnleumkannhiseinme
