L=979 clesA=28380 clesB=5666 mode=blocks pref=120 seuil=-12.80
paires x variantes notees : 643204320 ; au-dessus du seuil -12.80 : 0
histogramme du criblage (score par quadrigramme, pas 0,125) :
  -16.000 500742463
  -15.875 45181953
  -15.750 34198209
  -15.625 24248302
  -15.500 16146821
  -15.375 10112951
  -15.250 5964081
  -15.125 3311159
  -15.000 1735215
  -14.875 861087
  -14.750 402179
  -14.625 178477
  -14.500 74519
  -14.375 29669
  -14.250 11256
  -14.125 3998
  -14.000 1346
  -13.875 416
  -13.750 155
  -13.625 55
  -13.500 8
  -13.125 1
