NUL 0 score=-2.9310 v=1 rzirdfnrwiepondsnuierlmhmsoeweeheewwmirisracherwnnsogidieneuenrhubdnliertencamesurrnhswonenkunsttebezehnsfdaglfsenenalsereitftigsnsichaneinfeinesweordnfullunnalskfrseesn
NUL 1 score=-2.9627 v=6 lnrcuserwhielwfldilteinternamnesiiwashetzeoriahfrknuiingsialerfohrwshdwaffugomenssneuesiccmsiekonnlztmdarunnensindenwebessernerenoderubenhpnwnerneugffrnrestelhssiendense
NUL 2 score=-2.9226 v=5 fnwibselnenbeiwisshearpieindedrukulmchsehrwnsehtrewiktionssussengzenfurolnrnrnegehioninserdgotteindeutesalsseiunowenfnrsnanshlaacienamrucreffldzdenfehfwemreinerrwlemnsen
NUL 3 score=-2.9249 v=4 rnsesshassendsahirrliwaffenricdereisteinelnteueswwrdenernwenocuosusinganzwemdihfreundlimentermsiknengwenenwnfdubrklenoraioszslnebeiesfruhmohgreisehulentrftnpeninslafchen
NUL 4 score=-2.8830 v=1 shtionelnsoentsantunnerluminlandwmalrasfrlbrfkdeerriclrkuwuscdlerweifstbiserohehenseinefsiesehenzuhmewzpsniaedfeshonoehereinenrfreienunsmutewnsewigscsdirringnfdenangwenn
NUL 5 score=-2.8845 v=5 lwtrlmifeseigenslosinencidiesesfuwurmgewntotzudrecesnentludshauseeinzerbsenmahrensnhndosfernerpunkerifftinderowniucenhesiswwrnhrihnfiesenenmanhrgalfradlinreskelnboseanwe
NUL 6 score=-2.9028 v=1 nflbziehnigwerreibrewleicssifindeeannrthohernersudseesterfurundersftskznnnesinnehnwonielenwasmanenumsleiclworiessltholenihrhuwegatmendewcgnisdeseinerfrfoundkrapfsunsmnae
NUL 7 score=-2.9581 v=5 irlslsonismehrnscnzefuainmhundlidzehrtaranstrengutdufhemeinsnesnibwerkefnunsseralsdnenbshofelweistinweihwrinnengepatfunnowlfenfkromsnedersensiewuecesorecwhgrierrlandieee
NUL 8 score=-2.9253 v=4 snoorwnsiuszhaftuwefwandseisenkehousfumnsrweisinneersterrendestelfwhoneifksgnspilluirlhsrcinesehrnblebesilrieficezmannrrieunonnennadeltftwegedemseherchrinnmannewugderand
NUL 9 score=-2.9646 v=5 nmlntnsfeifteszmieeineanderlsarwohmischwelrluineerstihmsnfrknbucouiinneuenrnrnhesfsefhiehundfolrdngeneweuedorwnahdirbiksounstaeeswareesniednelnseinlcrfsgangwenzrepswrest
NUL 10 score=-2.9581 v=5 cfmwdttnicpsromzeugwkadernmoorreinhealeherunnewandelnefrbmseiswieesauniorueennihrefwherdeinkfenhauschennersrrringsnuuseszetonneisserindsagtetelnlhswnisnewllfbildnssiffen
NUL 11 score=-2.9909 v=5 eeelriecfnreiniklrzczltunfmfasdkhsiewwnsinenunhegsndernumnfseinechindelnnebefieassmleeurerwunwogewfinhnrissnabwoherrnotigdisprsaoldeteeinfroheuserenrundeswlhstmannesstar
NUL 12 score=-2.9211 v=1 zofnahmwwasentfwiesmocnrkrsternhernerleedleonaninslireelufthinwszinnehnbwenofenkgegescteureslodwnuieesbeisagenistmirdunsrrnrenssnplwirddfrefleiursdiesanahumchefsinheennu
NUL 13 score=-2.8742 v=2 ognifikdaofunfwanngiltrwseelewosirnenlesershwfonenwehwedenswneanaergesellerrecbzenzdemhiedsslihuneirieichenphsenafirkbustenturmsromdeinennauchnfurtsirrmsinntfurslensnesd
NUL 14 score=-2.8819 v=2 ihurfrenslustenseeledufrenotwenlehresnsgewtkntininnreercgreeneingeswohulwirhaprebamiwurunddenoufdieconmenorinnhmenzenbkeninsstanewissennfessiwmalerlhsdfzcfesafrissdahilr
NUL 15 score=-2.9386 v=6 sirtstenhlsizfimfrbtfuhreicfbrinlieornlandschneeeinenfaogutdueerwsneelewmnerwiederkurnsmudealssenesecfenmahenadenkelnundgrowriosenihrtrawnizeinnswwnlegunfnnposreissesshh
NUL 16 score=-2.9238 v=7 nwhlrwaswielenurmifftnderessrarwidknoeinseinurberemendernescewesenwchmeldoespinnenodosnnnlicsihnfrafilzhunneugmitseiguernhtslendnearskeoffzhestsaahnlreseifertwrbungeunsi
NUL 17 score=-2.9062 v=6 fhoihrsndnhoidoresunefzerssenhazcasfugieseantikwurdtmannundwieerwtsmpselenderaucheeinefwnllheisseslnsidfranwieersrrcmelreinesweibsonnflikbgesnennteilungnrforunnehnwmeert
NUL 18 score=-2.8956 v=1 rhaiernenwunfliehiffehrerpugnnigwiczwhehsnnmiklkwlercfsenwindstetsdiedrusetelegrschredfdennroulassinaeinuflsmnonneesrsehreoderbietnunserentbaersinnlianowefenmussnaowezsm
NUL 19 score=-2.9314 v=6 unduosmhrenwzgenetollndeneheftiiihrennnbegrtrimumseisfrillunttscowfwaerdkouhhundofaenscleinwarsieanannrenssfreigeneinfzsnennraswuneswelmenbissifdrpersdesheihrseelenrecwk
