procédé                            bouteille mélanges   rang début du résultat
colonnes déchiffr. eimat v0         -15.692  -15.614   0.71 rrrewurdntnnriotdeffedpverecnnrerduesltilhionfswhr
colonnes chiffr. eimat v0           -15.361  -15.620   0.04 foeiceweuefftssfensaheefnwtmedaltneisernelhitagmgr
double (même clé) eimat v0          -15.760  -15.617   0.78 rleraefirsdenrhndeetiagwebbfuindfrngkfdailnndnvttl
colonnes par bloc eimat v0          -15.801  -15.637   0.86 wauetrsnnfsthitufhffrusvweecnmdsfdegrdttaceotnfnhc
double par bloc eimat v0            -15.553  -15.626   0.32 defweeeuanglruurnieedratitarrttenseauunucernsehufw
colonnes déchiffr. eimat v1         -15.696  -15.614   0.70 rerrwdnurtrinnoeftdfpvedecnrenrdreultesiiolhnwhfsr
colonnes chiffr. eimat v1           -15.357  -15.619   0.04 ndfhrelualnfueufrnudnfcauomftlrlnewilmnrrdcnwkeiiw
double (même clé) eimat v1          -15.581  -15.630   0.38 irdkaiecetgrreefrnbsnwndhedgdifniadtubklnrianftfra
colonnes par bloc eimat v1          -15.804  -15.628   0.86 newetunrafnissthfutfhvrfwsneumcddeeftgstdoartehncc
double par bloc eimat v1            -15.685  -15.618   0.65 oneewneelniwfdofetltntgeuausesrntnerrdriraoueufaau
colonnes déchiffr. heimat v0        -15.539  -15.612   0.32 rtwdensssnnsreaainfeelfeumtgvhanmsndfheedenmlatnpw
colonnes chiffr. heimat v0          -15.344  -15.636   0.04 vnhaergllfrffhneufsfcafcdueeiierrrlsnkimnohwnknlne
double (même clé) heimat v0         -15.793  -15.630   0.87 lrreruttintrrueswnetlsdnsafoefinhnndnnhnsenedesasa
colonnes par bloc heimat v0         -15.751  -15.620   0.80 steceefelsntddceitfenafcrlurveuunanfuwdeddsreftlts
double par bloc heimat v0           -15.146  -15.626   0.00 uromsewvtitfreaeefhudrccdufleednehedraaafnsnfkeduf
colonnes déchiffr. heimat v1        -15.626  -15.619   0.50 utergndsnswsneirsnaeffaelmvuehgnnatdshdfmeemtnenaw
colonnes chiffr. heimat v1          -15.332  -15.635   0.03 ioeieuenefssrrnwasaahwftlolsmieenediiosidrsensenfe
double (même clé) heimat v1         -15.743  -15.625   0.76 wrurreettrnresegifscredunagtlenunihdtndsennessiaon
colonnes par bloc heimat v1         -15.449  -15.628   0.13 ceeflesdndcteeifntalfrucruvuneawnudferdsedfsttulnu
double par bloc heimat v1           -15.815  -15.638   0.86 rnchfnheednceaesedawfdfdnnluaekueeatcdsnolhfdeuele
colonnes déchiffr. tamie v0         -15.772  -15.617   0.82 eezerwnrrutidrnofrntfvedeenpdrndcerutreeiolslnhihf
colonnes chiffr. tamie v0           -15.358  -15.620   0.03 ndfhrelualnfueufrnudnfcauomftlrlnewilmnrrdcnwkeiiw
double (même clé) tamie v0          -15.744  -15.626   0.78 feifdhednnazntseeikcnrfentwedgsnileirnerlrfditunki
colonnes par bloc tamie v0          -15.497  -15.626   0.21 menewtnuarfinsstfhtufvhfrwnsuemdcedetfsgtodrathecn
double par bloc tamie v0            -15.727  -15.629   0.72 fmleeweosdrnidenenlttwnlfotfessnaeguurrtearnoeruud
colonnes déchiffr. tamie v1         -15.680  -15.621   0.63 oezeerwrrnutdrinornftfedveepdnrncedrureteilsolnihh
colonnes chiffr. tamie v1           -15.341  -15.619   0.03 vhekedrdnnrrrtrdldensnancmfefnunsheaesntlbsnonhone
double (même clé) tamie v1          -15.592  -15.634   0.40 hfitoeldnenhetzsanfednikecteerneilwesferrindrgtfdn
colonnes par bloc tamie v1          -15.485  -15.632   0.17 wtuaerfnsnsthtiufhffrwsuvemcendefsdgtdrtateconcnfh
double par bloc tamie v1            -15.644  -15.625   0.58 ssfewdeartgureuteunadiiuererartturfauuentnnesewrdn
colonnes déchiffr. tamieh v0        -15.630  -15.628   0.50 reugtrnndwsssinsernfaaefevlemuhngtnaddsmhfeteemnno
colonnes chiffr. tamieh v0          -15.369  -15.637   0.06 ntekllrunsuasdcudhnruitedrethildrtfcetnciinngiozfn
double (même clé) tamieh v0         -15.650  -15.613   0.61 arintgeefnngfuerceegnirretehserrtdasunsietdnnlulwd
colonnes par bloc tamieh v0         -15.362  -15.634   0.03 meahesencedftisledtfeclfcvanurenruwufdanrudtedsslo
double par bloc tamieh v0           -15.610  -15.616   0.47 nmwauhceusrntaloeuchsenrneecrrfskdudeemnwnennturfc
colonnes déchiffr. tamieh v1        -15.787  -15.617   0.85 tdnwsesnssrneanafieleeufmghtavnsdmfnheeendmanlptwm
colonnes chiffr. tamieh v1          -15.376  -15.636   0.08 nfrcdsanfrdueedsndenfmwenlnmeasnuebswsgolrrenduecr
double (même clé) tamieh v1         -15.621  -15.621   0.50 uereltasnrsdtodlrnnnnhiwtsednsneffeeanannseeuhfnen
colonnes par bloc tamieh v1         -15.756  -15.618   0.83 tamhseeceefndstldieetcfflacnrvureuunwafnudreddstsf
double par bloc tamieh v1           -15.564  -15.643   0.34 nlesntruteuavsnaumuiccrhrlfohsemcdreuentreunfedcnr
vig eimat                           -18.061  -18.105   0.33 afwfcjvhoojxrelhzfirejoclhwhekadiwyomfekcsbuupdbeu
beau eimat                          -18.070  -18.114   0.31 avevyrftmmrdjwptbvsjwrmyptetwqaxsecmovwqyizgglxzwg
var eimat                           -18.007  -18.151   0.07 ivuforlfoarnpexppdidmzmcxpmfewitgwkwcdewkizugxtzeg
vig heimat                          -18.252  -18.203   0.71 xjatvuwpgvnmwawzhybgafajxhwhekxhmkrznnwrghgqfhluxj
beau heimat                         -18.052  -18.095   0.36 drahfgelufnoeaebtczuavardtetwqdtoqjbnnejutukvtpgdr
var heimat                          -18.418  -18.188   0.99 lrqrvgkxwtnykimxhkpoqdavlpmfewlpcirlbvmpgtuyvflglr
zigzag 5 rails                      -15.388  -15.608   0.07 enfhenicnffrdltoiitnrekwfmtcuntavmsnthemnttieuwfdt
zigzag 5 rails par bloc             -15.623  -15.612   0.55 ershdstancrclfdeiledueaeftsndatevdfcnsuenleehasudw
zigzag 6 rails                      -15.696  -15.613   0.73 eacgegawlnnunssigaeniheenuntehfsrmbnzeacvfdlenrend
zigzag 6 rails par bloc             -15.805  -15.640   0.85 ereeanelninklcfhnnfiirrurrunsafcfdhonedevlfucafwre

repère : bouteille telle quelle -15.465
