lignes     position   lecture                bouteille  témoins   rang  début
page 1     lettres    haut→bas                -15.626  -15.714   0.33  euuddeseeeurfdgdsieinreelsaifwebtilremre
page 1     lettres    haut→bas, alterné       -15.454  -15.695   0.10  euuddeseeeurfdgdsieiermerlitbewfiasleern
page 1     lettres    bas→haut                -15.623  -15.720   0.29  ieisdgdfrueeesedduueermerlitbewfiasleern
page 1     lettres    bas→haut, alterné       -15.558  -15.709   0.19  ieisdgdfrueeesedduuenreelsaifwebtilremre
page 1     caractères haut→bas                -15.372  -15.727   0.03  euuddeseeeurfdgdsieinrelsaifetilereseumn
page 1     caractères haut→bas, alterné       -15.504  -15.702   0.10  euuddeseeeurfdgdsieirelitefiaslerneseumn
page 1     caractères bas→haut                -15.452  -15.721   0.08  ieisdgdfrueeesedduuerelitefiaslernedmnrn
page 1     caractères bas→haut, alterné       -15.380  -15.713   0.02  ieisdgdfrueeesedduuenrelsaifetileredmnrn
page 2     lettres    haut→bas                -15.936  -15.209   0.97  oataafieiienkffndeieunzrfiaweenendnranld
page 2     lettres    haut→bas, alterné       -15.711  -15.180   0.93  oataaiieifenkffeiednunzrfeewainendndlnar
page 2     lettres    bas→haut                -16.113  -15.243   0.99  aataoiieifffkneeiednfrznueewaindnendlnar
page 2     lettres    bas→haut, alterné       -15.414  -15.214   0.71  aataofieiiffknendeiefrznuiaweendnenranld
page 2     caractères haut→bas                -15.366  -15.173   0.67  oataafieiienkffndeieuzrfiweennndnrdwanle
page 2     caractères haut→bas, alterné       -15.568  -15.252   0.78  oataaiieifenkffeiednuzrfeewinnndndrwanle
page 2     caractères bas→haut                -15.623  -15.236   0.86  aataoiieifffkneeiednfrzueewindnnndrelnaw
page 2     caractères bas→haut, alterné       -15.057  -15.250   0.31  aataofieiiffknendeiefrzuiweendnnnrdelnaw
pages 1+2  lettres    haut→bas                -15.584  -15.612   0.42  euuddeseeeurfdgdsieioataanreelsaifwebtil
pages 1+2  lettres    haut→bas, alterné       -15.551  -15.630   0.31  euuddeseeeurfdgdsieioataaiieifermerlitbe
pages 1+2  lettres    bas→haut                -15.635  -15.615   0.54  aataoieisdgdfrueeesedduueiieifermerlitbe
pages 1+2  lettres    bas→haut, alterné       -15.569  -15.619   0.39  aataoieisdgdfrueeesedduuenreelsaifwebtil
pages 1+2  caractères haut→bas                -15.373  -15.621   0.04  euuddeseeeurfdgdsieioataanrelsaifetilerf
pages 1+2  caractères haut→bas, alterné       -15.514  -15.623   0.25  euuddeseeeurfdgdsieioataaiieifrelitefias
pages 1+2  caractères bas→haut                -15.563  -15.616   0.34  aataoieisdgdfrueeesedduueiieifrelitefias
pages 1+2  caractères bas→haut, alterné       -15.322  -15.612   0.04  aataoieisdgdfrueeesedduuenrelsaifetilerf
