dictionary 6000 extra letters allowed in window: 0
global: sum z real 8.3 | null mean -0.0 sd 34.4 -> Z=+0.24, p_high=0.400
words most in excess (obs vs null mean, p_high):
  halse        obs   3 null   0.05 p=0.000
  sichs        obs   2 null   0.01 p=0.000
  meinst       obs   3 null   0.11 p=0.000
  nein         obs   9 null   2.57 p=0.000
  nine         obs   9 null   2.57 p=0.000
  inne         obs   9 null   2.57 p=0.000
  tasse        obs   2 null   0.06 p=0.000
  toll         obs   2 null   0.06 p=0.000
  hals         obs   2 null   0.06 p=0.000
  riss         obs   3 null   0.33 p=0.000
  feld         obs   3 null   0.37 p=0.000
  ruine        obs   4 null   0.69 p=0.000
  haustur      obs   1 null   0.00 p=0.000
  ernstlich    obs   1 null   0.00 p=0.000
  erwiesen     obs   2 null   0.05 p=0.010
  erweisen     obs   2 null   0.05 p=0.010
  ichs         obs   2 null   0.07 p=0.010
  sich         obs   2 null   0.07 p=0.010
  adieu        obs   2 null   0.07 p=0.010
  werth        obs   2 null   0.11 p=0.010
  neigte       obs   2 null   0.09 p=0.010
  sage         obs   2 null   0.15 p=0.010
  sinne        obs   4 null   0.87 p=0.010
  faust        obs   1 null   0.01 p=0.010
  notig        obs   1 null   0.01 p=0.010
  segnen       obs   2 null   0.07 p=0.020
  dresden      obs   2 null   0.07 p=0.020
  dame         obs   2 null   0.17 p=0.020
  ofen         obs   3 null   0.52 p=0.020
  ferdl        obs   2 null   0.14 p=0.020
