mot          fenêtre bouteille  hasard
heimat            16      0.03    0.02
heimat            56      0.61    0.57
pillau            16      0.00    0.00
pillau            56      0.06    0.07
baltijsk          18      0.00    0.00
baltijsk          58      0.00    0.00
schule            16      0.02    0.01
schule            56      0.53    0.48
mutter            16      0.02    0.01
mutter            56      0.55    0.53
vater             15      0.00    0.01
vater             55      0.12    0.13
krieg             15      0.00    0.01
krieg             55      0.21    0.17
freund            16      0.11    0.09
freund            56      0.87    0.82
liebe             15      0.01    0.02
liebe             55      0.19    0.25
deutschland       21      0.00    0.00
deutschland       61      0.45    0.39
russland          18      0.01    0.01
russland          58      0.67    0.67
flasche           17      0.00    0.01
flasche           57      0.44    0.44
sowjetunion       21      0.00    0.00
sowjetunion       61      0.00    0.00
pionier           17      0.00    0.00
pionier           57      0.06    0.07
geheim            16      0.02    0.01
geheim            56      0.37    0.43
zukunft           17      0.00    0.00
zukunft           57      0.11    0.11
kinder            16      0.04    0.02
kinder            56      0.37    0.32
wir               13      0.12    0.15
wir               53      0.89    0.85
lenin             15      0.13    0.18
lenin             55      0.73    0.91
moskau            16      0.00    0.00
moskau            56      0.16    0.13
kapitan           17      0.00    0.00
kapitan           57      0.02    0.03
kompass           17      0.00    0.00
kompass           57      0.02    0.02
