== contrôle 1 : K1=ihonortheplacewherewhen (23) K2=motherauldrantlendme (20)
0.45235 w1=23 w2=20 motherauldrantlendme
0.23348 w1=27 w2=20 motherauldrantlendme
0.22186 w1=27 w2=20 wemustreducepressure
== contrôle 2 : K1=thoughtisfreespeechisfree (25) K2=therewasnotellingforsure (24)
0.42571 w1=25 w2=24 therewasnotellingforsure
0.19358 w1=26 w2=27 butwemustalwaysrememberthat
0.19262 w1=27 w2=25 whenweconsiderthepositive
== contrôle 3 : K1=onecannotresistanidea (21) K2=hededicatedtoasclepius (22)
0.42294 w1=21 w2=22 hededicatedtoasclepius
0.24986 w1=27 w2=22 hededicatedtoasclepius
0.19296 w1=27 w2=22 thetrailblazersinhuman
== contrôle 4 : K1=theyhadbritishcitizenship (25) K2=unreasoningoptimismis (21)
0.40316 w1=25 w2=21 unreasoningoptimismis
0.20432 w1=27 w2=26 lenvoilinesfromthecomplete
0.19939 w1=27 w2=22 hewasunapologeticinhis
== contrôle 5 : K1=notinacriticalwayortoshow (25) K2=verilyitisconvictionthat (24)
0.40209 w1=25 w2=24 verilyitisconvictionthat
0.20775 w1=27 w2=23 nowwhatisthefeelingupon
0.19454 w1=27 w2=20 iseeherandherhusband
