clés=8481956 essais=38076364
histogramme IDP (pas 0,0025) : -0.1000:11721 -0.0975:5688 -0.0950:8247 -0.0925:11765 -0.0900:16242 -0.0875:22536 -0.0850:30089 -0.0825:40422 -0.0800:53051 -0.0775:68176 -0.0750:88135 -0.0725:111403 -0.0700:137379 -0.0675:168227 -0.0650:202163 -0.0625:240667 -0.0600:280895 -0.0575:324601 -0.0550:368899 -0.0525:411247 -0.0500:454432 -0.0475:494422 -0.0450:530008 -0.0425:559378 -0.0400:582312 -0.0375:597294 -0.0350:605154 -0.0325:603951 -0.0300:593186 -0.0275:576825 -0.0250:551821 -0.0225:520799 -0.0200:487488 -0.0175:452191 -0.0150:414265 -0.0125:378434 -0.0100:343108 -0.0075:313087 -0.0050:287146 -0.0025:265377 0.0000:493919 0.0025:239939 0.0050:244448 0.0075:254471 0.0100:268953 0.0125:288911 0.0150:309968 0.0175:334413 0.0200:359920 0.0225:383676 0.0250:406245 0.0275:426442 0.0300:446344 0.0325:460235 0.0350:473691 0.0375:482614 0.0400:491029 0.0425:498718 0.0450:502962 0.0475:507305 0.0500:514441 0.0525:522549 0.0550:531041 0.0575:544774 0.0600:556463 0.0625:571514 0.0650:588261 0.0675:606630 0.0700:625078 0.0725:640615 0.0750:655546 0.0775:670471 0.0800:681234 0.0825:690618 0.0850:695080 0.0875:695056 0.0900:690768 0.0925:680690 0.0950:665361 0.0975:645180 0.1000:621205 0.1025:589200 0.1050:555012 0.1075:514775 0.1100:473149 0.1125:430331 0.1150:385777 0.1175:340637 0.1200:296619 0.1225:255635 0.1250:215999 0.1275:181020 0.1300:148557 0.1325:120379 0.1350:95652 0.1375:75366 0.1400:58316 0.1425:44526 0.1450:33681 0.1475:24608 0.1500:17799 0.1525:12732 0.1550:8919 0.1575:6138 0.1600:4262 0.1625:2909 0.1650:1878 0.1675:1298 0.1700:842 0.1725:510 0.1750:321 0.1775:187 0.1800:142 0.1825:63 0.1850:62 0.1875:22 0.1900:12 0.1925:7 0.1950:5 0.1975:3 0.2000:1 0.2025:2 0.2050:2
0.20544 w1=27 w2=23 heyifyouregivingoutfree
0.20537 w1=27 w2=25 asonerecentcommentatorhas
0.20444 w1=27 w2=23 middleofthecitymilesdue
0.20410 w1=27 w2=26 rajagopalachariaftergandhi
0.20050 w1=27 w2=25 hesighsdeeplyandshakeshis
0.19980 w1=27 w2=25 thisslavehavenofacebefore
0.19889 w1=27 w2=23 thecarbackfiringjoinsin
0.19852 w1=27 w2=20 socowalltherestbrthe
0.19744 w1=27 w2=22 hefoughtabattlewiththe
0.19613 w1=27 w2=20 sureimaybehiswildand
0.19593 w1=27 w2=26 seewhatthisreallycouldbeis
0.19536 w1=27 w2=25 atthattimewenumberedabout
0.19510 w1=27 w2=22 andhesaidhedidntbringa
0.19458 w1=27 w2=25 assoonastheresanopeningon
0.19444 w1=27 w2=23 itsnotlikehimtostayaway
0.19438 w1=26 w2=25 shewouldntallowanyoneelse
0.19405 w1=27 w2=20 theybeganapplyingthe
0.19376 w1=27 w2=20 lonettemckeeofficial
0.19322 w1=27 w2=25 ihavesomethingiwanttotell
0.19302 w1=27 w2=20 rowlingtwitterjuneas
0.19239 w1=27 w2=26 thecavillingoppositionmade
0.19205 w1=27 w2=23 imastrongsuccessfulmale
0.19198 w1=26 w2=23 ascendingtothenextgroup
0.19171 w1=26 w2=25 istocomebackdowntoearthas
0.19168 w1=27 w2=26 butmoreitisavastdistrictof
