clés=1000000 essais=20000000
histogramme IDP (pas 0,0025) : -0.1000:12541699 -0.0975:110922 -0.0950:113038 -0.0925:115055 -0.0900:116005 -0.0875:119372 -0.0850:120595 -0.0825:121805 -0.0800:123352 -0.0775:125409 -0.0750:126063 -0.0725:127602 -0.0700:128035 -0.0675:128968 -0.0650:129862 -0.0625:130690 -0.0600:131141 -0.0575:131126 -0.0550:131223 -0.0525:131824 -0.0500:131908 -0.0475:132496 -0.0450:132003 -0.0425:132221 -0.0400:131667 -0.0375:131932 -0.0350:131554 -0.0325:131701 -0.0300:131361 -0.0275:131247 -0.0250:130246 -0.0225:128957 -0.0200:128792 -0.0175:127044 -0.0150:125634 -0.0125:124674 -0.0100:122992 -0.0075:120976 -0.0050:118664 -0.0025:115854 0.0000:226407 0.0025:108833 0.0050:105694 0.0075:103020 0.0100:99920 0.0125:97257 0.0150:94931 0.0175:92228 0.0200:89788 0.0225:85902 0.0250:83760 0.0275:81517 0.0300:78666 0.0325:76234 0.0350:74119 0.0375:71362 0.0400:69993 0.0425:67233 0.0450:65056 0.0475:62739 0.0500:59821 0.0525:57826 0.0550:55228 0.0575:52147 0.0600:49525 0.0625:46758 0.0650:43247 0.0675:40377 0.0700:37611 0.0725:34147 0.0750:31077 0.0775:27694 0.0800:24881 0.0825:22085 0.0850:19557 0.0875:16804 0.0900:14371 0.0925:12347 0.0950:10562 0.0975:8458 0.1000:7240 0.1025:5975 0.1050:4836 0.1075:3817 0.1100:3084 0.1125:2403 0.1150:1981 0.1175:1514 0.1200:1126 0.1225:831 0.1250:632 0.1275:481 0.1300:346 0.1325:250 0.1350:181 0.1375:113 0.1400:97 0.1425:64 0.1450:35 0.1475:25 0.1500:25 0.1525:13 0.1550:16 0.1575:7 0.1600:8 0.1625:4 0.1650:2 0.1675:2 0.1700:1
0.17112 w1=30 w2=20 dadalosninoslalibert
0.16779 w1=30 w2=21 nuevosricosrefnamevac
0.16767 w1=30 w2=16 porquelasmatemat
0.16650 w1=30 w2=14 unapequenadulz
0.16505 w1=30 w2=19 talentosotorrenteel
0.16448 w1=30 w2=19 frankshumanbrooklyn
0.16354 w1=30 w2=23 meunoalagradecimientopo
0.16283 w1=30 w2=13 ansisecriaelh
0.16271 w1=30 w2=14 lafecundidadyl
0.16210 w1=30 w2=22 todoslosbeneficiosseco
0.16199 w1=30 w2=11 refodetothe
0.16164 w1=30 w2=30 elcambioseefectuaraledejulioys
0.16102 w1=30 w2=14 amadeoideespan
0.16043 w1=30 w2=11 librehistoi
0.16017 w1=30 w2=15 enesemomentonoh
0.16009 w1=30 w2=13 reflesgrandss
0.16007 w1=30 w2=16 otroswikisharane
0.15992 w1=30 w2=28 lasreligionesylosmitoscompar
0.15919 w1=30 w2=15 amanmaybeversat
0.15892 w1=30 w2=14 cartagorefjoaq
