clés=1000000 essais=20000000
histogramme IDP (pas 0,0025) : -0.1000:12540802 -0.0975:110421 -0.0950:112817 -0.0925:115056 -0.0900:116293 -0.0875:119077 -0.0850:119903 -0.0825:121572 -0.0800:123737 -0.0775:125195 -0.0750:126411 -0.0725:127453 -0.0700:128289 -0.0675:129160 -0.0650:130124 -0.0625:130379 -0.0600:131138 -0.0575:131517 -0.0550:131561 -0.0525:131988 -0.0500:132462 -0.0475:131530 -0.0450:131324 -0.0425:132169 -0.0400:131893 -0.0375:131584 -0.0350:132217 -0.0325:131663 -0.0300:131313 -0.0275:131629 -0.0250:130540 -0.0225:129514 -0.0200:128267 -0.0175:127492 -0.0150:126491 -0.0125:124384 -0.0100:122223 -0.0075:120726 -0.0050:119539 -0.0025:116206 0.0000:225983 0.0025:108721 0.0050:105777 0.0075:102771 0.0100:100321 0.0125:97851 0.0150:94555 0.0175:91942 0.0200:88928 0.0225:86027 0.0250:83244 0.0275:81315 0.0300:78982 0.0325:76912 0.0350:73861 0.0375:71884 0.0400:69131 0.0425:67097 0.0450:64922 0.0475:63080 0.0500:60182 0.0525:57760 0.0550:55263 0.0575:52779 0.0600:49323 0.0625:46530 0.0650:43444 0.0675:40333 0.0700:37168 0.0725:34263 0.0750:31107 0.0775:28041 0.0800:25017 0.0825:22181 0.0850:19542 0.0875:16925 0.0900:14464 0.0925:12363 0.0950:10478 0.0975:8748 0.1000:7180 0.1025:5864 0.1050:4829 0.1075:3821 0.1100:3023 0.1125:2440 0.1150:1865 0.1175:1485 0.1200:1106 0.1225:821 0.1250:627 0.1275:484 0.1300:335 0.1325:261 0.1350:184 0.1375:133 0.1400:69 0.1425:64 0.1450:48 0.1475:29 0.1500:21 0.1525:11 0.1550:10 0.1575:9 0.1600:3 0.1625:1 0.1650:3
0.16698 w1=30 w2=30 refolasdesgraciasmastemidasson
0.16679 w1=30 w2=27 tunombretunombrecompletootu
0.16506 w1=30 w2=30 tuvoanosininterrumpidosdegesti
0.16398 w1=30 w2=11 refsorapand
0.16188 w1=30 w2=16 yoestoyasombrado
0.16155 w1=30 w2=22 robertodromirefhttpsww
0.16036 w1=30 w2=21 onemoleculesaidyestoa
0.15934 w1=30 w2=14 laideadepropon
0.15921 w1=30 w2=20 sicontinuasvandaliza
0.15858 w1=30 w2=12 ydebodecirlo
0.15858 w1=30 w2=19 setehaocurridounapo
0.15790 w1=30 w2=27 todoloquehacesesencaminarte
0.15789 w1=30 w2=22 detodasformassiempreim
0.15785 w1=30 w2=23 sisiguesenestalineamaca
0.15762 w1=30 w2=15 elvizcainodegen
0.15757 w1=30 w2=15 serdiferentedep
0.15697 w1=30 w2=15 yohagoarticulos
0.15695 w1=30 w2=27 denoviembredelondresdeabril
0.15678 w1=30 w2=18 lafuerzaquetunoten
0.15663 w1=30 w2=28 noesposibleteneralasdoscosas
