clés=1000000 essais=20000000
histogramme IDP (pas 0,0025) : -0.1000:12540026 -0.0975:111091 -0.0950:112750 -0.0925:114548 -0.0900:116624 -0.0875:118454 -0.0850:119712 -0.0825:122036 -0.0800:123577 -0.0775:124985 -0.0750:126258 -0.0725:128084 -0.0700:128872 -0.0675:129279 -0.0650:130293 -0.0625:130398 -0.0600:131380 -0.0575:131883 -0.0550:131629 -0.0525:131611 -0.0500:131747 -0.0475:132889 -0.0450:131533 -0.0425:132683 -0.0400:132476 -0.0375:131891 -0.0350:131665 -0.0325:132269 -0.0300:131915 -0.0275:131167 -0.0250:130074 -0.0225:128578 -0.0200:128305 -0.0175:127542 -0.0150:126078 -0.0125:124933 -0.0100:122579 -0.0075:120850 -0.0050:119432 -0.0025:116350 0.0000:225249 0.0025:108757 0.0050:105537 0.0075:103250 0.0100:99671 0.0125:97295 0.0150:94138 0.0175:91935 0.0200:89187 0.0225:86884 0.0250:84328 0.0275:81203 0.0300:78010 0.0325:76284 0.0350:73584 0.0375:72294 0.0400:69344 0.0425:67289 0.0450:64580 0.0475:62120 0.0500:60464 0.0525:57807 0.0550:55246 0.0575:52017 0.0600:49396 0.0625:46704 0.0650:43067 0.0675:40737 0.0700:37349 0.0725:34075 0.0750:31038 0.0775:28168 0.0800:24845 0.0825:21836 0.0850:19486 0.0875:16846 0.0900:14682 0.0925:12527 0.0950:10556 0.0975:8810 0.1000:7272 0.1025:5926 0.1050:4882 0.1075:3797 0.1100:3041 0.1125:2471 0.1150:1916 0.1175:1423 0.1200:1165 0.1225:836 0.1250:587 0.1275:465 0.1300:337 0.1325:236 0.1350:186 0.1375:126 0.1400:104 0.1425:54 0.1450:41 0.1475:33 0.1500:22 0.1525:16 0.1550:6 0.1575:8 0.1600:3 0.1625:2 0.1650:2 0.1700:1 0.1825:1
0.18450 w1=30 w2=14 enlasmalasseve
0.17196 w1=30 w2=16 lamoralquenotien
0.16546 w1=30 w2=27 decaballooveronilacrinnielc
0.16505 w1=30 w2=15 opuedeserutiliz
0.16473 w1=30 w2=13 niunapalabraa
0.16313 w1=30 w2=27 cuandolaborricaquierecorrer
0.16195 w1=30 w2=23 casateconunamujerenlamo
0.16194 w1=30 w2=15 juanantoniomart
0.16099 w1=30 w2=23 ayudadmeacomprenderloqu
0.15958 w1=30 w2=22 quienvelosondoydesconf
0.15948 w1=30 w2=27 paranadarhayquetirarsealagu
0.15901 w1=30 w2=28 yaestaviejopedroparacabreror
0.15879 w1=30 w2=27 lagentesolosemuerecuandolao
0.15815 w1=30 w2=22 franciscodequevedoyvil
0.15815 w1=30 w2=27 bienajenoeslahermosuraysobr
0.15789 w1=30 w2=27 lagallinademivecinasiempree
0.15786 w1=30 w2=22 larespuestacorrectaesl
0.15716 w1=30 w2=15 lavoluntadhacea
0.15694 w1=30 w2=15 latocasteparael
0.15672 w1=30 w2=19 piensoquelaconstant
