clés=447052 essais=8941040
histogramme IDP (pas 0,0025) : -0.1000:5606403 -0.0975:49583 -0.0950:50337 -0.0925:51123 -0.0900:51955 -0.0875:52857 -0.0850:53839 -0.0825:54524 -0.0800:55603 -0.0775:55580 -0.0750:56615 -0.0725:57179 -0.0700:57377 -0.0675:57877 -0.0650:58394 -0.0625:58375 -0.0600:58552 -0.0575:58857 -0.0550:58667 -0.0525:59240 -0.0500:58923 -0.0475:58766 -0.0450:59172 -0.0425:59227 -0.0400:59082 -0.0375:59061 -0.0350:58695 -0.0325:59480 -0.0300:58472 -0.0275:58632 -0.0250:58010 -0.0225:58124 -0.0200:57610 -0.0175:56754 -0.0150:56143 -0.0125:55416 -0.0100:55282 -0.0075:53790 -0.0050:52801 -0.0025:51716 0.0000:101043 0.0025:48840 0.0050:47571 0.0075:46060 0.0100:44614 0.0125:43198 0.0150:42285 0.0175:41069 0.0200:39896 0.0225:38358 0.0250:37917 0.0275:36170 0.0300:35080 0.0325:34309 0.0350:33105 0.0375:32084 0.0400:30851 0.0425:29838 0.0450:28893 0.0475:28154 0.0500:26785 0.0525:25800 0.0550:24559 0.0575:23361 0.0600:22188 0.0625:21132 0.0650:19610 0.0675:18210 0.0700:16643 0.0725:15347 0.0750:13858 0.0775:12623 0.0800:11235 0.0825:9810 0.0850:8730 0.0875:7512 0.0900:6464 0.0925:5471 0.0950:4609 0.0975:4073 0.1000:3208 0.1025:2625 0.1050:2126 0.1075:1693 0.1100:1396 0.1125:1110 0.1150:883 0.1175:728 0.1200:454 0.1225:377 0.1250:250 0.1275:227 0.1300:150 0.1325:114 0.1350:79 0.1375:51 0.1400:39 0.1425:24 0.1450:21 0.1475:17 0.1500:10 0.1525:3 0.1575:2 0.1600:1 0.1625:2 0.1725:1 0.1775:1
0.17871 w1=30 w2=15 reffaithlifeand
0.17251 w1=30 w2=15 papanoelconocid
0.16408 w1=30 w2=16 disfrutarasdeser
0.16261 w1=30 w2=11 refoelpecad
0.16022 w1=30 w2=14 redeanlasslich
0.15972 w1=30 w2=24 verencontrerimesxiicitad
0.15967 w1=30 w2=15 enfrasesinolvid
0.15304 w1=30 w2=14 usuallythewoma
0.15293 w1=30 w2=23 ahoratengoseishijosynin
0.15262 w1=30 w2=29 conversationswithdeniscrouzet
0.15230 w1=30 w2=24 elquenosepareirsedesimis
0.15183 w1=30 w2=22 refcaracteresetconfide
0.15162 w1=30 w2=29 relatasuamistadconbergamincab
0.15126 w1=30 w2=11 heestadollo
0.15101 w1=30 w2=16 debemantenersepe
0.15087 w1=30 w2=22 sigloifueunescritorrom
0.15059 w1=30 w2=15 porquesicobroyo
0.15033 w1=30 w2=29 estamosluchandoporelrespetoan
0.15022 w1=30 w2=19 comoquienresisteest
0.15012 w1=30 w2=19 estamossolicitandol
