bottle plain 979
  d= 1 obs= 68 exp=  81.3 z=-1.58 p_low=0.062
  d= 2 obs= 91 exp=  81.0 z=+1.18 p_low=0.894
  d= 3 obs= 86 exp=  81.0 z=+0.61 p_low=0.754
  d= 4 obs= 78 exp=  81.0 z=-0.36 p_low=0.391
  d= 5 obs= 75 exp=  80.9 z=-0.71 p_low=0.263
  d= 6 obs= 88 exp=  80.7 z=+0.87 p_low=0.825
  d= 7 obs= 90 exp=  80.8 z=+1.09 p_low=0.868
  d= 8 obs= 83 exp=  80.6 z=+0.29 p_low=0.649
  d= 9 obs= 85 exp=  80.9 z=+0.49 p_low=0.712
  d=10 obs= 89 exp=  80.8 z=+0.98 p_low=0.851
  d=11 obs= 79 exp=  80.6 z=-0.19 p_low=0.451
  d=12 obs= 73 exp=  80.3 z=-0.90 p_low=0.206
  d=1..3 combined obs=245 exp=243.3 z=+0.12 p_low=0.5705
bottle rich 979
  d= 1 obs= 54 exp=  61.7 z=-1.05 p_low=0.163
  d= 2 obs= 76 exp=  61.6 z=+1.99 p_low=0.980
  d= 3 obs= 65 exp=  61.8 z=+0.43 p_low=0.696
  d= 4 obs= 60 exp=  61.7 z=-0.22 p_low=0.449
  d= 5 obs= 62 exp=  61.4 z=+0.09 p_low=0.568
  d= 6 obs= 67 exp=  61.4 z=+0.75 p_low=0.801
  d= 7 obs= 70 exp=  61.2 z=+1.20 p_low=0.896
  d= 8 obs= 63 exp=  61.4 z=+0.22 p_low=0.620
  d= 9 obs= 68 exp=  61.3 z=+0.91 p_low=0.829
  d=10 obs= 71 exp=  61.2 z=+1.33 p_low=0.920
  d=11 obs= 63 exp=  61.3 z=+0.24 p_low=0.622
  d=12 obs= 56 exp=  61.2 z=-0.71 p_low=0.265
  d=1..3 combined obs=195 exp=185.1 z=+0.77 p_low=0.7917
page1 plain 786
  d= 1 obs= 53 exp=  62.9 z=-1.36 p_low=0.096
  d= 2 obs= 66 exp=  63.0 z=+0.42 p_low=0.695
  d= 3 obs= 66 exp=  62.7 z=+0.44 p_low=0.703
  d=1..3 combined obs=185 exp=188.6 z=-0.28 p_low=0.4215
corsair plain 939
  d= 1 obs= 67 exp=  77.9 z=-1.33 p_low=0.100
  d= 2 obs= 85 exp=  77.8 z=+0.90 p_low=0.832
  d= 3 obs= 81 exp=  77.8 z=+0.39 p_low=0.681
  d=1..3 combined obs=233 exp=233.4 z=-0.03 p_low=0.5065
