l  bottle DE mean  DE sd      z
b       6    19.2    4.9  -2.69
a      39    59.6    9.5  -2.17
c      17    32.3    7.1  -2.15
g      16    29.8    6.7  -2.06
v       3     7.8    3.3  -1.43
k       7    12.6    5.0  -1.14
j       0     2.3    2.0  -1.12
p       2     6.9    4.4  -1.11
t      48    56.5    8.3  -1.02
o      19    25.1    6.8  -0.90
h      43    51.0    9.7  -0.82
z       9    11.4    4.0  -0.59
i      71    77.5   11.3  -0.58
y       0     0.7    1.6  -0.46
s      66    69.8    9.8  -0.38
m      25    27.3    6.8  -0.34
q       0     0.3    0.8  -0.34
x       0     0.2    0.6  -0.34
u      42    44.2    7.3  -0.30
e     168   161.2   14.4  +0.47
l      41    35.9    7.3  +0.69
d      54    48.1    8.2  +0.72
r      84    68.7    9.6  +1.60
n     137    99.4   13.1  +2.87
w      36    16.3    5.2  +3.79
f      46    15.2    4.8  +6.43
blocks [166, 169, 162, 169, 169, 144] rest 0
f [7.2, 2.7, 2.9, 1.5, 1.5, 3.9]
w [0.8, 2.5, 2.0, 1.9, 2.5, 2.4]
n [0.3, 1.7, 1.2, 2.8, 2.0, 1.8]
a [-0.4, -1.4, -0.6, -1.4, -1.4, -1.7]
c [0.7, -1.1, -1.5, -1.1, -1.5, -2.2]
g [-1.8, -1.0, -0.9, -0.5, -1.0, -1.2]
b [-1.8, -0.7, -0.7, -1.8, -0.7, -1.7]
