NUL 0 score=-2.8426 v=2 isawkeeizeristenwntendeinedardieeensngbereiiorieinwegwchanrdeszaraweheundlerishinnennutreifwmenrlkrhilftunftdrzuendosensfwleiruorubereisersehshgntonendamenmfrcnonthinent
NUL 1 score=-2.8880 v=7 hdcntereutwndirwubenheruiiiieniibendeneckufreweandetesezehnmlzttrenraneihsgfeisensindgherausdronihmfsiediozenfaldrgeworswerewarfsinnekeninnenmnaherwneresnuneottrtinrsoll
NUL 2 score=-2.8845 v=3 neutsrginfirfureintewwdannfhgehewederansdreianseinerfkintriuroeinzuhrtnmansneuedreileernilseinohdnutnwenanmzwbfernehmedietrikelnbaezdessenricocehienowrtnlswedoeheigstsrn
NUL 3 score=-2.8579 v=4 nemzncienseeenaeinwennwirhowenitofurironfrftrllaneessecrzwndkrietagesdenamwinbierdaserstesnihilhdenerheftnundenihrureafeegnurhionwdensiewerkterinodbeiunsegmsudlnrhztetni
NUL 4 score=-2.7999 v=6 lwottenznaikinthdeiihzincwelodfmasinstruginderercunnosedierezwdeferdingeueehfefibrreienunwirtreulesfgenwiealberunsinnstneinnsahnedesmewarenhtrohwdannereerohmrnenneirtsks
NUL 5 score=-2.7950 v=5 tdbinilwecgchenwoihnzurstefoahrkaretdbihremreizedfreiohnsnenenaussuneeiihrindefdieidwieuenrawrdonnerunnotideneswireutegzerslswennnierenlfhagwarkrntennelesentrmfsmenenist
NUL 6 score=-2.8220 v=1 ohfeuesoldefkzuwenenzuersundsanucienwweitdasnifenddrfenweiherrnbratliresnmminerseegnnteirgewebennunserhnsdertroneinnehtkehrinlandwetzderregesealsihronhawritionimtfineici
NUL 7 score=-2.8750 v=2 rueeztaetzbdiezwirnfrnkrihrnwenwonarcseinwenideeneorhterbusenistdenrosnlfowiftiginelfreudennnnwletieedfihrhwesendenurohnensratauerindiemencidenskaselsrminmehraitggeushen
NUL 8 score=-2.8670 v=1 nifindetefrainintenseuihdudhensiowmfrrwetzrinkbartiarmenwarnunwisseehrerindregelodeinezwizenhegeeinodsehnenmnunnacisknirenwantnreutnoneseetcowiderslblgrehereshuresfeldtf
NUL 9 score=-2.8540 v=1 wrmwronnerscirrstesdieefsiedenzweonalsieagnichtfndtreufelherrkohnesdldstenwgunierezeauainlteerseieinenmedizwarenunfrrhhseininirgreenteneinhdeoftnkhwnunbrownstemandinieub
NUL 10 score=-2.8121 v=7 hddlterenhiunsereuertmalenehrgeieerchtonrfrrwreseinwanwhenerfwaeinansleierdrnendzigadrrbzehntdesseneunbefungietfiuswitzeekinoinsnwinkerfinsornameodnmliiesihustwenncdoent
NUL 11 score=-2.8518 v=0 errhnrnwaeintnamlftenshdduhurcdreiindenzwesenerweaefugigkreiseleideissunrtoreoehferohnendsiwndeinabsenzreinansodkwehihmfrnegotienwennmcrtrreisetiefterunstnennelzwilbauin
NUL 12 score=-2.8079 v=6 eznwzieenwhirrwenderwdieunegelretenesndesbinbetrefnusthnandricffdiromfortnrnenefrageloartsschwwmineurehiiartreilsameeehundelonengtsineinknnihzenundwurnothkdassseieinerei
NUL 13 score=-2.7614 v=5 ifsndurwdreknurinmhetezrinntanstdtedengowwereaineinershattenoesiweinreohneercahatsibwrowielenmeneinzelnenhdemwirdnidereiferbkelninerruhsgsehnnderunenunfristsogffzaeluisc
NUL 14 score=-2.8910 v=2 stmuhsifaznurfhonheitwiirhsunslanmiteinlacsinnerodereersirfrnnenweundnucfetznneieineiwwelfendieerkeiersetzrrhoedeemodeiswngtnagtgwrererwilbedenndaeinbneunkenherrsonatshd
NUL 15 score=-2.8906 v=6 sdlrdeneordnehnteskafdiinwhkideenfhrenurrteeineehenowetzeunieaierenimsiedsnftwzderlinhewennetwasmncieranwoniurbzteunwmfudlosetteihnneungergrnirgscaseseinsfreiohnrnrbirla
NUL 16 score=-2.7816 v=7 dtldadrrkzenteswzorfewiihnennenwnunbieterneuensinifotesouhrwmiterfdditherrinsieinderslannerwuessmessigtureeinlreimerhnenwahklewanfnnnieanggroshcoidiebztnencaenefruheerde
NUL 17 score=-2.8495 v=5 nunusriffzufteserrohrlninilbergehtddeurwenigenwartewasreeahwrebilawdsteheneinoreerndeenihnezutneinenfihnnensomdstcsdensenkzuerreidrinsinscrirwiehatanwkeinfetemnongdleimo
NUL 18 score=-2.8232 v=2 ffmddkmnaeelewanieuberderrlegenetbunterleugnwenriefdherninhwrotnunzwusstetssseienhiereinalsscnwonhtdehnenfoesigdiwaeinzerreesoeieeinstorricnzmahrwarernhinundtrifinenkind
NUL 19 score=-2.8243 v=3 urfhbrenntesiwionkelhwnesftzwurzefrsrendtnlcretarhezweitnwoauherfdiordinntamoreiinwelteisnandiereesnwkniennesonnenerdeshaugrhimdermgeigisteinrebennaucfeseinenunsherdiled
