NUL 0 score=-2.9234 v=1 nssnsesenuwirdtenhullwencmlhsindenmunnensaallilegiwfliefezueignlehnihseinherrpehirnwlantrhseinednesntemanggreewttdieifherrctionasdtenfehlunlinicruawennesmrdnnllistensfer
NUL 1 score=-2.8998 v=4 srneilftdiluolteesnnncnaumrignenwenhnirgwfasewlentihrnschwenlagtsasunngrnninuntersnilehermteidserdelundzwihilasaersehnpernllmewihrefielsmitdensiclenuentenedhlhineffeisen
NUL 2 score=-2.9322 v=0 hsinfotutfdaengsselslnswernencmuntftewcezilrieheheninnahmwietllesentnlangendmlesrudglnieamhinterheprderereisesrwltewarwdannfehseihresinnuninnerlinnuunslifeldcisnglihneni
NUL 3 score=-2.8906 v=3 swdlreltenhahangenundnirhinprlwneriegeneiiitselnchlittensisscseelalmhnenundnlnezielschrirnnunistwnsdatoseisdmffnhugdelruwesenhilfenerenenahnmeinelienergieentwwflstumrraf
NUL 4 score=-2.8910 v=0 hnwsfennenleintlitgerinliefepfufrnselazfreentsnlraurhiogtudegutenherdeshelllautcliersdnenntunshildswmiwiwassieelerntmimsegnsinnehinnccelsnnwirihrdransehewhennindemlannee
NUL 5 score=-2.9047 v=1 eaheltflnreifenundchwehmudeslhsnegreteilthieandrectfashiernoleinsaiwuswderenmunineinenellenslnsehensderlasseprisnnnminrllanmftsnnirnzuwnreteiligeitcgtenlwninnisfurdehhgw
NUL 6 score=-2.8845 v=3 nnadnigtwieinreihewlhssinritseeledwenzelietrslganesnicnonnnammlrfsafdhrwmitsaeclternsteinherrnnfusfiileringensihnnheiscdenunheluptellenwueiwtlhsernahmdenesengdurennulfle
NUL 7 score=-2.9040 v=0 cssngteumihnenwassntrfnillueuessenesurrillsegestaeealszehlwieinteilpnftnennehmeneineernieerniifndhnwrselritleundannmihnderlesinnfcrlichwnigerhhldftrhnetnunlodndsewwaimag
NUL 8 score=-2.8380 v=6 maamweiensterelemsnsnannunnmrihrsengdirfuapelerinnenistfeigennunrlwlassedehnwillesnennlendzrnunsoittlichtessretnfruheehrgfleniiiehewallnurhecfihnlesewlndwiegtinneditdsch
NUL 9 score=-2.9169 v=0 hdnrneigeoilrrgrneingeheundannlauhlfenerwhenfeinsfiwmusatratpleinwlwennesstecsauendgseinensrestliialflmnesdiehullesehninwenmundnenmilcfscnisllrznterdwithnhiehintreteners
NUL 10 score=-2.8293 v=1 tesinneswchnedlrialeseinenrdneinwmehrcemannlewisseidihlindiwwennsilrruncnshlsehnsehsimfriedfzenmwasuellegtenrtlegthrtarelfuhreaufeinfuptgelnnennadelnneiniostlernsghntuni
NUL 11 score=-2.8659 v=3 uhncfrahendislehrtesiiculiamrlerwuniontahnenlirwennregrswseriesimmehefwasduhideettllsnachreinzntfnesfwehwendennnneisnilllddigelegtepreisungnshennenneeinflstrumastelinnln
NUL 12 score=-2.8438 v=1 tlgigwnniwhnefurscmelarrhauwegwillenenhernsindsirtfieufehellenessolischenurtsdennezafiniralteidnehmihnenntngrweltmrplwnelfslneneinneeinhesstaessihnlreinesuncidmnaturendd
NUL 13 score=-3.0042 v=0 heifwteinseeeneinnlichtdenenspartwdrsleircgelnsfaffhrsninahmslneellenteweltinnehgrwgluclmiridnisolewiesezaiinnsmruhdiediewhndhesnanrneuennuraenmusstensntillnunelfrhrteng
NUL 14 score=-2.9230 v=7 fdlnhafssleraniurneflefngedominerainwlereierslhuhneetrnnwegdntnwildienweccienfalllteaistiminegntremmeleinssindscesherzensuhheldhilgheitnnihnenseinenpultsnnneswarnurwturs
NUL 15 score=-2.9291 v=3 ncelmineagwuisslieswutulerwldeinphsgeltsfrmartdnwtnennensiehtagenesendheilslftnmeinisierlwranrriesenertntczeihendohneunsifnldnhnsinaheeiringenunwlnenflnclausriefhdhemrel
NUL 16 score=-2.8258 v=5 osnunnurhatftsiepfllineinihnfrlwelrgsfiscienueerhenlsenheitdtrecswlnenneseheimsimrfwigtenmdamnwirdnesdinhitwnzellegelugeerdutlnachalleenassunsnnseinehlennrtriwahrendenni
NUL 17 score=-2.8857 v=4 neiellenneerflteiningsleinsnnhirtueferenttlichensmalnduzagmdiwohdwenceninnunpunhalentdennherstdurigedhalleswwmimlennwisislerrfasssierwhnengelichseinnasrefernhinterflsuet
NUL 18 score=-2.8777 v=4 trlndiensthinniwlugfnwripmnemhnisentalelichtwiesensiwnnenenellerallefensnglrftesisttulerenumhellensgfhennentoanrsenawghaselfauhrdereidendmehnurniwucciseinidensriedrzshin
NUL 19 score=-2.8521 v=7 dhuistwchseneshwirfindhelrhlzerimmenniedennstelefensatanreelternllsnlliforitwlenesmichwnrnaeslnglcampferuneneintsiedenundneiternggehulweisswrienginhianunihnentfasslerund
