NUL 0 score=-2.8696 v=1 vnnslewieddamfrontdmehrketettldneneinsradeerreinemdlrgendorffimirwederduwrnimwfrhaftfesselzfiernenhnendeinereurlresirrediarengreinwfuwlssinnunnn
NUL 1 score=-2.8507 v=4 wrrgenderknrngrimwefelmirdieerdhidenenunfindedelsneindrerdwaremeieatmflerudosruhlfsfrfettlfezrtverstunfriesendannenneinrlnnensndewasmihneioriwrw
NUL 2 score=-2.8237 v=4 vwrindeeingerwielinntmeieerhkreenmnifdassfranzlefrondermutderdeimnlsdenrdersnmloresetihrdenesdnernweniurrungniefhefaustwfrwledindernflirtrafenwn
NUL 3 score=-2.8228 v=5 drlledhdmidatnuweneeiveintenfreieduardnarrtforfnwseinrherumtonesnleitiefisrelzwnrihrdnlsfeisenesmusfrlnnennendmarrngefinrefwerdemirwngwdenkerder
NUL 4 score=-2.8215 v=6 lldfstrrwenifkaweinerswwennallanrmfuniereinmrdroneneenddesesftihnherrmgerinnerrnrzgrrndesadrfteifenundundmeiihmfderendseinelloetdeiuverwirftenws
NUL 5 score=-2.9204 v=6 fnthmnrendelnunderwwandsgfrgztemirdnrddmensnfiiernidurintehredlenunhofeindsdlwfrfuvlarerneinensitawefeiersnommerredsreinereirealsfrnekelwerenitw
NUL 6 score=-2.8323 v=5 mlrrnundtrennfvieiwdihrerfnisderfgzfrhwerdwrnwilmnalnferdeeinsundlhsmeersedreiteimsernonnenwerdermiduernaigskldnaounteintalsfrerefinwerdenenteef
NUL 7 score=-2.8201 v=0 nunmmwurillfedurenilermnfnesfhestrnondtwardarstwedessinerwredendrlnerinrsereeifnenleihrtratridingenwieerzuwerdenklivimfederofffederndnnehnigsman
NUL 8 score=-2.8008 v=7 ffarauofrtimrenntnimwegheweineeltdsrentrahierioderhinugvreerdenrmnwennzwnelternfurfmisrefeswiederdinlninrnrmundrsindfensleerdasfreedlesinewlnddk
NUL 9 score=-2.8462 v=1 frldfrdnennedniedfveullewennneinedrhanmnerwissrrdeinemrinfekwrrherrnstehtnaorinseffatusernstmedemlisgrundreiririefdmtdiezurolleawengwenindrfewen
NUL 10 score=-2.7788 v=6 tmrgnifrmtwiwersindnenneshntinillerirrlidernduitenfreunfurnaderfakeilwevilfmfswennereamsromdonnereeinhsterngderfewdieserlzernehddsendnunfedewarr
NUL 11 score=-2.8323 v=0 lnrnrwnierteilfzuenderwisserlewirherdesordrwaremerifffurdsmitmgedannlrtnennetewieeinefeenmenwadorfhtandnisdenkvueirenreldrinnldgnfriesfrmnusehnd
NUL 12 score=-2.9424 v=0 oeeddritrmnennerdreinsdnetgloeeinnenimsewrfratnninwirdsvndergrfhermurrerweflemwldeanferzfswandenlineinerkdienendudilrftthifflsnsuhrmirneuereeswa
NUL 13 score=-2.8993 v=4 emwrnvtanindertigwrwirduerlerneofnorenmirfrlfsdemdrfiwindresdenlesendesrelnwereifteindndefenseinarmsdiehelnlasndinnnfugtwrekhruertmnzaufeenirher
NUL 14 score=-2.8930 v=1 mlhufdtitelausgerrnwerdenndrrdeinegemeiffesdmonenifferwfvrlorentseidewanrindnenfhausendfernerwnreinesuzdkrtnerdenmeairisrwwehemisnnnliilldnterrr
NUL 15 score=-2.8822 v=6 nrdfenstrwirrtelenrirndinsuraumehrtmfmadededeihrenfnnendieinemoswennzfndawiridegeuntfwwandglferdtleinereinererkrliihronevfrenssdrsulwenesfenerlm
NUL 16 score=-2.7995 v=3 srefsindenlatderrealiierindderwrrirfnurwennwnlftersrhnimsaodamfelftldzgenswurdenwnefreveetirneuertrherrndesninnemehlingsfmndewiekundenimdoereinf
NUL 17 score=-2.7918 v=5 stwrtwseelentfairesswginrotedfensnrirrteledekliwenneinhdadurerfihmundenwurdenrusemroherffderfzlfenrwieselndinfrarmegaerndernlinnmmiidnenivnderen
NUL 18 score=-2.7918 v=5 edhmdrwlrweisendetwtindweilmflnrestedirsrvrhnandmalnfdnisdirhsenfriefaufenkonnrennengrrunwennsirrtwerdenriegezeerflfmeinfrreodenudelstuniearmeei
NUL 19 score=-2.8107 v=4 glwadimflnerliefrefhffdetederrrkranednfirnenrdtulerlherdinwennsinddersfreinreatwewntnurindvelehnenmirdasmeinerfreiwennseremurswisgenzusmnotinode
