w1=11 w2=11  z(T1)=3.5 z(T2)=3.1  K2 9 4 7 10 5 1 6 3 0 2 8
w1=11 w2=12  z(T1)=5.5 z(T2)=2.9  K2 6 2 8 9 11 1 7 5 0 3 10 4
w1=11 w2=13  z(T1)=6.4 z(T2)=1.7  K2 9 2 3 6 1 12 4 8 7 11 5 10 0
w1=11 w2=14  z(T1)=5.2 z(T2)=3.2  K2 4 9 5 13 12 2 10 6 1 0 3 8 7 11
w1=11 w2=15  z(T1)=5.4 z(T2)=4.2  K2 6 9 2 1 7 4 8 13 0 5 3 14 11 12 10
w1=11 w2=16  z(T1)=5.4 z(T2)=3.2  K2 0 6 1 9 12 13 2 5 10 8 14 15 4 7 3 11
w1=11 w2=17  z(T1)=6.1 z(T2)=2.9  K2 5 12 2 4 7 10 15 14 0 6 9 13 11 16 8 1 3
w1=11 w2=18  z(T1)=5.8 z(T2)=3.6  K2 11 0 14 7 10 15 4 16 6 1 3 2 9 8 5 13 12 17
w1=11 w2=19  z(T1)=7.3 z(T2)=2.2  K2 8 12 0 2 1 10 17 4 6 3 9 11 7 18 5 15 14 16 13
w1=11 w2=20  z(T1)=6.1 z(T2)=3.0  K2 16 4 11 15 5 9 12 13 19 8 3 18 6 14 0 17 10 1 2 7
w1=11 w2=21  z(T1)=6.1 z(T2)=3.1  K2 16 17 1 0 14 5 12 3 9 4 20 15 6 11 10 2 8 13 19 7 18
w1=11 w2=22  z(T1)=6.5 z(T2)=3.6  K2 20 19 1 6 21 11 5 2 8 12 10 18 15 0 16 14 4 9 17 3 7 13
w1=11 w2=23  z(T1)=7.8 z(T2)=2.0  K2 20 7 2 8 1 18 19 22 3 12 15 16 9 14 0 5 13 4 10 21 17 11 6
w1=11 w2=24  z(T1)=6.9 z(T2)=4.0  K2 3 23 11 5 13 9 14 15 6 4 12 18 10 16 22 7 20 2 17 19 1 0 21 8
w1=11 w2=25  z(T1)=7.0 z(T2)=4.1  K2 0 4 13 14 23 5 9 11 19 20 21 8 22 15 7 6 10 24 17 16 3 1 12 2 18
w1=11 w2=26  z(T1)=7.9 z(T2)=2.9  K2 1 8 12 21 11 15 0 16 2 25 3 10 18 22 14 7 23 17 19 5 4 24 6 20 9 13
w1=11 w2=27  z(T1)=8.7 z(T2)=4.1  K2 3 17 8 7 6 18 16 5 1 9 20 14 13 4 25 15 2 11 12 22 26 0 19 10 24 23 21
w1=11 w2=28  z(T1)=8.7 z(T2)=2.6  K2 13 5 14 27 6 4 19 22 16 1 18 8 26 15 9 24 11 3 7 10 21 12 25 0 20 23 2 17
w1=11 w2=29  z(T1)=6.8 z(T2)=5.0  K2 3 18 0 14 10 6 8 17 27 21 15 16 22 7 2 25 9 24 28 20 11 1 19 4 26 5 13 12 23
w1=11 w2=30  z(T1)=8.3 z(T2)=2.4  K2 6 24 3 4 13 1 20 22 27 14 0 28 16 15 9 7 12 11 19 25 17 10 26 2 21 5 29 23 8 18
w1=12 w2=11  z(T1)=5.0 z(T2)=2.9  K2 1 9 6 10 5 2 7 0 4 8 3
w1=12 w2=12  z(T1)=4.0 z(T2)=2.5  K2 5 1 0 11 2 9 4 7 3 10 8 6
w1=12 w2=13  z(T1)=6.4 z(T2)=2.6  K2 4 6 1 11 8 12 0 2 9 10 3 7 5
w1=12 w2=14  z(T1)=6.9 z(T2)=1.4  K2 12 7 0 3 5 6 13 2 10 8 11 1 9 4
w1=12 w2=15  z(T1)=6.3 z(T2)=3.7  K2 8 5 3 7 4 6 10 2 1 9 11 13 14 12 0
w1=12 w2=16  z(T1)=6.7 z(T2)=3.5  K2 2 12 3 13 4 15 6 11 1 7 9 10 5 0 14 8
w1=12 w2=17  z(T1)=4.8 z(T2)=4.0  K2 3 5 0 11 14 16 7 4 15 12 10 6 9 13 2 1 8
w1=12 w2=18  z(T1)=5.7 z(T2)=4.3  K2 6 15 17 13 0 4 16 12 2 1 7 14 8 5 10 9 11 3
w1=12 w2=19  z(T1)=4.6 z(T2)=4.8  K2 3 12 15 7 2 10 6 8 4 9 5 18 11 13 16 0 1 17 14
w1=12 w2=20  z(T1)=5.3 z(T2)=3.9  K2 10 15 13 14 11 16 5 4 8 19 1 3 12 2 0 18 17 6 9 7
w1=12 w2=21  z(T1)=6.5 z(T2)=3.3  K2 15 13 2 14 7 12 1 18 17 11 3 19 9 0 5 16 4 6 20 10 8
w1=12 w2=22  z(T1)=7.4 z(T2)=3.6  K2 14 13 4 11 15 12 19 2 6 17 3 8 20 18 10 16 5 1 9 7 21 0
w1=12 w2=23  z(T1)=6.2 z(T2)=3.9  K2 14 6 13 2 0 11 15 12 9 8 17 5 4 18 22 7 20 21 16 3 19 10 1
w1=12 w2=24  z(T1)=8.7 z(T2)=3.2  K2 23 22 2 6 20 17 16 8 9 7 15 11 5 12 13 0 21 1 19 4 10 3 18 14
w1=12 w2=25  z(T1)=7.3 z(T2)=2.8  K2 2 8 24 17 12 18 14 11 10 23 21 22 0 3 13 16 7 6 5 20 4 1 19 15 9
w1=12 w2=26  z(T1)=7.6 z(T2)=3.2  K2 14 13 15 10 9 8 25 21 12 24 16 7 11 18 0 1 19 22 6 3 2 23 5 17 4 20
w1=12 w2=27  z(T1)=5.6 z(T2)=5.9  K2 11 15 3 25 16 20 26 24 19 8 0 13 4 18 7 10 5 6 14 23 9 1 12 2 21 22 17
w1=12 w2=28  z(T1)=6.4 z(T2)=4.6  K2 22 21 24 6 1 17 10 0 16 14 8 13 11 20 2 3 12 19 27 18 23 5 25 9 7 4 15 26
w1=12 w2=29  z(T1)=8.2 z(T2)=3.0  K2 25 24 1 27 11 7 23 4 13 16 8 21 17 6 10 26 20 3 0 12 18 5 15 22 19 2 28 9 14
w1=12 w2=30  z(T1)=7.9 z(T2)=4.8  K2 4 28 22 10 20 14 24 6 25 2 9 18 29 5 11 3 15 23 17 21 13 1 12 19 27 16 8 7 0 26
w1=13 w2=11  z(T1)=5.3 z(T2)=2.1  K2 9 0 7 3 6 1 2 10 8 5 4
w1=13 w2=12  z(T1)=5.4 z(T2)=2.9  K2 6 0 11 3 1 5 8 10 7 4 2 9
w1=13 w2=13  z(T1)=5.0 z(T2)=3.4  K2 6 5 10 8 1 12 11 4 2 3 0 7 9
w1=13 w2=14  z(T1)=5.4 z(T2)=2.9  K2 6 9 12 3 0 7 5 2 1 11 4 8 13 10
w1=13 w2=15  z(T1)=5.5 z(T2)=3.5  K2 7 12 0 8 5 3 14 9 11 13 6 10 1 2 4
w1=13 w2=16  z(T1)=6.2 z(T2)=3.1  K2 10 6 4 5 1 15 14 12 11 3 13 0 2 7 9 8
w1=13 w2=17  z(T1)=6.1 z(T2)=3.3  K2 6 11 0 14 1 3 4 15 8 2 13 9 12 16 10 7 5
w1=13 w2=18  z(T1)=6.6 z(T2)=2.5  K2 17 12 16 3 14 8 2 13 0 1 5 15 10 6 4 11 9 7
w1=13 w2=19  z(T1)=6.5 z(T2)=3.3  K2 8 15 6 14 0 18 9 2 5 1 13 12 16 4 17 10 7 11 3
w1=13 w2=20  z(T1)=6.3 z(T2)=3.0  K2 0 14 19 4 15 11 6 5 9 18 1 10 7 2 16 13 12 3 8 17
w1=13 w2=21  z(T1)=4.4 z(T2)=5.9  K2 13 17 1 4 11 0 10 2 16 5 8 19 14 3 18 15 6 7 9 12 20
w1=13 w2=22  z(T1)=6.5 z(T2)=3.2  K2 5 12 18 7 1 8 20 14 3 0 11 13 16 4 21 17 19 2 6 15 9 10
w1=13 w2=23  z(T1)=6.3 z(T2)=4.0  K2 15 6 18 13 14 7 10 0 5 12 3 8 11 9 20 22 17 1 2 4 19 21 16
w1=13 w2=24  z(T1)=6.4 z(T2)=4.0  K2 16 23 4 22 6 12 5 11 13 19 20 9 10 15 2 18 1 17 7 21 0 8 14 3
w1=13 w2=25  z(T1)=5.6 z(T2)=5.8  K2 9 24 17 19 5 1 6 16 10 18 14 13 11 21 0 15 23 4 20 3 12 22 7 8 2
w1=13 w2=26  z(T1)=6.7 z(T2)=4.8  K2 17 22 18 13 14 10 12 11 7 23 5 6 2 16 3 1 24 25 4 0 21 8 20 9 19 15
w1=13 w2=27  z(T1)=7.4 z(T2)=3.0  K2 3 26 20 10 24 14 12 11 7 8 15 2 13 25 17 6 18 9 16 19 0 21 4 22 23 5 1
w1=13 w2=28  z(T1)=7.7 z(T2)=3.0  K2 21 14 2 27 24 19 3 23 8 26 11 5 7 4 15 9 25 20 6 1 22 18 17 0 10 12 13 16
w1=13 w2=29  z(T1)=7.0 z(T2)=4.7  K2 0 27 28 1 3 24 19 12 22 26 21 16 15 9 11 23 20 4 18 6 8 25 17 14 10 13 2 5 7
w1=13 w2=30  z(T1)=6.6 z(T2)=4.9  K2 16 28 8 9 7 23 26 0 22 24 20 5 27 3 13 10 14 18 15 29 21 12 6 2 17 1 11 25 4 19
w1=14 w2=11  z(T1)=5.3 z(T2)=3.1  K2 9 3 6 10 7 0 4 1 2 5 8
w1=14 w2=12  z(T1)=5.5 z(T2)=1.8  K2 10 11 2 0 8 7 4 9 6 3 1 5
w1=14 w2=13  z(T1)=5.6 z(T2)=2.7  K2 8 5 11 0 7 4 6 10 12 1 2 9 3
w1=14 w2=14  z(T1)=4.0 z(T2)=4.7  K2 6 11 12 13 7 3 10 4 5 2 0 1 9 8
w1=14 w2=15  z(T1)=6.2 z(T2)=2.4  K2 9 4 11 2 0 6 7 3 13 10 5 1 12 8 14
w1=14 w2=16  z(T1)=5.9 z(T2)=3.2  K2 4 13 11 8 9 6 0 5 2 1 15 14 7 10 12 3
w1=14 w2=17  z(T1)=7.3 z(T2)=2.6  K2 3 10 0 2 4 15 5 14 1 12 11 16 8 13 7 9 6
w1=14 w2=18  z(T1)=5.4 z(T2)=3.0  K2 7 10 16 0 9 15 14 3 1 8 6 2 4 17 5 12 13 11
w1=14 w2=19  z(T1)=6.6 z(T2)=2.8  K2 11 8 9 0 3 5 12 7 10 2 17 6 15 4 16 14 13 18 1
w1=14 w2=20  z(T1)=7.5 z(T2)=2.3  K2 19 16 6 12 0 18 15 11 13 9 2 10 3 7 17 8 1 5 4 14
w1=14 w2=21  z(T1)=6.7 z(T2)=3.5  K2 4 14 18 19 6 11 17 15 12 1 2 7 0 5 20 13 9 16 8 10 3
w1=14 w2=22  z(T1)=7.8 z(T2)=2.9  K2 4 21 9 12 13 10 19 11 2 17 1 16 7 14 20 3 5 6 18 0 8 15
w1=14 w2=23  z(T1)=7.1 z(T2)=3.4  K2 3 1 8 17 9 13 20 0 18 22 12 21 15 2 14 5 4 19 16 11 6 10 7
w1=14 w2=24  z(T1)=6.3 z(T2)=4.0  K2 3 16 15 22 6 10 0 8 7 13 4 12 19 9 11 2 21 14 1 18 17 5 20 23
w1=14 w2=25  z(T1)=7.3 z(T2)=3.8  K2 15 21 2 14 20 9 1 22 13 3 23 18 8 11 17 19 0 12 5 16 24 10 6 4 7
w1=14 w2=26  z(T1)=6.8 z(T2)=4.6  K2 9 19 5 25 18 24 23 6 17 2 13 12 11 7 15 10 21 16 4 0 20 1 22 3 8 14
w1=14 w2=27  z(T1)=9.4 z(T2)=1.6  K2 25 24 10 20 22 6 21 7 1 12 11 15 8 18 13 26 9 4 2 23 0 16 17 3 19 14 5
w1=14 w2=28  z(T1)=7.0 z(T2)=3.5  K2 4 15 12 20 7 14 5 9 13 2 26 21 27 3 8 22 25 24 18 23 16 6 1 19 17 10 0 11
w1=14 w2=29  z(T1)=7.8 z(T2)=3.1  K2 16 21 3 2 14 25 7 28 27 11 6 19 13 17 23 20 10 8 12 24 1 4 5 18 22 15 0 9 26
w1=14 w2=30  z(T1)=8.7 z(T2)=1.2  K2 16 20 17 15 7 18 27 11 19 29 0 22 4 5 26 12 28 1 10 24 2 23 3 9 8 21 25 14 13 6
w1=15 w2=11  z(T1)=5.5 z(T2)=1.6  K2 6 5 7 1 10 2 3 8 9 0 4
w1=15 w2=12  z(T1)=4.9 z(T2)=2.9  K2 10 1 9 6 2 3 7 8 0 4 5 11
w1=15 w2=13  z(T1)=4.8 z(T2)=3.1  K2 9 6 11 12 3 10 7 0 4 5 8 1 2
w1=15 w2=14  z(T1)=6.0 z(T2)=1.7  K2 13 5 7 2 0 11 12 6 9 8 1 4 10 3
w1=15 w2=15  z(T1)=-nan z(T2)=5.4  K2 13 1 2 9 5 10 14 11 12 3 7 6 8 4 0
w1=15 w2=16  z(T1)=4.8 z(T2)=3.1  K2 5 8 4 3 7 15 13 1 6 2 0 14 9 12 11 10
w1=15 w2=17  z(T1)=5.5 z(T2)=3.2  K2 16 7 6 14 13 11 5 2 1 9 8 10 4 0 3 15 12
w1=15 w2=18  z(T1)=6.5 z(T2)=3.0  K2 14 1 6 0 10 7 12 3 5 11 16 17 2 8 15 9 13 4
w1=15 w2=19  z(T1)=6.1 z(T2)=2.4  K2 3 10 6 14 17 2 5 4 18 0 15 8 11 7 1 9 13 12 16
w1=15 w2=20  z(T1)=6.7 z(T2)=2.0  K2 13 8 2 7 6 19 10 11 4 16 12 15 0 5 14 17 18 9 3 1
w1=15 w2=21  z(T1)=7.3 z(T2)=2.5  K2 8 5 4 18 1 6 7 20 12 13 3 16 19 11 15 0 17 10 2 14 9
w1=15 w2=22  z(T1)=6.3 z(T2)=3.3  K2 16 6 15 9 14 1 12 19 11 20 13 18 2 10 4 8 3 17 0 5 7 21
w1=15 w2=23  z(T1)=7.6 z(T2)=2.7  K2 8 6 12 11 21 7 18 5 15 16 13 4 20 10 14 3 17 19 0 9 1 2 22
w1=15 w2=24  z(T1)=7.0 z(T2)=4.5  K2 1 15 4 23 16 11 0 21 10 17 18 7 22 9 20 12 8 19 13 2 3 6 14 5
w1=15 w2=25  z(T1)=8.3 z(T2)=2.6  K2 24 19 16 2 23 3 11 14 1 20 15 21 18 4 13 12 0 5 10 6 7 9 22 17 8
w1=15 w2=26  z(T1)=8.5 z(T2)=1.3  K2 17 15 20 23 21 14 13 19 25 7 2 4 18 24 5 8 3 9 0 12 11 1 16 22 10 6
w1=15 w2=27  z(T1)=7.0 z(T2)=3.4  K2 17 7 20 2 25 12 18 3 11 5 0 19 4 23 15 8 6 13 16 24 21 26 14 10 9 1 22
w1=15 w2=28  z(T1)=7.3 z(T2)=3.6  K2 26 11 23 4 21 17 27 5 0 18 6 2 16 3 19 10 7 12 14 9 15 8 24 20 25 22 1 13
w1=15 w2=29  z(T1)=8.9 z(T2)=0.8  K2 0 16 25 8 15 23 10 19 11 27 14 17 24 26 6 13 5 20 7 2 18 21 9 4 3 22 28 12 1
w1=15 w2=30  z(T1)=7.9 z(T2)=2.5  K2 2 27 29 20 6 5 16 1 4 7 22 8 26 25 14 12 17 19 13 10 11 24 9 3 23 18 21 28 15 0
w1=16 w2=11  z(T1)=5.0 z(T2)=2.3  K2 0 5 3 4 9 7 1 10 2 8 6
w1=16 w2=12  z(T1)=4.8 z(T2)=3.8  K2 5 2 11 0 4 6 7 3 10 1 8 9
w1=16 w2=13  z(T1)=5.3 z(T2)=3.3  K2 10 4 12 2 11 9 0 5 7 3 6 1 8
w1=16 w2=14  z(T1)=5.2 z(T2)=3.9  K2 8 9 3 0 13 5 4 1 6 2 11 12 7 10
w1=16 w2=15  z(T1)=6.1 z(T2)=2.8  K2 1 11 8 14 5 10 13 6 2 4 12 0 3 7 9
w1=16 w2=16  z(T1)=6.4 z(T2)=0.0  K2 7 12 13 8 14 10 15 0 5 11 2 6 1 3 4 9
w1=16 w2=17  z(T1)=4.3 z(T2)=4.2  K2 6 3 2 14 11 13 0 5 12 4 7 9 16 8 15 10 1
w1=16 w2=18  z(T1)=5.6 z(T2)=3.9  K2 2 14 8 1 7 15 12 5 11 0 4 10 6 16 13 9 17 3
w1=16 w2=19  z(T1)=5.3 z(T2)=3.5  K2 4 1 17 18 5 8 7 14 15 6 3 0 13 16 10 12 9 2 11
w1=16 w2=20  z(T1)=5.3 z(T2)=4.8  K2 1 3 7 12 18 14 0 8 11 17 2 4 10 13 19 15 6 5 16 9
w1=16 w2=21  z(T1)=6.1 z(T2)=3.7  K2 6 16 7 0 20 10 2 9 15 12 1 17 3 8 5 4 11 13 18 19 14
w1=16 w2=22  z(T1)=4.3 z(T2)=4.3  K2 16 1 7 10 11 8 9 13 5 17 20 3 6 21 4 15 19 0 14 12 18 2
w1=16 w2=23  z(T1)=4.9 z(T2)=5.3  K2 11 10 22 9 19 15 6 8 17 5 16 0 2 12 21 3 13 18 20 14 1 4 7
w1=16 w2=24  z(T1)=5.1 z(T2)=4.9  K2 3 14 11 13 9 22 7 5 6 4 2 0 19 16 10 17 8 23 21 1 12 18 15 20
w1=16 w2=25  z(T1)=5.5 z(T2)=4.3  K2 8 18 6 1 0 4 9 2 5 12 3 21 13 23 24 17 10 11 22 14 7 16 19 15 20
w1=16 w2=26  z(T1)=4.8 z(T2)=4.9  K2 10 21 23 15 9 22 3 1 12 25 18 20 13 16 24 19 7 11 5 17 2 4 0 6 14 8
w1=16 w2=27  z(T1)=6.1 z(T2)=4.3  K2 8 26 18 5 10 22 16 2 20 24 4 23 3 0 12 13 7 21 25 11 15 19 14 6 1 9 17
w1=16 w2=28  z(T1)=6.0 z(T2)=4.9  K2 11 7 19 15 22 12 13 4 16 18 14 6 21 26 27 9 25 10 8 0 20 2 24 17 3 1 5 23
w1=16 w2=29  z(T1)=5.9 z(T2)=4.3  K2 16 26 12 25 2 1 22 23 5 4 18 8 13 14 9 10 21 19 17 6 27 0 15 20 3 7 28 11 24
w1=16 w2=30  z(T1)=7.3 z(T2)=3.0  K2 21 2 3 25 18 19 24 9 22 8 13 28 26 17 0 4 6 27 14 7 16 1 12 23 10 11 29 5 15 20
w1=17 w2=11  z(T1)=4.7 z(T2)=2.1  K2 6 5 9 3 1 7 8 10 4 2 0
w1=17 w2=12  z(T1)=4.6 z(T2)=3.7  K2 8 11 1 6 2 3 10 4 7 5 0 9
w1=17 w2=13  z(T1)=6.5 z(T2)=2.2  K2 10 12 8 7 6 3 9 5 4 2 0 1 11
w1=17 w2=14  z(T1)=5.8 z(T2)=2.1  K2 6 1 4 13 2 8 7 5 0 9 12 10 3 11
w1=17 w2=15  z(T1)=5.8 z(T2)=3.2  K2 5 1 10 13 11 2 12 3 14 7 6 8 9 4 0
w1=17 w2=16  z(T1)=6.2 z(T2)=2.2  K2 9 11 12 5 13 3 1 15 6 0 2 7 8 4 14 10
w1=17 w2=17  z(T1)=5.6 z(T2)=4.2  K2 15 8 6 10 7 9 1 11 2 3 5 0 12 4 13 14 16
w1=17 w2=18  z(T1)=6.9 z(T2)=1.8  K2 16 15 14 4 3 0 10 6 11 8 13 9 7 2 1 5 12 17
w1=17 w2=19  z(T1)=6.7 z(T2)=3.2  K2 1 0 3 10 14 4 9 11 13 17 18 8 15 6 16 5 2 12 7
w1=17 w2=20  z(T1)=7.5 z(T2)=2.5  K2 16 12 8 2 9 1 17 6 18 5 3 15 14 4 0 19 10 11 13 7
w1=17 w2=21  z(T1)=6.7 z(T2)=2.1  K2 3 19 18 14 15 11 8 4 9 5 20 17 12 13 6 16 0 10 1 2 7
w1=17 w2=22  z(T1)=6.0 z(T2)=3.4  K2 5 21 15 10 16 4 1 18 13 7 14 20 9 17 12 0 19 8 6 3 2 11
w1=17 w2=23  z(T1)=7.6 z(T2)=4.0  K2 22 14 18 0 13 21 16 17 5 6 1 9 7 11 20 3 4 12 2 10 15 8 19
w1=17 w2=24  z(T1)=7.9 z(T2)=2.8  K2 15 14 13 5 9 0 10 17 22 18 6 3 12 2 20 4 8 1 19 7 23 16 21 11
w1=17 w2=25  z(T1)=7.5 z(T2)=3.0  K2 16 8 22 15 0 4 3 14 11 24 7 19 10 17 12 20 9 18 1 2 5 13 23 21 6
w1=17 w2=26  z(T1)=6.9 z(T2)=2.7  K2 8 24 2 25 15 22 1 0 9 7 21 3 13 18 17 6 5 20 4 16 14 23 12 10 11 19
w1=17 w2=27  z(T1)=8.4 z(T2)=2.5  K2 16 10 12 14 13 22 15 9 0 7 11 26 5 3 17 8 25 23 24 1 21 20 18 4 6 2 19
w1=17 w2=28  z(T1)=7.1 z(T2)=3.2  K2 6 1 22 2 3 4 27 10 15 16 26 13 18 19 25 17 0 20 21 5 12 24 14 9 11 23 7 8
w1=17 w2=29  z(T1)=8.0 z(T2)=2.8  K2 20 4 27 7 1 13 25 5 23 9 3 10 8 18 19 26 2 0 28 21 15 11 16 17 22 14 24 6 12
w1=17 w2=30  z(T1)=6.7 z(T2)=4.1  K2 27 14 4 19 1 15 8 3 9 13 29 17 22 24 26 10 11 20 21 23 18 0 25 28 12 16 5 7 6 2
w1=18 w2=11  z(T1)=3.7 z(T2)=3.3  K2 1 3 4 8 7 6 9 0 5 2 10
w1=18 w2=12  z(T1)=4.4 z(T2)=3.1  K2 6 8 5 10 1 9 7 11 2 3 0 4
w1=18 w2=13  z(T1)=4.1 z(T2)=4.1  K2 0 12 3 6 8 5 2 11 7 9 10 4 1
w1=18 w2=14  z(T1)=7.1 z(T2)=1.6  K2 3 7 12 0 2 6 5 1 10 13 11 8 4 9
w1=18 w2=15  z(T1)=5.8 z(T2)=2.7  K2 14 13 11 5 6 1 10 2 4 0 12 9 8 3 7
w1=18 w2=16  z(T1)=6.4 z(T2)=2.6  K2 1 13 6 0 14 8 7 5 11 3 9 12 2 10 15 4
w1=18 w2=17  z(T1)=5.1 z(T2)=4.0  K2 11 10 5 8 3 16 15 13 0 9 4 14 7 6 1 2 12
w1=18 w2=18  z(T1)=5.5 z(T2)=4.4  K2 11 4 17 12 5 2 10 0 1 16 14 3 13 9 6 15 7 8
w1=18 w2=19  z(T1)=7.3 z(T2)=3.2  K2 16 17 4 3 11 2 12 15 6 5 14 10 0 9 13 8 18 7 1
w1=18 w2=20  z(T1)=6.1 z(T2)=3.1  K2 14 3 17 9 0 5 4 6 1 10 11 16 13 15 2 12 7 8 19 18
w1=18 w2=21  z(T1)=6.5 z(T2)=3.0  K2 11 5 16 9 0 13 17 14 12 10 4 2 18 1 19 7 20 3 8 15 6
w1=18 w2=22  z(T1)=6.5 z(T2)=3.3  K2 14 4 12 0 10 7 1 2 17 20 3 16 15 13 8 9 11 19 18 21 6 5
w1=18 w2=23  z(T1)=7.0 z(T2)=3.1  K2 8 10 14 5 19 2 18 22 20 6 17 21 7 3 4 12 0 13 15 1 9 11 16
w1=18 w2=24  z(T1)=7.7 z(T2)=2.9  K2 16 17 19 2 20 3 23 4 11 8 1 21 22 5 12 9 10 13 6 14 15 7 0 18
w1=18 w2=25  z(T1)=6.5 z(T2)=3.6  K2 12 18 1 0 3 22 14 8 17 15 16 20 9 10 6 4 2 11 23 13 19 21 7 5 24
w1=18 w2=26  z(T1)=8.0 z(T2)=3.4  K2 12 8 18 13 7 0 23 15 25 17 19 22 16 5 21 10 11 6 14 3 24 2 9 20 1 4
w1=18 w2=27  z(T1)=7.0 z(T2)=3.4  K2 13 9 6 11 3 16 25 24 7 2 5 20 19 22 8 10 4 12 1 18 14 17 23 15 26 21 0
w1=18 w2=28  z(T1)=7.3 z(T2)=3.7  K2 25 13 6 18 8 26 16 17 27 12 11 7 20 23 22 9 5 3 24 0 14 4 10 15 21 1 2 19
w1=18 w2=29  z(T1)=7.6 z(T2)=3.8  K2 0 17 5 27 12 16 19 13 6 9 28 18 25 4 22 11 10 21 14 24 7 8 1 3 26 2 15 23 20
w1=18 w2=30  z(T1)=6.3 z(T2)=4.6  K2 6 19 18 12 26 0 7 13 3 15 4 21 27 17 11 16 5 8 22 28 29 2 14 24 9 25 20 23 10 1
w1=19 w2=11  z(T1)=5.4 z(T2)=2.3  K2 0 3 9 7 10 4 1 6 8 5 2
w1=19 w2=12  z(T1)=5.3 z(T2)=1.6  K2 1 0 7 4 5 6 11 9 10 2 3 8
w1=19 w2=13  z(T1)=6.3 z(T2)=2.2  K2 4 2 3 10 11 12 6 8 9 0 5 7 1
w1=19 w2=14  z(T1)=5.1 z(T2)=4.2  K2 6 1 10 2 0 4 13 3 9 12 8 11 7 5
w1=19 w2=15  z(T1)=6.1 z(T2)=2.7  K2 8 7 5 10 12 6 11 9 4 2 1 14 13 3 0
w1=19 w2=16  z(T1)=6.7 z(T2)=1.9  K2 3 0 8 5 13 6 1 2 4 11 14 9 12 7 10 15
w1=19 w2=17  z(T1)=5.7 z(T2)=2.9  K2 12 1 15 10 11 6 13 14 8 2 4 7 9 5 0 3 16
w1=19 w2=18  z(T1)=6.9 z(T2)=2.7  K2 17 8 10 11 14 16 5 2 12 15 9 13 0 1 4 6 3 7
w1=19 w2=19  z(T1)=4.6 z(T2)=3.6  K2 14 5 18 12 9 11 13 0 17 8 2 3 1 16 10 4 15 6 7
w1=19 w2=20  z(T1)=5.6 z(T2)=3.9  K2 9 15 18 13 2 6 5 14 19 0 17 12 3 8 4 10 1 7 11 16
w1=19 w2=21  z(T1)=6.5 z(T2)=2.6  K2 7 17 15 3 4 2 13 14 0 12 8 19 10 16 5 20 1 6 18 9 11
w1=19 w2=22  z(T1)=7.1 z(T2)=2.2  K2 16 9 14 13 1 4 12 15 19 17 5 8 6 3 11 7 20 2 21 0 10 18
w1=19 w2=23  z(T1)=6.5 z(T2)=3.1  K2 13 20 18 22 21 8 7 14 17 10 3 16 12 11 4 0 2 19 9 6 5 15 1
w1=19 w2=24  z(T1)=7.3 z(T2)=3.0  K2 8 10 5 19 4 20 9 22 21 6 14 2 15 18 17 13 11 3 12 23 16 7 0 1
w1=19 w2=25  z(T1)=7.3 z(T2)=3.6  K2 16 7 20 22 5 6 9 10 24 11 14 21 23 8 2 1 13 18 3 4 0 15 17 19 12
w1=19 w2=26  z(T1)=8.5 z(T2)=1.6  K2 20 4 16 6 14 19 22 1 24 11 15 5 9 0 17 13 2 25 8 3 7 21 10 12 23 18
w1=19 w2=27  z(T1)=8.3 z(T2)=2.3  K2 22 18 16 9 15 23 21 25 8 19 26 2 10 24 14 4 11 5 12 1 3 7 20 6 0 13 17
w1=19 w2=28  z(T1)=5.8 z(T2)=4.0  K2 3 15 22 4 16 7 21 10 18 19 8 9 11 26 23 17 2 24 27 14 0 25 13 1 6 20 12 5
w1=19 w2=29  z(T1)=9.1 z(T2)=2.6  K2 16 23 20 12 4 6 11 22 18 28 17 21 5 14 7 2 27 26 19 25 24 9 10 13 8 0 15 1 3
w1=19 w2=30  z(T1)=8.4 z(T2)=3.0  K2 14 7 19 29 5 12 20 21 15 27 26 4 25 24 17 22 3 9 10 16 6 28 13 0 18 1 2 8 23 11
w1=20 w2=11  z(T1)=3.5 z(T2)=3.7  K2 1 6 4 3 7 2 5 8 0 9 10
w1=20 w2=12  z(T1)=4.1 z(T2)=3.6  K2 0 4 8 1 5 11 6 9 7 3 2 10
w1=20 w2=13  z(T1)=4.2 z(T2)=4.3  K2 5 11 8 9 0 7 2 3 6 4 1 10 12
w1=20 w2=14  z(T1)=4.6 z(T2)=3.7  K2 6 13 2 3 4 11 10 9 0 8 5 7 12 1
w1=20 w2=15  z(T1)=5.5 z(T2)=2.9  K2 9 14 6 13 8 12 5 2 10 3 0 4 1 7 11
w1=20 w2=16  z(T1)=5.0 z(T2)=3.9  K2 10 13 6 1 3 2 15 7 0 12 5 4 8 9 14 11
w1=20 w2=17  z(T1)=4.8 z(T2)=3.9  K2 16 4 1 6 15 0 14 5 11 13 10 8 7 2 3 12 9
w1=20 w2=18  z(T1)=2.8 z(T2)=5.2  K2 6 5 12 11 15 14 4 8 9 13 0 10 1 16 2 7 3 17
w1=20 w2=19  z(T1)=5.1 z(T2)=4.2  K2 7 10 8 6 18 17 12 16 1 3 11 15 4 13 5 0 14 2 9
w1=20 w2=20  z(T1)=7.3 z(T2)=-0.0  K2 11 1 12 14 3 2 15 5 16 0 6 7 4 18 19 17 9 8 13 10
w1=20 w2=21  z(T1)=4.9 z(T2)=4.2  K2 7 10 11 17 15 18 20 2 6 9 5 3 13 16 1 4 14 0 8 12 19
w1=20 w2=22  z(T1)=5.8 z(T2)=4.0  K2 1 2 6 4 8 3 12 20 18 14 0 10 15 9 19 11 13 21 16 5 17 7
w1=20 w2=23  z(T1)=4.8 z(T2)=4.7  K2 3 18 11 0 20 12 1 13 10 7 9 19 21 4 22 17 5 15 6 14 8 16 2
w1=20 w2=24  z(T1)=7.1 z(T2)=2.8  K2 6 21 11 13 17 1 18 5 8 22 4 3 10 0 20 15 12 2 23 16 7 14 9 19
w1=20 w2=25  z(T1)=5.6 z(T2)=4.0  K2 18 0 22 14 5 19 13 9 12 7 4 10 8 1 20 15 2 23 6 3 21 17 11 24 16
w1=20 w2=26  z(T1)=5.9 z(T2)=4.8  K2 14 10 25 4 16 24 6 22 18 11 12 20 8 23 15 21 7 13 17 2 19 9 5 3 1 0
w1=20 w2=27  z(T1)=6.4 z(T2)=5.3  K2 26 11 23 2 8 0 22 24 21 25 5 10 19 9 17 18 6 3 20 16 1 7 14 15 12 4 13
w1=20 w2=28  z(T1)=5.3 z(T2)=5.3  K2 13 2 6 24 11 1 23 0 21 16 17 14 19 3 18 20 8 4 7 22 15 5 12 9 26 27 25 10
w1=20 w2=29  z(T1)=6.1 z(T2)=4.8  K2 3 6 8 2 1 26 5 16 9 23 21 22 15 20 12 28 14 17 25 27 7 0 13 10 18 24 19 11 4
w1=20 w2=30  z(T1)=5.1 z(T2)=4.7  K2 0 28 17 20 18 5 24 8 13 14 21 12 22 16 26 29 25 15 9 27 19 1 23 11 3 2 7 10 4 6
w1=21 w2=11  z(T1)=5.6 z(T2)=0.8  K2 0 6 5 9 4 3 8 1 2 10 7
w1=21 w2=12  z(T1)=4.7 z(T2)=2.8  K2 3 0 4 9 6 7 1 8 2 11 5 10
w1=21 w2=13  z(T1)=6.0 z(T2)=1.6  K2 0 8 12 7 9 3 5 6 11 4 2 10 1
w1=21 w2=14  z(T1)=5.7 z(T2)=2.1  K2 10 12 5 0 9 4 11 8 7 13 6 3 1 2
w1=21 w2=15  z(T1)=6.0 z(T2)=1.9  K2 13 6 0 7 1 12 5 10 8 11 9 14 3 2 4
w1=21 w2=16  z(T1)=5.6 z(T2)=2.8  K2 1 2 10 15 4 14 12 0 8 5 9 13 11 6 3 7
w1=21 w2=17  z(T1)=7.0 z(T2)=2.5  K2 11 16 2 8 0 13 3 7 10 4 5 15 6 9 14 1 12
w1=21 w2=18  z(T1)=6.7 z(T2)=3.0  K2 9 3 7 5 0 13 8 15 12 11 2 4 14 17 1 16 10 6
w1=21 w2=19  z(T1)=7.0 z(T2)=2.4  K2 18 6 10 17 15 5 11 7 14 13 8 16 3 9 2 0 4 1 12
w1=21 w2=20  z(T1)=6.9 z(T2)=1.8  K2 16 19 12 0 11 17 3 15 4 6 1 14 8 18 10 5 13 2 7 9
w1=21 w2=21  z(T1)=5.4 z(T2)=3.8  K2 5 13 8 12 6 15 11 20 10 17 19 4 18 16 14 2 9 1 7 0 3
w1=21 w2=22  z(T1)=6.5 z(T2)=3.5  K2 18 2 1 9 14 6 5 7 21 13 15 4 16 20 3 17 19 11 12 10 8 0
w1=21 w2=23  z(T1)=8.4 z(T2)=2.1  K2 16 20 9 19 4 15 18 22 2 21 14 7 13 17 0 3 6 8 11 1 12 5 10
w1=21 w2=24  z(T1)=6.9 z(T2)=3.6  K2 20 5 22 6 14 11 21 10 17 9 8 19 3 23 2 13 18 15 4 7 0 16 12 1
w1=21 w2=25  z(T1)=6.9 z(T2)=3.4  K2 20 22 11 13 18 3 19 2 1 5 8 14 4 23 16 0 24 17 6 12 21 15 9 7 10
w1=21 w2=26  z(T1)=8.5 z(T2)=2.1  K2 10 7 19 21 13 23 2 9 0 3 15 1 24 12 14 18 8 25 17 5 22 20 11 4 16 6
w1=21 w2=27  z(T1)=7.9 z(T2)=3.0  K2 22 18 1 13 8 19 5 16 15 17 3 12 4 26 2 9 20 11 6 25 14 7 24 21 0 10 23
w1=21 w2=28  z(T1)=7.5 z(T2)=2.9  K2 2 18 24 6 7 26 10 20 12 23 13 21 5 16 17 0 22 9 11 8 1 4 25 27 14 19 3 15
w1=21 w2=29  z(T1)=7.1 z(T2)=3.0  K2 4 19 5 10 17 15 20 8 11 21 6 0 27 18 12 23 13 14 3 28 9 26 2 1 7 22 16 25 24
w1=21 w2=30  z(T1)=7.8 z(T2)=2.2  K2 24 9 2 27 6 25 14 0 21 15 1 11 19 20 16 13 22 7 18 5 10 4 12 23 28 26 8 29 3 17
w1=22 w2=11  z(T1)=2.9 z(T2)=3.6  K2 10 8 9 3 5 0 6 1 2 4 7
w1=22 w2=12  z(T1)=4.4 z(T2)=2.7  K2 2 5 9 1 8 11 10 6 3 4 0 7
w1=22 w2=13  z(T1)=6.4 z(T2)=1.7  K2 8 5 3 11 1 12 2 0 6 10 4 9 7
w1=22 w2=14  z(T1)=5.1 z(T2)=2.8  K2 7 12 5 3 13 0 10 2 1 4 6 11 8 9
w1=22 w2=15  z(T1)=5.4 z(T2)=4.2  K2 14 5 2 11 12 6 0 13 3 4 1 9 8 10 7
w1=22 w2=16  z(T1)=6.3 z(T2)=1.7  K2 3 14 11 9 6 1 2 7 4 8 12 0 5 13 15 10
w1=22 w2=17  z(T1)=6.2 z(T2)=2.1  K2 2 11 3 16 1 6 15 8 5 7 0 13 10 9 14 4 12
w1=22 w2=18  z(T1)=6.5 z(T2)=1.8  K2 10 14 15 12 7 0 1 8 4 16 9 3 11 6 13 17 5 2
w1=22 w2=19  z(T1)=6.7 z(T2)=0.7  K2 16 9 12 6 1 2 14 3 5 11 7 13 15 18 8 0 17 4 10
w1=22 w2=20  z(T1)=7.1 z(T2)=1.9  K2 3 7 11 1 17 8 13 18 14 6 9 0 5 10 19 12 15 2 16 4
w1=22 w2=21  z(T1)=6.8 z(T2)=3.4  K2 12 8 0 20 9 6 15 16 5 2 14 1 18 19 11 4 10 3 17 13 7
w1=22 w2=22  z(T1)=5.4 z(T2)=4.2  K2 3 9 14 18 12 6 21 10 17 1 15 8 2 19 20 13 0 11 4 16 5 7
w1=22 w2=23  z(T1)=7.6 z(T2)=1.6  K2 11 8 2 1 14 18 22 4 7 17 5 9 3 6 10 0 19 12 21 16 20 15 13
w1=22 w2=24  z(T1)=6.4 z(T2)=3.6  K2 16 7 4 22 19 20 13 21 14 12 2 23 8 15 3 10 11 9 18 0 5 1 6 17
w1=22 w2=25  z(T1)=7.4 z(T2)=2.6  K2 13 5 23 4 2 1 22 9 3 10 6 8 11 19 0 24 15 17 14 18 21 20 7 16 12
w1=22 w2=26  z(T1)=6.7 z(T2)=3.1  K2 8 13 25 24 2 0 14 18 16 1 10 12 4 3 17 11 20 7 15 22 19 9 6 5 21 23
w1=22 w2=27  z(T1)=7.4 z(T2)=2.2  K2 24 13 7 3 4 22 21 16 0 8 19 14 11 26 18 1 17 23 20 15 2 10 5 12 25 6 9
w1=22 w2=28  z(T1)=8.4 z(T2)=3.0  K2 10 12 19 25 3 14 6 15 16 2 26 7 24 4 17 22 11 8 9 23 20 5 13 18 27 21 0 1
w1=22 w2=29  z(T1)=8.7 z(T2)=3.0  K2 5 3 11 12 24 15 28 21 0 10 23 19 20 25 14 7 9 27 1 17 18 13 16 6 8 26 4 22 2
w1=22 w2=30  z(T1)=8.4 z(T2)=2.3  K2 15 8 13 12 10 22 7 21 9 16 24 0 18 25 23 29 14 6 28 4 27 26 20 1 5 2 17 3 19 11
w1=23 w2=11  z(T1)=5.1 z(T2)=2.3  K2 2 8 1 0 9 5 3 4 7 6 10
w1=23 w2=12  z(T1)=4.9 z(T2)=1.6  K2 2 5 7 3 6 10 1 4 0 8 11 9
w1=23 w2=13  z(T1)=4.4 z(T2)=3.5  K2 2 5 4 10 6 0 7 11 1 8 9 12 3
w1=23 w2=14  z(T1)=5.1 z(T2)=2.5  K2 5 11 12 2 3 13 7 0 4 8 9 1 10 6
w1=23 w2=15  z(T1)=5.7 z(T2)=2.7  K2 6 10 12 8 0 3 11 9 14 13 5 7 1 2 4
w1=23 w2=16  z(T1)=4.6 z(T2)=3.6  K2 9 6 13 2 15 8 14 5 4 3 10 1 0 11 12 7
w1=23 w2=17  z(T1)=5.8 z(T2)=3.1  K2 15 5 10 8 12 6 0 11 3 16 7 2 14 4 9 13 1
w1=23 w2=18  z(T1)=5.2 z(T2)=3.7  K2 3 7 15 13 1 12 6 16 5 10 0 9 17 4 14 11 2 8
w1=23 w2=19  z(T1)=5.5 z(T2)=4.7  K2 9 8 0 4 2 10 17 12 15 7 3 14 13 5 16 6 1 18 11
w1=23 w2=20  z(T1)=5.9 z(T2)=4.2  K2 16 11 4 9 5 13 0 10 7 15 3 17 12 2 19 18 8 1 6 14
w1=23 w2=21  z(T1)=7.0 z(T2)=2.4  K2 12 13 2 18 19 11 9 5 20 10 0 14 7 17 16 1 6 15 4 3 8
w1=23 w2=22  z(T1)=5.7 z(T2)=3.6  K2 18 8 10 16 12 6 2 19 14 20 1 9 3 11 4 17 15 13 5 7 21 0
w1=23 w2=23  z(T1)=6.7 z(T2)=3.6  K2 13 3 21 17 19 22 18 11 9 20 8 5 12 16 0 1 15 10 6 4 2 7 14
w1=23 w2=24  z(T1)=6.9 z(T2)=3.3  K2 16 23 11 5 20 17 8 0 7 18 2 22 15 9 19 4 14 13 12 6 1 21 10 3
w1=23 w2=25  z(T1)=6.8 z(T2)=4.1  K2 5 23 22 17 15 1 0 21 8 2 10 19 16 24 13 12 7 18 3 4 14 6 9 11 20
w1=23 w2=26  z(T1)=7.1 z(T2)=3.7  K2 3 10 7 23 17 11 24 0 8 12 9 20 19 1 18 15 22 5 2 6 25 4 16 13 21 14
w1=23 w2=27  z(T1)=7.4 z(T2)=5.0  K2 21 12 4 19 10 16 14 0 15 24 13 11 8 17 1 22 7 5 3 18 6 9 25 23 20 26 2
w1=23 w2=28  z(T1)=7.2 z(T2)=2.7  K2 10 22 11 24 26 25 8 5 13 21 4 6 2 12 19 16 1 17 23 14 0 15 9 7 3 27 20 18
w1=23 w2=29  z(T1)=7.2 z(T2)=3.7  K2 24 28 20 21 2 17 1 16 0 27 8 25 13 18 22 23 12 5 26 6 10 3 9 7 14 19 11 4 15
w1=23 w2=30  z(T1)=5.9 z(T2)=4.7  K2 29 23 25 26 28 0 21 18 6 20 7 27 17 15 12 1 11 5 19 8 16 4 10 24 22 2 9 13 3 14
w1=24 w2=11  z(T1)=4.4 z(T2)=2.4  K2 8 2 9 3 6 0 5 1 4 7 10
w1=24 w2=12  z(T1)=4.1 z(T2)=2.7  K2 0 10 11 3 8 6 9 4 2 1 7 5
w1=24 w2=13  z(T1)=5.9 z(T2)=1.9  K2 2 11 8 7 3 0 4 6 9 10 5 12 1
w1=24 w2=14  z(T1)=6.1 z(T2)=1.6  K2 1 11 12 13 6 3 8 7 9 10 2 5 4 0
w1=24 w2=15  z(T1)=5.7 z(T2)=2.9  K2 4 10 8 7 11 9 14 13 3 0 12 5 2 1 6
w1=24 w2=16  z(T1)=5.8 z(T2)=2.6  K2 12 6 14 8 4 10 15 11 3 0 13 2 1 5 9 7
w1=24 w2=17  z(T1)=5.8 z(T2)=2.3  K2 9 13 8 1 6 16 0 4 11 5 7 12 14 15 10 2 3
w1=24 w2=18  z(T1)=5.6 z(T2)=2.4  K2 6 12 15 17 3 1 9 5 0 8 13 2 14 11 4 7 16 10
w1=24 w2=19  z(T1)=6.2 z(T2)=2.7  K2 8 7 16 5 14 17 15 13 10 2 9 4 11 1 18 12 6 0 3
w1=24 w2=20  z(T1)=6.3 z(T2)=3.6  K2 12 5 6 3 18 0 7 1 9 4 10 11 17 8 13 14 19 16 15 2
w1=24 w2=21  z(T1)=5.9 z(T2)=4.1  K2 16 5 4 9 0 20 17 18 7 12 10 15 3 13 19 2 14 8 6 1 11
w1=24 w2=22  z(T1)=7.4 z(T2)=2.3  K2 7 10 20 1 3 21 8 0 14 4 16 11 15 18 2 12 6 19 17 5 9 13
w1=24 w2=23  z(T1)=6.9 z(T2)=2.7  K2 15 8 20 6 7 18 22 2 17 19 10 16 11 21 12 3 0 9 5 4 1 14 13
w1=24 w2=24  z(T1)=6.2 z(T2)=3.3  K2 23 15 17 18 2 0 19 16 3 21 10 14 1 6 20 22 9 4 7 11 13 8 5 12
w1=24 w2=25  z(T1)=7.7 z(T2)=2.8  K2 16 4 18 10 20 13 7 5 17 8 19 11 15 21 3 12 0 24 23 22 1 6 9 2 14
w1=24 w2=26  z(T1)=7.5 z(T2)=2.7  K2 12 14 0 13 3 9 19 22 25 20 11 5 7 21 4 16 2 6 15 23 17 18 24 1 8 10
w1=24 w2=27  z(T1)=7.5 z(T2)=2.4  K2 23 15 19 14 25 0 13 11 3 21 6 22 7 9 10 16 24 1 12 5 18 17 4 8 20 26 2
w1=24 w2=28  z(T1)=6.6 z(T2)=3.3  K2 17 9 25 1 24 10 21 3 5 14 0 8 26 13 11 19 6 4 2 12 18 16 15 27 7 20 23 22
w1=24 w2=29  z(T1)=9.3 z(T2)=1.5  K2 25 21 19 18 24 12 16 4 2 0 27 6 5 8 1 7 22 23 15 28 13 3 26 17 14 9 10 11 20
w1=24 w2=30  z(T1)=7.6 z(T2)=2.8  K2 13 0 1 28 24 16 5 22 21 6 9 17 11 19 18 27 7 4 14 23 3 25 15 29 8 10 12 2 20 26
w1=25 w2=11  z(T1)=4.5 z(T2)=2.1  K2 10 6 3 9 7 8 4 1 0 5 2
w1=25 w2=12  z(T1)=4.2 z(T2)=2.3  K2 1 9 11 5 0 7 2 6 8 4 10 3
w1=25 w2=13  z(T1)=6.1 z(T2)=1.9  K2 2 5 10 8 11 9 7 4 3 12 6 0 1
w1=25 w2=14  z(T1)=5.3 z(T2)=1.7  K2 11 7 8 0 4 6 3 9 13 10 2 1 12 5
w1=25 w2=15  z(T1)=6.1 z(T2)=2.5  K2 8 10 0 14 12 6 2 9 7 3 5 11 13 4 1
w1=25 w2=16  z(T1)=5.8 z(T2)=2.4  K2 15 0 1 8 3 13 2 14 9 5 11 4 6 12 10 7
w1=25 w2=17  z(T1)=6.2 z(T2)=2.6  K2 16 13 2 4 8 1 15 12 10 9 5 7 3 6 11 14 0
w1=25 w2=18  z(T1)=5.6 z(T2)=3.3  K2 16 7 11 10 2 13 9 1 8 15 12 5 6 0 4 14 17 3
w1=25 w2=19  z(T1)=6.4 z(T2)=2.9  K2 3 15 18 7 0 8 11 13 16 5 10 14 12 1 17 6 2 9 4
w1=25 w2=20  z(T1)=6.0 z(T2)=4.0  K2 19 18 6 7 16 11 3 17 12 8 9 1 10 5 13 14 0 4 15 2
w1=25 w2=21  z(T1)=5.8 z(T2)=4.5  K2 13 16 19 9 14 20 8 0 2 18 10 15 12 4 3 7 17 5 6 1 11
w1=25 w2=22  z(T1)=6.3 z(T2)=4.5  K2 16 8 4 0 12 15 21 18 10 19 20 6 17 9 11 14 2 3 1 13 5 7
w1=25 w2=23  z(T1)=6.0 z(T2)=3.7  K2 15 17 19 5 14 13 4 9 3 8 12 21 6 20 16 18 0 1 10 22 2 11 7
w1=25 w2=24  z(T1)=7.5 z(T2)=3.4  K2 13 1 12 8 10 17 15 9 14 11 3 23 6 4 2 22 5 20 7 0 18 19 16 21
w1=25 w2=25  z(T1)=5.8 z(T2)=3.3  K2 20 17 22 21 12 13 1 4 23 8 16 7 2 14 11 0 15 19 10 9 24 18 3 5 6
w1=25 w2=26  z(T1)=8.8 z(T2)=3.1  K2 4 16 2 8 10 22 20 15 23 7 19 3 9 24 18 17 5 11 12 1 6 25 21 14 0 13
w1=25 w2=27  z(T1)=8.0 z(T2)=3.1  K2 3 25 19 26 1 12 17 4 8 10 7 18 6 16 21 5 2 0 13 14 11 22 23 20 15 9 24
w1=25 w2=28  z(T1)=7.5 z(T2)=3.8  K2 21 15 16 27 7 17 10 20 12 9 0 18 14 24 3 19 1 23 8 6 22 25 13 11 2 4 26 5
w1=25 w2=29  z(T1)=7.9 z(T2)=3.0  K2 10 2 24 19 9 17 26 22 1 28 21 11 8 25 15 14 3 5 20 4 12 13 23 6 18 27 7 16 0
w1=25 w2=30  z(T1)=7.5 z(T2)=3.4  K2 17 0 28 5 2 29 21 22 3 15 20 4 14 13 19 7 11 18 24 26 12 25 23 9 10 8 16 1 27 6
w1=26 w2=11  z(T1)=4.7 z(T2)=1.8  K2 10 7 9 5 2 6 8 3 1 0 4
w1=26 w2=12  z(T1)=4.1 z(T2)=3.5  K2 3 8 0 7 6 9 1 4 2 10 5 11
w1=26 w2=13  z(T1)=4.4 z(T2)=3.8  K2 6 11 8 12 4 7 0 5 9 10 3 2 1
w1=26 w2=14  z(T1)=6.1 z(T2)=1.3  K2 13 1 2 8 9 3 11 5 7 4 10 6 12 0
w1=26 w2=15  z(T1)=5.8 z(T2)=3.2  K2 14 5 12 10 11 7 4 1 3 13 6 9 2 8 0
w1=26 w2=16  z(T1)=5.3 z(T2)=2.9  K2 14 9 10 15 7 3 13 4 6 0 2 12 11 1 8 5
w1=26 w2=17  z(T1)=6.3 z(T2)=2.3  K2 5 9 11 13 16 2 15 10 4 8 14 1 3 6 7 12 0
w1=26 w2=18  z(T1)=5.6 z(T2)=3.0  K2 6 10 14 4 7 1 16 12 0 17 11 13 9 15 3 2 8 5
w1=26 w2=19  z(T1)=5.4 z(T2)=3.7  K2 18 10 2 6 8 0 15 13 9 5 7 16 11 4 1 12 14 3 17
w1=26 w2=20  z(T1)=6.5 z(T2)=1.6  K2 0 3 1 4 6 19 2 16 15 11 17 8 18 12 5 9 13 10 14 7
w1=26 w2=21  z(T1)=5.9 z(T2)=3.2  K2 13 14 10 12 15 2 18 17 0 16 1 8 3 11 5 4 7 6 9 20 19
w1=26 w2=22  z(T1)=7.7 z(T2)=3.0  K2 12 1 13 18 9 0 8 11 17 15 10 2 6 3 20 4 21 16 14 19 5 7
w1=26 w2=23  z(T1)=7.7 z(T2)=2.2  K2 7 8 5 18 13 3 12 21 4 6 22 17 11 0 9 20 16 10 14 15 1 19 2
w1=26 w2=24  z(T1)=8.0 z(T2)=2.7  K2 13 3 9 17 14 10 21 4 0 5 6 19 11 1 22 16 7 18 20 2 15 23 12 8
w1=26 w2=25  z(T1)=7.1 z(T2)=2.0  K2 24 16 9 0 19 1 17 4 15 5 10 18 8 2 3 14 21 22 20 13 11 12 6 7 23
w1=26 w2=26  z(T1)=6.7 z(T2)=4.6  K2 16 21 14 2 1 6 3 0 23 5 9 25 19 10 12 13 20 7 15 18 24 4 17 8 22 11
w1=26 w2=27  z(T1)=6.6 z(T2)=3.2  K2 17 26 24 25 22 2 9 12 4 23 15 6 21 0 3 14 7 8 11 13 5 19 10 18 20 16 1
w1=26 w2=28  z(T1)=6.9 z(T2)=2.8  K2 19 6 18 10 20 14 15 9 12 0 27 23 16 1 4 13 26 8 3 22 11 24 2 25 21 17 7 5
w1=26 w2=29  z(T1)=7.9 z(T2)=2.7  K2 15 1 8 4 18 27 11 28 23 19 21 10 0 6 7 9 17 20 12 26 14 3 13 2 24 5 22 16 25
w1=26 w2=30  z(T1)=7.7 z(T2)=2.9  K2 16 24 17 9 3 19 12 28 0 23 21 25 1 4 14 11 8 2 10 5 20 26 6 27 22 18 15 7 13 29
w1=27 w2=11  z(T1)=4.7 z(T2)=2.6  K2 8 10 5 1 6 2 3 7 4 0 9
w1=27 w2=12  z(T1)=3.9 z(T2)=3.4  K2 11 7 8 6 3 5 10 9 2 4 0 1
w1=27 w2=13  z(T1)=5.3 z(T2)=3.0  K2 6 3 0 12 7 5 4 8 2 11 10 1 9
w1=27 w2=14  z(T1)=5.1 z(T2)=4.1  K2 6 7 9 5 1 2 0 8 4 12 3 13 11 10
w1=27 w2=15  z(T1)=6.1 z(T2)=2.8  K2 11 10 7 1 14 3 9 13 6 5 2 8 4 12 0
w1=27 w2=16  z(T1)=6.2 z(T2)=2.3  K2 2 12 11 3 13 6 1 10 0 7 5 9 4 15 8 14
w1=27 w2=17  z(T1)=5.7 z(T2)=3.5  K2 16 10 7 9 5 12 15 11 3 0 8 4 14 6 1 2 13
w1=27 w2=18  z(T1)=5.9 z(T2)=3.1  K2 13 11 14 15 6 0 7 17 4 3 2 8 16 10 12 5 1 9
w1=27 w2=19  z(T1)=5.8 z(T2)=3.5  K2 4 12 7 18 0 10 2 8 11 6 14 17 16 9 1 5 13 15 3
w1=27 w2=20  z(T1)=6.9 z(T2)=3.3  K2 4 17 6 13 8 10 1 3 12 0 7 5 15 2 16 11 9 19 14 18
w1=27 w2=21  z(T1)=7.0 z(T2)=1.5  K2 19 15 20 9 2 7 3 18 13 14 1 16 5 4 6 10 12 11 0 8 17
w1=27 w2=22  z(T1)=7.2 z(T2)=2.6  K2 1 19 17 9 11 14 0 4 16 8 3 2 18 20 6 13 5 7 12 21 10 15
w1=27 w2=23  z(T1)=7.8 z(T2)=2.5  K2 22 18 5 19 12 3 15 4 17 14 9 11 21 20 8 13 1 7 16 6 2 10 0
w1=27 w2=24  z(T1)=7.1 z(T2)=3.2  K2 16 12 0 3 9 2 23 13 1 19 7 14 5 17 10 15 11 6 18 8 4 20 22 21
w1=27 w2=25  z(T1)=6.9 z(T2)=3.4  K2 2 7 14 20 9 24 11 13 21 12 0 10 16 22 23 1 19 6 3 4 15 17 18 5 8
w1=27 w2=26  z(T1)=7.7 z(T2)=2.2  K2 8 9 10 5 13 20 17 18 25 3 4 21 19 1 24 2 14 16 23 0 22 15 11 7 12 6
w1=27 w2=27  z(T1)=7.5 z(T2)=3.7  K2 10 20 16 11 13 19 26 8 9 7 4 23 14 3 24 25 0 15 22 21 5 12 2 18 6 17 1
w1=27 w2=28  z(T1)=8.1 z(T2)=4.0  K2 16 26 17 27 4 1 2 0 11 6 14 12 9 10 13 22 8 25 18 23 19 7 5 20 21 3 15 24
w1=27 w2=29  z(T1)=8.2 z(T2)=3.2  K2 27 25 21 26 13 8 4 20 12 7 9 17 10 24 0 19 2 1 6 28 23 15 3 5 18 22 16 14 11
w1=27 w2=30  z(T1)=7.4 z(T2)=3.6  K2 29 23 13 10 5 14 6 25 22 26 3 2 4 8 9 27 18 21 19 28 24 20 17 11 1 16 12 15 0 7
w1=28 w2=11  z(T1)=5.5 z(T2)=0.8  K2 10 8 1 0 3 2 6 9 5 4 7
w1=28 w2=12  z(T1)=4.9 z(T2)=2.5  K2 1 6 11 9 0 5 3 10 8 4 7 2
w1=28 w2=13  z(T1)=5.8 z(T2)=0.9  K2 6 4 10 1 12 0 2 3 8 9 7 5 11
w1=28 w2=14  z(T1)=5.5 z(T2)=2.8  K2 7 5 0 6 13 9 8 3 4 12 1 10 11 2
w1=28 w2=15  z(T1)=7.2 z(T2)=0.4  K2 13 4 0 14 11 9 6 5 7 12 2 1 10 3 8
w1=28 w2=16  z(T1)=6.5 z(T2)=1.3  K2 7 9 5 13 0 6 15 11 12 3 2 8 1 4 14 10
w1=28 w2=17  z(T1)=7.5 z(T2)=2.5  K2 16 7 9 4 2 12 13 14 5 1 0 3 8 15 11 6 10
w1=28 w2=18  z(T1)=7.6 z(T2)=-0.7  K2 16 3 11 13 9 6 10 7 8 1 0 5 2 4 17 14 12 15
w1=28 w2=19  z(T1)=6.8 z(T2)=2.1  K2 12 8 6 10 13 5 14 15 3 11 9 4 2 7 17 1 18 16 0
w1=28 w2=20  z(T1)=6.2 z(T2)=3.5  K2 3 19 14 6 12 18 16 10 13 11 4 1 0 8 2 7 5 15 17 9
w1=28 w2=21  z(T1)=6.6 z(T2)=2.3  K2 0 20 12 18 7 2 3 8 10 6 4 15 14 13 17 9 11 5 16 19 1
w1=28 w2=22  z(T1)=7.9 z(T2)=2.8  K2 15 12 13 9 19 17 0 6 2 10 5 14 1 7 20 8 16 4 3 11 21 18
w1=28 w2=23  z(T1)=7.0 z(T2)=3.4  K2 15 6 19 0 7 22 10 13 1 16 2 20 14 5 21 8 12 3 11 18 17 4 9
w1=28 w2=24  z(T1)=7.6 z(T2)=1.9  K2 21 8 17 4 6 23 3 9 19 11 12 14 18 16 15 7 22 5 0 1 10 2 13 20
w1=28 w2=25  z(T1)=7.3 z(T2)=2.9  K2 14 11 3 20 21 24 8 23 22 17 0 2 7 13 12 4 18 5 15 1 16 19 9 10 6
w1=28 w2=26  z(T1)=7.4 z(T2)=1.2  K2 4 5 0 18 25 1 19 9 11 3 21 7 8 12 24 10 13 15 20 17 23 16 2 22 14 6
w1=28 w2=27  z(T1)=9.1 z(T2)=2.2  K2 8 10 6 18 13 16 20 2 4 5 26 9 7 24 23 12 14 11 0 1 25 22 21 17 3 19 15
w1=28 w2=28  z(T1)=5.2 z(T2)=6.2  K2 8 2 3 13 20 23 0 16 27 17 11 25 4 14 12 21 15 18 10 26 1 24 6 22 5 9 7 19
w1=28 w2=29  z(T1)=7.9 z(T2)=2.2  K2 25 16 3 14 18 28 21 1 19 8 15 20 10 2 24 9 11 7 22 13 27 5 4 0 6 23 17 26 12
w1=28 w2=30  z(T1)=8.8 z(T2)=2.5  K2 4 14 25 12 1 8 2 5 7 11 6 21 28 19 0 3 17 16 10 22 24 20 27 26 9 29 15 13 23 18
w1=29 w2=11  z(T1)=4.9 z(T2)=2.2  K2 10 9 5 4 1 0 3 7 8 6 2
w1=29 w2=12  z(T1)=4.5 z(T2)=2.2  K2 10 11 9 0 1 3 5 6 2 4 7 8
w1=29 w2=13  z(T1)=5.8 z(T2)=2.4  K2 3 9 2 10 12 6 0 5 7 4 8 11 1
w1=29 w2=14  z(T1)=5.5 z(T2)=2.5  K2 4 8 0 12 11 1 9 6 7 10 2 13 3 5
w1=29 w2=15  z(T1)=6.5 z(T2)=1.8  K2 2 1 6 7 8 11 12 9 14 5 10 3 13 4 0
w1=29 w2=16  z(T1)=6.2 z(T2)=2.6  K2 10 12 11 4 3 5 8 9 0 6 14 2 15 13 1 7
w1=29 w2=17  z(T1)=6.5 z(T2)=1.5  K2 16 6 11 0 14 8 5 7 10 4 2 3 12 9 13 15 1
w1=29 w2=18  z(T1)=5.8 z(T2)=2.8  K2 8 15 10 12 2 1 17 16 9 3 6 14 11 13 0 4 7 5
w1=29 w2=19  z(T1)=7.7 z(T2)=1.9  K2 11 7 12 4 5 0 18 17 10 2 16 15 6 14 8 3 13 9 1
w1=29 w2=20  z(T1)=6.3 z(T2)=2.5  K2 15 3 16 0 6 5 9 13 2 12 14 8 17 18 11 1 19 7 4 10
w1=29 w2=21  z(T1)=6.9 z(T2)=2.8  K2 0 15 3 14 12 13 2 9 18 7 8 11 20 19 4 5 16 6 10 1 17
w1=29 w2=22  z(T1)=6.7 z(T2)=2.8  K2 18 9 20 12 11 2 8 3 13 15 7 14 1 5 10 4 6 17 0 19 21 16
w1=29 w2=23  z(T1)=6.6 z(T2)=2.8  K2 6 21 17 11 15 5 2 22 13 12 8 1 10 0 9 20 14 7 19 16 4 3 18
w1=29 w2=24  z(T1)=6.6 z(T2)=4.0  K2 10 19 2 20 16 12 21 13 22 14 15 1 18 23 4 0 9 3 6 5 11 17 7 8
w1=29 w2=25  z(T1)=6.4 z(T2)=4.2  K2 9 1 13 12 23 6 11 5 3 7 15 17 14 8 2 18 10 21 24 19 20 4 0 16 22
w1=29 w2=26  z(T1)=6.4 z(T2)=3.5  K2 1 3 10 23 15 17 18 19 7 4 20 6 2 13 25 22 16 9 8 12 5 11 24 14 0 21
w1=29 w2=27  z(T1)=6.8 z(T2)=3.6  K2 20 10 24 11 2 4 14 8 7 26 6 21 25 0 13 16 19 3 5 17 23 12 15 9 18 1 22
w1=29 w2=28  z(T1)=7.3 z(T2)=3.4  K2 17 9 4 11 1 16 15 26 12 7 13 6 22 8 0 18 19 3 24 23 5 14 20 10 21 2 25 27
w1=29 w2=29  z(T1)=7.5 z(T2)=4.4  K2 24 4 10 6 25 7 20 2 13 23 1 12 26 17 11 14 3 27 0 15 18 22 9 28 5 8 21 16 19
w1=29 w2=30  z(T1)=7.8 z(T2)=3.0  K2 20 18 27 23 10 5 21 22 1 17 11 19 6 2 28 26 13 24 12 16 8 14 25 15 7 0 4 3 9 29
w1=30 w2=11  z(T1)=4.6 z(T2)=2.2  K2 10 4 9 6 3 7 0 8 5 1 2
w1=30 w2=12  z(T1)=4.9 z(T2)=1.5  K2 1 6 8 10 5 3 7 9 0 2 4 11
w1=30 w2=13  z(T1)=5.2 z(T2)=2.4  K2 8 11 4 6 1 0 5 3 9 12 10 2 7
w1=30 w2=14  z(T1)=4.9 z(T2)=2.9  K2 5 0 8 9 4 13 2 3 1 12 11 6 7 10
w1=30 w2=15  z(T1)=6.4 z(T2)=2.1  K2 0 14 7 6 13 8 11 12 5 1 3 9 2 4 10
w1=30 w2=16  z(T1)=5.2 z(T2)=3.4  K2 3 5 11 15 0 8 2 10 12 1 4 14 13 7 9 6
w1=30 w2=17  z(T1)=7.1 z(T2)=1.2  K2 9 13 15 5 11 3 2 14 8 0 7 12 16 1 6 10 4
w1=30 w2=18  z(T1)=5.8 z(T2)=3.1  K2 8 14 4 6 10 0 13 15 9 12 3 11 1 17 2 16 7 5
w1=30 w2=19  z(T1)=5.1 z(T2)=4.2  K2 16 7 18 13 15 11 17 10 2 12 5 8 4 6 9 14 3 0 1
w1=30 w2=20  z(T1)=5.1 z(T2)=4.4  K2 4 5 9 14 0 19 12 8 1 15 3 17 2 16 18 6 10 7 11 13
w1=30 w2=21  z(T1)=5.8 z(T2)=2.8  K2 0 20 19 6 15 13 14 17 7 18 2 3 1 11 16 8 12 4 10 5 9
w1=30 w2=22  z(T1)=6.9 z(T2)=3.1  K2 7 17 9 19 20 14 4 11 1 21 16 6 15 18 8 2 0 10 3 12 13 5
w1=30 w2=23  z(T1)=6.2 z(T2)=4.6  K2 4 9 8 16 18 6 19 21 10 1 20 17 11 2 14 15 5 22 0 7 13 12 3
w1=30 w2=24  z(T1)=7.2 z(T2)=2.4  K2 17 8 6 1 19 15 10 14 0 21 4 20 7 18 2 11 16 12 3 9 23 13 22 5
w1=30 w2=25  z(T1)=7.2 z(T2)=2.8  K2 23 14 4 0 10 3 21 16 7 6 5 24 8 11 18 9 15 22 13 19 12 17 1 2 20
w1=30 w2=26  z(T1)=6.7 z(T2)=2.3  K2 14 18 25 17 5 2 20 0 19 24 22 15 3 13 7 11 21 1 4 16 6 10 8 12 9 23
w1=30 w2=27  z(T1)=7.5 z(T2)=2.6  K2 17 16 20 19 26 9 18 12 11 13 5 7 24 21 2 4 25 0 10 3 14 8 22 23 15 1 6
w1=30 w2=28  z(T1)=5.5 z(T2)=5.8  K2 20 6 19 25 16 7 26 15 14 18 4 27 12 17 1 0 5 23 2 22 11 9 8 10 24 3 13 21
w1=30 w2=29  z(T1)=6.5 z(T2)=5.2  K2 21 14 18 26 0 13 5 8 10 24 17 22 28 19 25 9 15 7 6 2 23 27 11 12 20 1 16 4 3
w1=30 w2=30  z(T1)=7.4 z(T2)=4.4  K2 24 18 12 17 9 28 3 20 4 14 25 22 26 13 0 1 5 21 29 11 16 6 7 15 2 23 19 10 8 27
