conv=0 w1=11 w2=11  z=5.0  K2 3 5 1 0 6 9 10 4 7 8 2
conv=0 w1=11 w2=12  z=4.6  K2 0 6 11 10 2 1 4 5 8 9 3 7
conv=0 w1=11 w2=13  z=5.5  K2 0 5 7 11 8 10 12 4 2 1 3 9 6
conv=0 w1=11 w2=14  z=4.7  K2 10 3 8 0 7 12 2 6 4 13 5 11 9 1
conv=0 w1=11 w2=15  z=6.2  K2 1 14 13 9 10 8 12 2 5 7 3 0 6 4 11
conv=0 w1=11 w2=16  z=5.9  K2 5 7 8 15 0 2 12 1 11 14 6 13 4 3 10 9
conv=0 w1=11 w2=17  z=6.3  K2 0 16 15 9 12 1 11 3 6 5 4 8 13 10 2 7 14
conv=0 w1=11 w2=18  z=6.2  K2 17 8 1 15 14 10 16 9 0 4 3 2 7 6 5 12 13 11
conv=0 w1=11 w2=19  z=6.7  K2 13 10 14 8 9 4 5 2 1 11 3 17 12 15 0 18 7 6 16
conv=0 w1=11 w2=20  z=7.7  K2 17 6 18 4 15 0 12 16 5 1 19 7 8 9 3 13 10 2 11 14
conv=0 w1=11 w2=21  z=7.7  K2 2 12 7 14 20 16 18 19 6 17 5 13 1 11 15 9 0 10 3 8 4
conv=0 w1=11 w2=22  z=7.0  K2 9 19 7 13 12 11 21 10 1 17 4 18 3 5 16 15 20 6 8 0 2 14
conv=0 w1=11 w2=23  z=7.8  K2 0 3 10 21 14 8 12 7 22 17 20 19 2 9 5 15 6 1 13 18 4 16 11
conv=0 w1=11 w2=24  z=9.0  K2 6 15 14 3 12 9 1 18 19 11 10 5 20 13 16 8 0 21 7 23 4 2 22 17
conv=0 w1=11 w2=25  z=8.9  K2 20 1 18 16 7 10 13 12 3 19 0 23 2 4 21 22 24 9 6 17 11 14 8 15 5
conv=0 w1=11 w2=26  z=9.3  K2 16 14 23 1 11 0 9 2 17 5 4 19 15 24 20 13 6 10 7 8 3 22 18 12 21 25
conv=0 w1=11 w2=27  z=11.0  K2 26 10 6 16 17 20 21 9 7 2 23 1 11 19 3 8 13 15 4 25 12 22 14 18 5 0 24
conv=0 w1=11 w2=28  z=9.9  K2 21 14 26 4 11 18 8 15 9 10 16 2 0 13 27 5 6 24 17 20 22 3 12 1 19 25 7 23
conv=0 w1=11 w2=29  z=10.3  K2 0 11 8 19 14 12 15 18 9 24 6 22 16 20 2 26 28 27 21 7 23 1 5 4 10 17 3 25 13
conv=0 w1=11 w2=30  z=10.0  K2 9 6 10 1 24 15 26 16 12 4 17 29 7 8 20 0 13 23 21 22 5 27 14 3 11 28 2 18 19 25
conv=0 w1=11 w2=31  z=11.2  K2 20 28 19 6 16 17 0 10 13 30 4 29 12 24 7 11 27 2 3 8 15 25 14 26 21 1 18 5 22 9 23
conv=0 w1=11 w2=32  z=10.5  K2 29 1 17 3 20 19 6 0 22 24 18 14 9 16 11 2 12 23 28 21 8 15 25 7 13 26 27 10 30 4 5 31
conv=0 w1=11 w2=33  z=10.5  K2 18 25 21 16 7 10 27 26 19 30 20 14 2 1 11 8 22 6 13 28 4 29 24 5 23 15 32 3 12 31 17 9 0
conv=0 w1=11 w2=34  z=11.4  K2 1 17 8 29 0 9 31 7 15 26 18 32 24 4 25 16 3 14 22 19 27 20 2 21 12 30 28 5 23 33 13 10 6 11
conv=0 w1=11 w2=35  z=11.4  K2 10 5 9 2 28 21 32 18 1 25 12 26 20 6 24 3 11 0 29 30 17 16 19 31 33 23 27 15 13 22 4 8 34 14 7
conv=0 w1=11 w2=36  z=11.8  K2 28 27 20 23 6 35 4 29 10 3 21 22 26 1 34 8 0 15 16 12 17 11 13 30 9 25 33 2 24 32 7 5 14 31 18 19
conv=0 w1=11 w2=37  z=11.6  K2 34 9 25 20 5 32 0 15 23 14 6 16 19 35 21 33 2 4 12 22 11 8 30 27 24 13 7 17 28 18 36 1 31 10 26 3 29
conv=0 w1=11 w2=38  z=12.9  K2 34 12 17 31 29 13 2 5 33 26 28 21 0 19 9 4 22 16 3 32 7 37 15 20 11 35 30 27 25 18 8 24 36 10 23 14 6 1
conv=0 w1=11 w2=39  z=12.1  K2 37 28 1 32 16 0 22 3 24 8 2 14 15 29 9 27 26 38 20 4 33 11 36 23 19 12 34 7 17 13 30 31 10 21 6 5 35 18 25
conv=0 w1=11 w2=40  z=12.2  K2 37 3 0 34 33 26 11 27 38 12 6 9 36 24 4 10 19 22 13 18 2 31 7 28 23 5 20 16 14 15 21 39 35 17 1 30 8 29 32 25
conv=0 w1=12 w2=11  z=4.8  K2 8 0 7 2 3 10 9 4 1 5 6
conv=0 w1=12 w2=12  z=5.3  K2 9 7 0 4 8 5 6 1 10 2 11 3
conv=0 w1=12 w2=13  z=5.0  K2 6 10 7 5 2 8 0 3 1 4 11 9 12
conv=0 w1=12 w2=14  z=5.0  K2 11 1 3 9 7 5 2 4 10 12 6 8 13 0
conv=0 w1=12 w2=15  z=7.1  K2 2 4 14 8 10 7 9 3 1 0 6 12 5 13 11
conv=0 w1=12 w2=16  z=7.2  K2 0 3 9 11 7 5 15 4 8 13 12 2 6 10 1 14
conv=0 w1=12 w2=17  z=7.6  K2 0 14 8 13 7 1 10 15 16 3 12 9 4 2 11 5 6
conv=0 w1=12 w2=18  z=7.4  K2 10 2 0 7 1 15 11 8 17 14 6 3 12 13 5 9 16 4
conv=0 w1=12 w2=19  z=7.6  K2 10 16 9 4 0 14 15 3 18 2 11 5 13 6 17 8 7 1 12
conv=0 w1=12 w2=20  z=8.2  K2 0 7 9 5 3 4 14 19 15 16 17 10 11 1 13 2 12 6 8 18
conv=0 w1=12 w2=21  z=7.7  K2 14 11 9 3 18 12 20 7 19 8 5 2 4 1 17 10 6 15 13 16 0
conv=0 w1=12 w2=22  z=8.9  K2 12 16 0 17 1 2 15 8 10 19 18 3 21 13 4 9 5 7 20 6 14 11
conv=0 w1=12 w2=23  z=8.3  K2 8 0 9 19 11 17 6 3 14 16 7 21 18 13 22 12 4 5 1 2 20 15 10
conv=0 w1=12 w2=24  z=8.2  K2 21 10 1 14 22 6 8 23 17 5 2 18 9 19 3 15 16 12 4 0 11 20 13 7
conv=0 w1=12 w2=25  z=8.9  K2 23 24 9 10 4 19 8 7 2 12 22 1 0 16 20 14 6 13 18 3 15 5 17 11 21
conv=0 w1=12 w2=26  z=9.0  K2 4 25 0 14 11 24 9 21 22 13 15 1 20 3 8 17 18 2 12 5 23 10 16 19 7 6
conv=0 w1=12 w2=27  z=9.1  K2 5 2 0 17 18 6 24 25 22 3 9 15 14 12 16 4 21 1 8 7 26 10 11 20 23 13 19
conv=0 w1=12 w2=28  z=9.5  K2 11 13 4 20 21 19 22 15 1 0 18 12 8 25 14 27 24 2 10 17 5 16 6 9 26 7 23 3
conv=0 w1=12 w2=29  z=9.8  K2 17 2 6 26 25 13 28 21 27 8 22 0 7 24 1 16 14 5 19 4 18 20 23 15 12 10 3 11 9
conv=0 w1=12 w2=30  z=10.7  K2 2 17 22 14 13 4 20 24 15 8 10 27 1 26 21 12 29 0 6 3 5 16 11 9 23 19 18 7 28 25
conv=0 w1=12 w2=31  z=10.7  K2 15 5 25 24 4 11 12 28 27 17 14 10 2 29 30 19 6 3 22 18 0 23 9 13 8 7 20 21 16 1 26
conv=0 w1=12 w2=32  z=11.5  K2 8 3 26 11 4 12 28 27 19 21 24 30 29 23 14 16 13 6 9 7 25 22 1 10 0 17 20 15 2 5 18 31
conv=0 w1=12 w2=33  z=11.5  K2 13 32 6 15 2 18 12 25 30 29 23 28 1 8 3 26 4 7 24 10 21 22 14 0 11 27 9 17 20 16 31 5 19
conv=0 w1=12 w2=34  z=11.5  K2 27 30 1 15 0 3 31 17 26 25 5 21 18 23 24 8 13 10 7 6 19 22 28 33 14 29 11 16 12 32 4 2 20 9
conv=0 w1=12 w2=35  z=11.0  K2 20 8 2 1 4 33 19 24 23 27 31 5 15 22 34 25 29 7 13 21 12 28 26 32 9 16 0 3 14 30 17 6 18 10 11
conv=0 w1=12 w2=36  z=12.3  K2 13 11 21 23 34 17 26 12 25 29 35 28 31 8 16 24 32 27 18 4 10 22 14 6 30 1 7 0 9 5 20 33 15 2 3 19
conv=0 w1=12 w2=37  z=12.0  K2 11 6 4 27 14 25 15 5 7 23 9 20 0 34 22 35 17 33 30 12 8 18 1 2 29 13 26 28 3 16 10 31 21 36 19 32 24
conv=0 w1=12 w2=38  z=12.3  K2 0 29 10 13 15 5 8 36 16 7 37 27 22 3 24 18 33 1 20 35 2 23 4 28 9 31 19 6 25 26 14 17 12 34 30 32 11 21
conv=0 w1=12 w2=39  z=10.9  K2 32 28 24 19 12 16 37 22 2 18 36 31 9 26 11 21 27 3 15 14 29 10 0 13 17 33 30 5 20 35 7 6 1 8 38 4 23 34 25
conv=0 w1=12 w2=40  z=12.9  K2 13 28 23 17 29 16 11 3 39 6 26 18 38 25 15 4 20 9 0 31 14 34 22 36 35 2 33 30 24 8 7 21 12 1 19 5 37 32 10 27
conv=0 w1=13 w2=11  z=4.6  K2 3 9 8 2 5 10 1 7 4 6 0
conv=0 w1=13 w2=12  z=5.2  K2 5 2 3 11 4 10 9 0 6 8 1 7
conv=0 w1=13 w2=13  z=5.4  K2 7 6 1 2 5 9 0 11 12 8 10 4 3
conv=0 w1=13 w2=14  z=5.1  K2 5 13 12 7 3 10 6 0 1 8 9 4 2 11
conv=0 w1=13 w2=15  z=6.1  K2 6 8 14 7 9 4 3 5 1 2 0 13 12 11 10
conv=0 w1=13 w2=16  z=6.1  K2 15 3 12 2 9 14 10 7 4 0 5 6 8 1 13 11
conv=0 w1=13 w2=17  z=6.8  K2 16 6 10 3 5 0 1 12 8 15 14 13 11 2 4 9 7
conv=0 w1=13 w2=18  z=7.5  K2 17 5 11 3 7 12 14 16 9 1 10 4 13 2 6 8 15 0
conv=0 w1=13 w2=19  z=7.6  K2 1 13 10 5 3 14 16 17 11 18 6 7 15 4 9 2 12 0 8
conv=0 w1=13 w2=20  z=7.5  K2 0 18 10 9 5 8 16 17 12 13 3 7 4 2 15 11 14 19 6 1
conv=0 w1=13 w2=21  z=7.7  K2 12 11 16 14 10 2 9 5 19 1 20 17 13 0 6 15 7 4 18 3 8
conv=0 w1=13 w2=22  z=8.6  K2 14 21 2 4 10 9 3 18 15 0 11 6 19 5 1 13 17 16 12 8 20 7
conv=0 w1=13 w2=23  z=8.5  K2 3 10 7 19 22 21 18 16 4 14 17 6 12 20 15 9 5 13 11 2 0 8 1
conv=0 w1=13 w2=24  z=9.6  K2 13 12 0 19 6 9 15 20 21 18 10 16 3 11 8 17 7 23 5 4 1 22 14 2
conv=0 w1=13 w2=25  z=9.0  K2 16 18 14 3 21 22 9 7 4 17 5 12 13 2 6 23 20 11 10 1 8 0 24 19 15
conv=0 w1=13 w2=26  z=9.3  K2 24 21 12 4 7 0 8 25 6 19 10 11 5 18 3 20 14 1 22 2 13 16 15 9 17 23
conv=0 w1=13 w2=27  z=10.4  K2 11 25 6 26 23 9 19 13 0 17 5 18 22 2 16 4 10 21 7 3 20 15 8 1 24 14 12
conv=0 w1=13 w2=28  z=9.8  K2 24 11 16 20 10 13 6 5 2 26 0 1 4 21 7 23 22 15 19 12 17 8 3 9 18 14 27 25
conv=0 w1=13 w2=29  z=11.2  K2 9 26 2 5 19 11 25 4 20 10 14 21 17 22 15 23 0 7 12 24 28 1 6 8 16 13 27 3 18
conv=0 w1=13 w2=30  z=11.5  K2 18 14 6 4 15 28 16 29 8 10 3 11 19 0 25 22 1 20 5 13 12 24 23 9 2 17 27 7 26 21
conv=0 w1=13 w2=31  z=10.5  K2 27 10 18 26 29 14 16 11 13 8 25 22 7 3 28 20 15 9 30 21 5 19 1 4 2 0 12 17 23 6 24
conv=0 w1=13 w2=32  z=11.1  K2 3 9 4 29 20 28 14 22 8 26 19 24 16 18 7 21 17 23 11 0 30 12 1 27 6 15 13 10 5 25 2 31
conv=0 w1=13 w2=33  z=11.6  K2 14 27 32 5 4 0 7 19 18 28 6 8 31 11 2 23 21 1 25 24 22 16 3 30 17 15 13 9 12 26 20 29 10
conv=0 w1=13 w2=34  z=11.3  K2 5 13 0 29 20 19 24 33 32 25 26 4 1 17 31 8 12 10 2 21 28 18 9 30 27 22 23 16 15 6 3 14 11 7
conv=0 w1=13 w2=35  z=11.2  K2 12 16 3 11 19 4 34 9 1 10 14 20 6 32 2 5 24 31 18 7 8 17 15 28 21 26 0 33 29 27 25 13 23 22 30
conv=0 w1=13 w2=36  z=12.5  K2 19 5 15 34 2 8 24 26 11 13 29 9 12 7 25 20 6 31 21 1 3 0 32 35 10 22 14 16 30 4 27 18 33 17 28 23
conv=0 w1=13 w2=37  z=11.1  K2 35 17 32 14 9 15 3 27 0 10 29 34 30 13 2 31 19 22 33 24 12 28 36 25 26 7 4 16 18 21 20 11 1 8 6 23 5
conv=0 w1=13 w2=38  z=11.6  K2 22 12 37 30 19 21 25 23 17 34 15 14 31 3 4 33 16 29 32 18 26 6 28 13 1 8 11 9 2 24 10 27 36 0 20 5 7 35
conv=0 w1=13 w2=39  z=12.3  K2 36 4 6 8 34 32 3 18 21 0 28 12 26 16 15 2 27 38 22 37 25 31 19 1 20 33 35 29 13 11 9 5 17 10 30 7 23 24 14
conv=0 w1=13 w2=40  z=14.0  K2 25 6 34 16 12 32 4 23 13 31 1 35 36 11 0 17 20 39 3 7 21 15 24 22 18 30 8 14 5 29 19 9 37 2 28 26 38 10 33 27
conv=0 w1=14 w2=11  z=4.3  K2 0 4 10 2 3 8 5 1 7 6 9
conv=0 w1=14 w2=12  z=5.4  K2 3 1 6 5 10 8 9 4 11 0 7 2
conv=0 w1=14 w2=13  z=5.4  K2 0 2 3 9 5 4 11 8 7 6 12 10 1
conv=0 w1=14 w2=14  z=6.3  K2 12 11 2 5 1 3 6 10 0 13 8 4 9 7
conv=0 w1=14 w2=15  z=6.1  K2 12 7 8 2 9 10 11 13 3 4 1 6 14 0 5
conv=0 w1=14 w2=16  z=6.3  K2 9 1 3 2 13 12 0 15 4 5 8 6 7 11 10 14
conv=0 w1=14 w2=17  z=7.0  K2 16 4 9 12 2 15 14 3 11 5 0 13 1 8 10 6 7
conv=0 w1=14 w2=18  z=7.1  K2 17 15 10 4 2 14 6 3 7 0 1 8 16 11 12 9 5 13
conv=0 w1=14 w2=19  z=7.7  K2 4 3 12 9 14 5 11 1 17 2 15 18 13 10 7 6 0 8 16
conv=0 w1=14 w2=20  z=8.1  K2 16 11 18 0 2 7 10 17 12 5 14 4 19 6 13 1 9 8 3 15
conv=0 w1=14 w2=21  z=8.3  K2 9 13 5 14 4 0 7 12 17 20 3 19 10 1 11 6 2 18 15 8 16
conv=0 w1=14 w2=22  z=8.6  K2 12 14 3 7 6 4 8 18 21 1 20 9 5 15 16 13 11 0 17 10 2 19
conv=0 w1=14 w2=23  z=9.2  K2 8 17 3 7 10 20 5 9 15 11 2 14 1 4 12 13 16 19 0 6 21 22 18
conv=0 w1=14 w2=24  z=8.9  K2 18 4 0 13 3 8 22 12 23 20 21 16 15 10 11 9 19 7 2 5 17 1 6 14
conv=0 w1=14 w2=25  z=9.1  K2 8 16 24 1 4 12 22 19 9 18 0 14 17 20 23 3 11 13 6 10 5 21 7 2 15
conv=0 w1=14 w2=26  z=10.0  K2 20 17 15 0 13 5 7 21 3 2 11 4 23 19 24 9 22 10 1 16 8 14 18 12 25 6
conv=0 w1=14 w2=27  z=10.2  K2 17 11 16 12 2 10 6 0 23 7 8 5 19 9 15 18 24 26 3 4 1 20 25 14 22 13 21
conv=0 w1=14 w2=28  z=9.4  K2 24 3 19 4 13 27 26 18 1 22 14 9 25 23 5 16 12 0 7 2 17 11 10 21 15 20 6 8
conv=0 w1=14 w2=29  z=10.4  K2 11 9 17 28 26 3 19 4 20 0 22 21 25 7 15 8 1 10 18 27 2 23 5 12 14 6 24 16 13
conv=0 w1=14 w2=30  z=9.7  K2 1 23 16 8 12 13 4 3 20 17 2 10 29 5 26 6 9 24 27 11 22 28 21 0 15 14 19 7 18 25
conv=0 w1=14 w2=31  z=11.9  K2 1 19 4 28 13 25 17 0 16 22 11 23 14 12 5 10 9 8 29 3 6 7 24 2 27 20 21 15 30 18 26
conv=0 w1=14 w2=32  z=10.8  K2 28 7 24 20 27 31 12 13 6 11 4 8 17 0 9 5 15 21 14 22 25 30 2 18 16 1 29 10 23 3 19 26
conv=0 w1=14 w2=33  z=11.5  K2 4 26 29 2 9 12 3 14 7 6 28 21 1 27 13 22 5 25 20 8 23 17 24 18 31 11 30 15 16 10 0 32 19
conv=0 w1=14 w2=34  z=12.4  K2 24 20 0 14 31 4 17 19 25 33 16 23 5 11 7 13 21 1 9 28 18 10 12 27 8 30 22 26 3 32 2 29 6 15
conv=0 w1=14 w2=35  z=11.4  K2 19 30 6 5 18 14 26 7 1 32 25 20 10 11 21 8 15 31 22 24 29 4 0 9 28 27 17 16 34 2 3 13 23 12 33
conv=0 w1=14 w2=36  z=11.5  K2 11 2 9 14 26 35 12 10 25 32 17 20 19 1 7 5 23 8 27 31 0 24 22 4 30 16 21 15 13 18 3 29 28 6 34 33
conv=0 w1=14 w2=37  z=12.5  K2 27 32 12 30 4 25 9 16 22 36 23 1 19 21 24 26 34 18 35 8 7 11 33 5 31 20 17 2 29 0 3 28 15 13 10 6 14
conv=0 w1=14 w2=38  z=11.1  K2 22 4 24 19 31 21 3 20 9 33 23 13 10 2 35 12 37 15 25 29 27 0 17 7 32 5 1 26 36 34 30 28 8 11 18 6 14 16
conv=0 w1=14 w2=39  z=11.5  K2 28 25 38 22 5 26 19 20 10 14 29 31 0 17 16 1 34 24 32 13 8 21 23 12 4 2 11 3 30 7 27 35 15 33 36 37 18 9 6
conv=0 w1=14 w2=40  z=13.0  K2 37 29 35 5 38 16 12 27 7 28 11 31 30 24 39 34 32 21 14 36 17 8 15 10 23 4 22 26 25 1 18 20 3 0 2 9 19 13 33 6
conv=0 w1=15 w2=11  z=4.5  K2 2 4 0 9 3 8 1 7 6 5 10
conv=0 w1=15 w2=12  z=4.8  K2 8 1 9 7 6 3 10 2 5 4 0 11
conv=0 w1=15 w2=13  z=6.2  K2 1 8 3 7 4 0 5 10 12 6 11 9 2
conv=0 w1=15 w2=14  z=6.2  K2 5 13 0 12 3 2 10 1 7 4 6 11 8 9
conv=0 w1=15 w2=15  z=5.7  K2 12 6 0 8 3 2 4 14 5 1 11 7 13 9 10
conv=0 w1=15 w2=16  z=7.4  K2 8 6 13 5 0 2 14 3 4 9 10 11 1 12 7 15
conv=0 w1=15 w2=17  z=7.4  K2 4 10 16 11 7 0 6 15 8 12 5 14 13 9 1 2 3
conv=0 w1=15 w2=18  z=7.3  K2 2 3 11 4 1 16 10 9 7 14 5 15 12 17 0 6 8 13
conv=0 w1=15 w2=19  z=7.5  K2 17 2 10 15 1 13 18 5 12 8 6 3 4 0 9 14 7 11 16
conv=0 w1=15 w2=20  z=7.6  K2 1 6 8 7 12 16 9 11 3 13 10 17 14 4 2 18 0 5 15 19
conv=0 w1=15 w2=21  z=8.0  K2 3 14 16 10 0 12 4 1 8 9 17 13 6 20 15 11 7 18 19 5 2
conv=0 w1=15 w2=22  z=7.9  K2 12 19 14 21 2 4 17 11 15 1 13 6 9 7 16 10 0 3 5 8 18 20
conv=0 w1=15 w2=23  z=9.2  K2 0 6 19 21 15 17 14 18 11 3 7 10 5 1 12 9 20 2 22 8 16 13 4
conv=0 w1=15 w2=24  z=8.8  K2 16 23 21 20 5 13 7 6 17 12 4 10 11 2 3 1 9 14 8 0 15 18 22 19
conv=0 w1=15 w2=25  z=9.0  K2 5 10 13 6 2 11 12 21 16 19 14 7 9 3 24 22 1 20 18 23 17 0 4 8 15
conv=0 w1=15 w2=26  z=9.0  K2 20 23 14 13 0 6 22 16 9 5 8 17 10 4 3 21 19 12 18 2 24 7 1 15 11 25
conv=0 w1=15 w2=27  z=10.0  K2 1 2 26 21 13 22 12 19 24 18 8 0 25 16 10 9 15 3 17 7 5 23 4 20 11 14 6
conv=0 w1=15 w2=28  z=9.1  K2 24 22 3 21 18 27 7 13 5 17 16 9 14 11 12 25 0 19 2 10 4 6 8 15 20 1 26 23
conv=0 w1=15 w2=29  z=9.9  K2 1 24 21 22 6 2 19 16 28 15 9 23 3 5 11 8 26 0 27 10 25 14 4 13 12 17 20 18 7
conv=0 w1=15 w2=30  z=10.3  K2 11 10 19 3 22 28 26 1 2 15 24 12 21 7 13 0 16 17 14 29 6 5 27 8 4 9 20 23 18 25
conv=0 w1=15 w2=31  z=9.9  K2 5 8 1 26 19 22 23 10 0 14 28 30 17 18 29 15 24 4 2 20 16 21 27 7 9 12 25 13 3 11 6
conv=0 w1=15 w2=32  z=11.1  K2 21 7 18 12 6 4 9 20 23 26 15 1 14 13 27 30 29 5 0 28 10 17 19 16 2 11 31 8 24 3 22 25
conv=0 w1=15 w2=33  z=11.6  K2 6 13 15 22 20 12 5 10 32 2 17 30 11 26 7 1 18 3 23 28 9 31 14 0 27 24 8 16 25 29 4 21 19
conv=0 w1=15 w2=34  z=11.7  K2 14 23 11 28 21 19 2 16 3 31 9 17 24 5 8 0 13 26 6 10 4 20 15 30 27 18 32 12 25 22 33 29 1 7
conv=0 w1=15 w2=35  z=11.5  K2 16 15 6 14 7 34 23 26 12 10 30 18 24 5 13 9 17 29 2 1 22 32 27 3 4 31 0 20 11 21 28 8 33 25 19
conv=0 w1=15 w2=36  z=12.2  K2 17 4 3 0 11 24 12 6 22 25 28 15 32 31 33 8 27 19 1 18 20 35 2 26 9 34 14 5 23 21 13 16 30 29 10 7
conv=0 w1=15 w2=37  z=11.0  K2 23 3 15 4 1 10 25 36 26 17 34 5 8 33 24 9 0 29 2 28 6 20 13 18 22 16 21 35 14 12 11 27 19 30 7 32 31
conv=0 w1=15 w2=38  z=12.6  K2 3 33 21 9 15 19 29 20 10 34 0 24 30 23 25 22 31 8 32 13 6 4 18 14 7 35 1 17 12 26 11 27 37 5 2 36 28 16
conv=0 w1=15 w2=39  z=12.5  K2 13 22 7 34 9 1 8 4 15 26 37 16 29 6 32 23 31 38 3 36 27 19 25 30 20 5 11 28 33 14 35 21 12 10 0 18 24 17 2
conv=0 w1=15 w2=40  z=11.9  K2 10 15 9 33 35 37 20 19 27 22 34 7 0 38 39 13 3 2 31 12 24 26 4 23 5 30 21 14 32 25 17 29 8 11 18 1 36 28 6 16
conv=0 w1=16 w2=11  z=5.4  K2 5 7 9 8 6 3 4 1 10 0 2
conv=0 w1=16 w2=12  z=5.6  K2 1 11 4 3 9 6 10 5 0 8 7 2
conv=0 w1=16 w2=13  z=5.2  K2 11 4 5 8 0 7 10 6 1 3 2 9 12
conv=0 w1=16 w2=14  z=5.7  K2 7 10 2 5 6 4 13 9 1 12 0 3 8 11
conv=0 w1=16 w2=15  z=5.8  K2 14 11 7 8 10 0 2 1 4 6 5 13 9 12 3
conv=0 w1=16 w2=16  z=6.6  K2 13 2 5 11 14 0 9 3 4 10 12 1 6 8 7 15
conv=0 w1=16 w2=17  z=6.8  K2 5 2 8 14 0 10 13 7 3 15 11 16 1 6 12 9 4
conv=0 w1=16 w2=18  z=7.1  K2 0 3 6 11 1 15 14 10 12 17 16 2 4 5 9 13 7 8
conv=0 w1=16 w2=19  z=7.5  K2 3 9 5 1 8 10 6 17 15 0 2 18 11 16 4 12 7 14 13
conv=0 w1=16 w2=20  z=8.1  K2 19 9 18 16 1 10 14 12 11 2 17 3 13 4 6 7 5 8 0 15
conv=0 w1=16 w2=21  z=7.9  K2 5 6 11 12 8 9 7 0 4 19 2 17 3 1 14 15 10 18 20 13 16
conv=0 w1=16 w2=22  z=7.7  K2 19 21 3 11 9 2 17 12 4 5 1 10 15 20 6 0 8 13 7 14 16 18
conv=0 w1=16 w2=23  z=7.9  K2 20 6 17 8 22 4 13 11 10 7 5 18 0 16 12 3 15 2 19 14 21 9 1
conv=0 w1=16 w2=24  z=9.4  K2 5 2 6 14 10 16 3 11 20 21 19 13 23 12 0 4 18 22 17 9 1 15 8 7
conv=0 w1=16 w2=25  z=9.3  K2 12 23 22 18 17 11 4 2 16 0 7 6 21 10 13 1 9 19 3 8 14 24 20 5 15
conv=0 w1=16 w2=26  z=9.4  K2 20 3 12 25 15 2 9 23 6 24 17 11 21 4 19 5 10 1 13 22 18 16 0 14 8 7
conv=0 w1=16 w2=27  z=9.5  K2 12 3 21 8 25 11 1 10 20 19 18 6 2 24 26 9 14 4 22 7 5 15 17 23 0 16 13
conv=0 w1=16 w2=28  z=10.1  K2 1 3 7 23 20 9 22 27 16 6 24 21 25 15 8 13 10 17 26 14 5 11 4 12 0 19 18 2
conv=0 w1=16 w2=29  z=10.1  K2 9 28 14 5 11 17 25 6 21 26 19 22 23 10 13 20 4 24 12 8 2 18 1 16 15 0 27 7 3
conv=0 w1=16 w2=30  z=11.1  K2 11 21 12 24 5 4 22 0 7 14 10 6 3 28 23 26 29 27 1 16 15 19 18 9 2 13 8 17 20 25
conv=0 w1=16 w2=31  z=10.7  K2 18 0 21 24 5 22 27 10 13 28 14 17 8 19 26 11 7 2 9 25 20 30 3 6 29 1 15 4 16 23 12
conv=0 w1=16 w2=32  z=10.8  K2 9 11 7 13 29 30 3 16 8 6 2 0 26 22 12 15 24 23 14 5 4 28 27 1 20 31 17 10 21 19 25 18
conv=0 w1=16 w2=33  z=12.0  K2 25 7 23 29 1 27 8 4 26 20 21 5 19 28 17 16 2 0 14 3 15 12 30 13 22 9 11 32 6 24 18 31 10
conv=0 w1=16 w2=34  z=11.3  K2 11 30 24 20 17 7 26 5 25 6 16 3 32 28 8 19 33 15 0 10 21 13 2 1 22 31 29 14 4 23 12 27 9 18
conv=0 w1=16 w2=35  z=11.3  K2 3 25 21 17 14 4 12 32 27 31 33 2 19 11 13 1 30 5 22 6 10 28 8 29 26 23 20 9 16 18 24 0 7 15 34
conv=0 w1=16 w2=36  z=11.8  K2 31 14 35 19 28 6 17 22 12 18 5 24 11 16 7 9 25 2 1 21 23 0 32 13 30 26 4 15 33 10 27 8 29 3 20 34
conv=0 w1=16 w2=37  z=11.2  K2 5 25 12 3 17 0 20 31 34 9 15 11 16 36 2 35 13 29 6 4 22 1 23 7 18 27 30 33 24 32 10 28 19 26 21 8 14
conv=0 w1=16 w2=38  z=11.7  K2 17 3 14 21 31 26 28 1 20 11 33 35 4 18 7 22 13 27 6 9 32 15 34 36 25 8 29 23 5 19 10 24 2 0 16 12 37 30
conv=0 w1=16 w2=39  z=11.8  K2 26 38 0 17 4 35 22 3 8 10 13 30 12 23 29 14 32 9 36 33 28 21 16 15 31 5 34 11 24 18 27 1 7 37 19 25 6 20 2
conv=0 w1=16 w2=40  z=12.2  K2 9 11 16 31 35 37 32 19 24 6 20 25 17 22 0 8 14 28 4 33 13 29 39 30 38 3 18 36 26 12 15 23 21 5 34 1 7 10 2 27
conv=0 w1=17 w2=11  z=4.6  K2 2 5 10 3 1 9 4 8 7 0 6
conv=0 w1=17 w2=12  z=4.7  K2 5 6 4 7 11 1 0 10 9 8 3 2
conv=0 w1=17 w2=13  z=5.9  K2 0 4 8 1 6 12 2 7 9 11 3 10 5
conv=0 w1=17 w2=14  z=5.8  K2 7 6 5 1 4 2 13 3 10 9 11 8 12 0
conv=0 w1=17 w2=15  z=5.9  K2 10 9 2 3 12 11 8 4 5 1 13 6 14 7 0
conv=0 w1=17 w2=16  z=6.2  K2 3 5 13 1 0 4 11 10 7 6 12 8 2 9 14 15
conv=0 w1=17 w2=17  z=7.1  K2 6 1 9 5 16 14 8 10 0 13 15 7 12 2 3 11 4
conv=0 w1=17 w2=18  z=7.6  K2 2 14 9 4 5 6 3 17 10 1 15 7 11 8 16 12 0 13
conv=0 w1=17 w2=19  z=8.0  K2 6 2 10 15 17 8 12 1 3 4 14 0 5 18 11 9 7 13 16
conv=0 w1=17 w2=20  z=7.8  K2 16 5 9 13 14 15 6 1 7 19 18 11 8 12 4 10 3 0 17 2
conv=0 w1=17 w2=21  z=7.1  K2 5 11 8 4 10 13 18 20 1 16 9 19 3 15 0 7 6 12 17 14 2
conv=0 w1=17 w2=22  z=8.7  K2 17 1 4 18 19 10 13 7 8 12 15 5 16 20 9 6 3 0 11 2 14 21
conv=0 w1=17 w2=23  z=8.7  K2 6 19 1 13 14 12 5 9 21 10 3 18 15 17 4 2 0 8 22 16 7 20 11
conv=0 w1=17 w2=24  z=8.7  K2 4 14 13 19 12 8 0 15 6 9 10 5 21 3 22 17 11 2 23 20 16 1 18 7
conv=0 w1=17 w2=25  z=10.1  K2 1 16 3 12 18 5 9 0 8 10 11 2 22 23 13 15 6 7 20 21 17 24 19 14 4
conv=0 w1=17 w2=26  z=8.8  K2 21 6 11 8 15 12 3 10 18 0 9 14 2 17 7 1 16 22 5 23 13 20 24 19 4 25
conv=0 w1=17 w2=27  z=9.7  K2 23 16 10 7 20 2 26 25 11 18 22 1 0 19 14 15 13 3 21 4 6 12 9 24 17 5 8
conv=0 w1=17 w2=28  z=10.2  K2 3 13 11 18 20 12 22 10 25 15 9 4 26 0 2 21 27 24 7 17 14 5 1 6 8 16 19 23
conv=0 w1=17 w2=29  z=9.9  K2 11 0 10 26 24 3 15 23 4 14 1 8 5 7 2 25 6 19 27 21 18 20 16 9 28 17 12 22 13
conv=0 w1=17 w2=30  z=9.5  K2 9 18 1 27 20 21 22 8 12 13 7 24 0 16 28 10 11 5 29 14 2 26 19 4 3 17 23 15 6 25
conv=0 w1=17 w2=31  z=10.7  K2 13 4 10 1 25 27 23 5 9 11 8 2 22 18 21 3 17 24 16 7 14 6 29 19 26 30 20 15 0 28 12
conv=0 w1=17 w2=32  z=10.7  K2 7 21 23 31 1 27 13 28 14 12 9 17 22 8 19 4 18 6 5 11 16 15 26 20 25 3 2 24 10 29 30 0
conv=0 w1=17 w2=33  z=10.5  K2 17 8 23 16 24 14 29 21 5 12 26 22 18 7 2 11 28 15 30 4 19 0 6 32 9 31 13 1 27 10 3 20 25
conv=0 w1=17 w2=34  z=11.4  K2 14 1 13 6 30 19 12 32 26 2 5 24 18 25 33 7 22 11 28 10 17 4 31 9 8 0 20 21 29 3 15 23 16 27
conv=0 w1=17 w2=35  z=11.9  K2 26 16 21 10 27 24 2 28 34 29 17 14 4 1 30 22 3 23 18 33 20 5 8 9 19 12 0 25 6 32 11 13 7 31 15
conv=0 w1=17 w2=36  z=11.5  K2 1 8 27 22 6 33 12 21 14 23 25 18 5 4 31 34 10 9 26 32 28 7 15 30 11 17 24 16 20 3 35 2 0 13 29 19
conv=0 w1=17 w2=37  z=11.7  K2 15 22 13 17 8 6 21 4 23 12 32 36 18 16 28 31 25 14 9 3 35 7 26 5 10 2 29 19 20 11 1 34 33 24 0 27 30
conv=0 w1=17 w2=38  z=11.4  K2 17 12 35 7 14 34 4 15 1 5 13 18 28 19 36 22 21 24 8 3 11 9 27 25 10 31 20 29 33 37 30 26 6 23 2 0 32 16
conv=0 w1=17 w2=39  z=11.1  K2 16 32 17 34 31 28 21 19 25 24 3 27 36 1 2 14 10 20 26 15 23 7 30 33 22 35 18 0 6 12 11 38 13 9 37 8 5 29 4
conv=0 w1=17 w2=40  z=11.7  K2 26 5 35 25 29 28 7 24 4 2 34 32 23 10 36 16 30 18 22 12 11 14 37 15 33 27 20 17 9 0 3 13 31 6 21 1 8 38 19 39
conv=0 w1=18 w2=11  z=4.5  K2 9 1 5 3 2 6 8 10 7 0 4
conv=0 w1=18 w2=12  z=5.2  K2 1 5 6 11 0 7 4 8 3 9 10 2
conv=0 w1=18 w2=13  z=5.0  K2 1 8 10 2 9 7 3 11 12 0 6 4 5
conv=0 w1=18 w2=14  z=6.1  K2 0 11 12 8 9 10 3 5 1 2 7 4 6 13
conv=0 w1=18 w2=15  z=7.3  K2 3 11 0 14 8 6 2 12 5 7 4 9 1 13 10
conv=0 w1=18 w2=16  z=7.2  K2 2 0 10 9 6 14 15 5 7 3 12 8 13 4 1 11
conv=0 w1=18 w2=17  z=6.9  K2 9 2 12 13 14 0 8 16 4 3 11 6 5 10 7 1 15
conv=0 w1=18 w2=18  z=7.4  K2 13 8 14 15 9 6 7 17 2 0 3 1 11 12 4 5 16 10
conv=0 w1=18 w2=19  z=8.1  K2 17 1 12 4 0 5 14 9 8 11 15 10 13 18 7 6 2 3 16
conv=0 w1=18 w2=20  z=7.8  K2 8 17 11 9 16 4 15 10 2 5 18 3 19 7 1 12 0 13 6 14
conv=0 w1=18 w2=21  z=8.3  K2 3 19 10 1 15 5 9 20 16 0 6 12 8 11 4 2 7 14 18 17 13
conv=0 w1=18 w2=22  z=8.1  K2 10 21 13 9 16 20 7 4 1 11 0 14 19 17 12 5 15 3 6 8 18 2
conv=0 w1=18 w2=23  z=8.5  K2 16 11 13 22 9 18 17 12 15 19 0 3 4 2 5 14 1 21 8 10 20 7 6
conv=0 w1=18 w2=24  z=9.4  K2 2 23 21 18 4 22 19 15 14 6 5 8 12 10 13 17 0 9 1 11 20 16 3 7
conv=0 w1=18 w2=25  z=9.5  K2 23 11 21 20 6 10 24 17 15 9 22 1 13 8 16 2 5 14 0 4 19 3 18 7 12
conv=0 w1=18 w2=26  z=9.6  K2 16 6 17 23 22 2 11 7 18 9 19 8 10 0 4 5 12 14 21 25 3 1 24 13 15 20
conv=0 w1=18 w2=27  z=9.7  K2 1 15 11 6 2 20 26 5 10 19 0 3 23 22 7 8 14 16 21 4 12 17 9 25 18 24 13
conv=0 w1=18 w2=28  z=9.7  K2 22 13 14 8 6 24 15 2 17 0 20 19 16 3 7 5 12 23 9 21 27 1 18 26 4 25 10 11
conv=0 w1=18 w2=29  z=10.6  K2 11 15 1 24 10 7 9 17 19 28 13 8 6 4 23 5 22 18 14 0 2 26 20 12 21 27 3 25 16
conv=0 w1=18 w2=30  z=10.1  K2 10 22 8 4 13 16 19 20 7 11 25 15 3 18 23 24 6 9 26 27 12 21 1 5 29 2 14 17 0 28
conv=0 w1=18 w2=31  z=10.5  K2 5 28 0 8 4 9 29 17 16 21 30 24 11 12 25 20 13 23 15 1 2 14 26 18 3 6 19 22 7 10 27
conv=0 w1=18 w2=32  z=10.8  K2 13 27 20 14 0 12 19 9 15 2 18 7 28 17 6 30 8 3 25 16 23 22 4 21 31 1 24 5 10 26 29 11
conv=0 w1=18 w2=33  z=11.4  K2 8 22 20 31 24 11 23 4 15 18 32 1 0 14 13 25 2 30 12 6 21 5 28 9 3 29 17 10 26 27 19 7 16
conv=0 w1=18 w2=34  z=11.2  K2 8 7 0 14 29 2 22 12 31 16 15 17 9 3 28 32 27 26 4 10 24 13 18 25 23 5 19 11 1 30 20 21 6 33
conv=0 w1=18 w2=35  z=11.5  K2 20 5 34 3 6 8 14 16 21 2 17 13 31 27 10 30 7 4 28 22 9 11 15 24 23 25 12 19 1 18 32 0 33 26 29
conv=0 w1=18 w2=36  z=11.7  K2 1 30 4 6 10 26 29 8 7 33 17 3 28 24 25 19 27 21 32 18 9 13 34 5 15 16 22 35 2 20 11 12 23 0 14 31
conv=0 w1=18 w2=37  z=11.9  K2 20 22 28 18 0 10 13 19 6 4 32 7 9 17 25 31 36 33 14 1 24 23 27 34 16 30 11 26 2 12 5 3 8 15 35 21 29
conv=0 w1=18 w2=38  z=12.7  K2 9 31 5 29 30 20 2 27 13 4 26 22 6 36 14 0 34 24 10 23 33 15 12 17 25 3 32 21 11 28 18 37 8 19 35 1 7 16
conv=0 w1=18 w2=39  z=13.1  K2 28 22 23 31 1 38 6 25 13 35 2 10 20 16 26 21 29 24 19 11 9 5 34 33 4 32 27 7 30 3 37 15 12 0 17 8 36 18 14
conv=0 w1=18 w2=40  z=13.0  K2 18 10 34 27 37 7 28 15 26 22 4 23 3 36 12 5 6 35 16 32 0 8 30 39 20 25 2 14 21 1 38 29 17 13 9 31 19 11 24 33
conv=0 w1=19 w2=11  z=4.5  K2 6 8 2 0 4 10 9 3 7 1 5
conv=0 w1=19 w2=12  z=4.5  K2 2 7 8 0 11 5 1 6 10 9 4 3
conv=0 w1=19 w2=13  z=5.7  K2 1 10 6 5 7 12 0 4 9 11 2 3 8
conv=0 w1=19 w2=14  z=5.6  K2 3 4 8 0 1 7 5 11 12 10 6 13 2 9
conv=0 w1=19 w2=15  z=6.8  K2 0 2 11 5 8 7 12 3 14 1 6 4 10 13 9
conv=0 w1=19 w2=16  z=6.8  K2 2 12 1 13 4 5 14 7 3 11 15 9 6 8 10 0
conv=0 w1=19 w2=17  z=7.2  K2 2 3 13 15 8 9 14 4 11 12 16 7 0 5 10 6 1
conv=0 w1=19 w2=18  z=7.5  K2 14 4 12 10 9 13 17 5 3 6 7 8 2 15 16 1 0 11
conv=0 w1=19 w2=19  z=7.2  K2 7 3 0 9 15 6 16 2 17 8 12 4 10 1 18 11 5 13 14
conv=0 w1=19 w2=20  z=8.4  K2 4 9 8 1 6 5 18 12 19 7 16 10 3 11 2 0 17 14 15 13
conv=0 w1=19 w2=21  z=7.9  K2 5 10 2 18 17 8 19 13 12 7 16 14 20 3 9 11 15 6 1 4 0
conv=0 w1=19 w2=22  z=8.1  K2 17 11 2 8 21 10 0 3 16 4 19 18 7 9 12 6 20 1 14 15 13 5
conv=0 w1=19 w2=23  z=8.5  K2 9 22 4 17 6 20 10 11 14 3 12 1 2 21 15 16 13 19 7 0 5 18 8
conv=0 w1=19 w2=24  z=9.3  K2 15 6 12 5 21 9 13 20 3 18 23 22 0 4 17 19 1 14 8 16 11 10 2 7
conv=0 w1=19 w2=25  z=9.5  K2 11 22 9 2 24 17 20 15 13 16 0 8 6 10 5 1 23 7 18 14 19 3 4 12 21
conv=0 w1=19 w2=26  z=8.7  K2 21 2 0 3 11 22 18 17 12 16 25 10 8 9 24 7 15 20 4 13 1 14 5 23 19 6
conv=0 w1=19 w2=27  z=9.9  K2 19 15 22 0 23 2 26 4 10 14 16 25 5 18 9 6 21 24 11 8 20 1 3 17 7 12 13
conv=0 w1=19 w2=28  z=9.3  K2 21 13 23 9 24 7 16 11 3 1 25 4 26 5 12 14 20 22 27 2 15 8 10 19 0 6 17 18
conv=0 w1=19 w2=29  z=9.7  K2 18 19 11 4 15 17 13 21 8 6 25 9 14 2 0 28 12 22 20 26 24 5 27 1 10 7 16 23 3
conv=0 w1=19 w2=30  z=10.1  K2 24 9 14 13 8 15 28 18 12 7 29 23 6 2 0 20 16 21 27 10 19 3 26 5 11 22 4 1 17 25
conv=0 w1=19 w2=31  z=9.9  K2 1 7 0 26 17 8 11 21 28 30 19 27 25 16 2 3 23 29 14 20 12 5 10 13 6 24 15 18 4 9 22
conv=0 w1=19 w2=32  z=11.4  K2 28 7 21 6 25 13 5 20 9 11 26 29 3 8 16 17 4 31 2 0 27 18 1 15 12 14 24 30 10 19 22 23
conv=0 w1=19 w2=33  z=11.5  K2 1 8 14 0 2 16 12 28 5 27 3 17 20 15 7 25 23 24 19 21 29 11 9 10 4 6 32 31 18 13 22 30 26
conv=0 w1=19 w2=34  z=11.4  K2 13 25 14 9 17 11 31 26 3 30 12 8 27 6 24 10 16 22 2 21 15 5 28 4 33 29 32 0 7 23 19 1 18 20
conv=0 w1=19 w2=35  z=11.1  K2 5 10 4 18 1 31 20 27 9 29 2 30 3 25 15 13 24 11 34 14 6 19 12 33 28 16 26 17 21 0 7 22 32 8 23
conv=0 w1=19 w2=36  z=11.0  K2 25 22 2 29 21 35 20 6 12 18 32 31 24 1 13 26 15 23 4 9 30 28 19 34 0 14 33 11 5 3 27 8 7 10 17 16
conv=0 w1=19 w2=37  z=12.8  K2 15 29 2 3 0 1 8 34 21 36 10 31 5 23 33 18 19 26 13 11 12 32 24 4 25 22 9 35 17 28 16 6 7 14 20 27 30
conv=0 w1=19 w2=38  z=12.7  K2 17 27 35 21 18 3 19 0 6 2 34 14 36 26 33 31 37 12 13 7 29 30 11 28 4 23 25 15 32 24 16 1 20 8 9 5 22 10
conv=0 w1=19 w2=39  z=12.4  K2 19 7 38 33 16 21 1 13 6 15 12 27 29 5 3 10 32 20 24 31 35 0 8 2 22 25 30 36 34 26 9 23 4 37 28 11 18 17 14
conv=0 w1=19 w2=40  z=12.7  K2 10 38 17 13 20 37 30 21 29 18 34 24 26 9 4 33 15 35 25 36 6 23 14 8 12 1 31 22 39 32 16 2 11 7 19 3 27 28 5 0
conv=0 w1=20 w2=11  z=5.0  K2 0 7 1 4 10 8 9 6 5 2 3
conv=0 w1=20 w2=12  z=5.2  K2 0 11 9 8 10 5 3 2 4 1 6 7
conv=0 w1=20 w2=13  z=5.7  K2 4 5 3 12 0 6 8 2 11 9 1 10 7
conv=0 w1=20 w2=14  z=6.3  K2 9 13 1 7 10 3 6 4 12 5 11 2 8 0
conv=0 w1=20 w2=15  z=6.4  K2 4 7 5 0 3 13 9 6 12 8 2 10 11 1 14
conv=0 w1=20 w2=16  z=6.5  K2 14 9 4 0 11 6 15 1 12 13 3 8 5 7 2 10
conv=0 w1=20 w2=17  z=6.2  K2 16 14 9 0 1 10 11 2 8 7 4 6 5 3 13 12 15
conv=0 w1=20 w2=18  z=8.6  K2 13 15 5 0 4 10 3 16 14 9 1 6 17 2 11 8 12 7
conv=0 w1=20 w2=19  z=7.5  K2 8 10 4 3 1 0 11 6 5 17 9 2 12 7 15 18 13 14 16
conv=0 w1=20 w2=20  z=7.6  K2 12 4 13 9 1 10 17 3 5 0 16 7 6 11 8 14 18 19 15 2
conv=0 w1=20 w2=21  z=8.3  K2 1 13 3 5 7 4 15 18 2 14 8 12 19 20 11 6 17 9 10 0 16
conv=0 w1=20 w2=22  z=7.9  K2 5 20 4 16 21 7 8 6 1 17 18 3 9 0 15 11 2 12 14 13 10 19
conv=0 w1=20 w2=23  z=9.4  K2 19 14 1 7 12 18 15 20 17 13 9 6 22 0 5 8 10 21 3 4 16 2 11
conv=0 w1=20 w2=24  z=9.5  K2 3 22 21 14 0 12 6 11 19 15 8 5 16 23 1 10 2 4 20 17 13 18 9 7
conv=0 w1=20 w2=25  z=8.9  K2 9 0 18 13 6 3 5 11 22 7 24 21 2 12 23 17 19 8 10 20 14 1 4 16 15
conv=0 w1=20 w2=26  z=9.4  K2 10 13 12 1 21 23 15 22 4 16 2 20 9 3 24 0 7 17 5 19 14 11 18 8 6 25
conv=0 w1=20 w2=27  z=9.8  K2 16 3 11 19 14 13 25 2 24 18 21 9 1 4 7 22 10 6 26 20 12 17 8 0 5 15 23
conv=0 w1=20 w2=28  z=10.4  K2 22 13 18 25 3 7 9 6 8 10 21 14 17 19 20 24 23 5 0 16 12 15 1 11 26 4 27 2
conv=0 w1=20 w2=29  z=10.8  K2 24 13 9 27 14 2 0 17 22 1 3 18 10 21 25 5 4 8 16 11 20 19 6 12 26 15 7 23 28
conv=0 w1=20 w2=30  z=11.0  K2 5 0 10 1 22 6 8 23 25 27 19 3 18 20 29 28 12 15 14 7 11 2 21 16 13 17 24 26 4 9
conv=0 w1=20 w2=31  z=11.0  K2 26 6 20 30 22 25 2 28 21 27 8 12 7 4 14 5 9 16 19 11 13 10 3 18 0 23 24 29 1 15 17
conv=0 w1=20 w2=32  z=10.6  K2 15 9 12 30 22 27 8 23 1 4 18 19 21 5 16 31 2 3 28 0 17 26 11 13 10 14 20 7 25 24 29 6
conv=0 w1=20 w2=33  z=10.9  K2 31 17 7 3 20 24 25 13 10 11 8 19 30 23 9 6 16 0 5 21 1 29 4 26 18 15 32 28 27 22 2 14 12
conv=0 w1=20 w2=34  z=11.1  K2 11 29 14 33 0 32 7 5 13 21 1 25 10 30 4 8 22 26 2 6 18 16 24 20 19 3 17 9 23 28 31 27 12 15
conv=0 w1=20 w2=35  z=10.9  K2 7 10 6 13 19 8 20 28 29 16 22 17 21 18 4 14 15 5 32 23 2 25 1 34 31 11 30 24 33 27 3 9 26 12 0
conv=0 w1=20 w2=36  z=12.7  K2 33 2 1 35 30 21 3 24 15 18 7 14 0 19 8 28 29 26 17 13 34 20 4 5 31 16 10 25 22 23 12 32 11 9 27 6
conv=0 w1=20 w2=37  z=10.6  K2 22 10 28 21 19 18 24 15 1 2 11 34 35 13 29 25 27 8 26 7 30 12 20 9 31 0 33 17 36 23 5 32 6 14 16 4 3
conv=0 w1=20 w2=38  z=11.3  K2 15 4 12 16 13 21 3 14 22 23 29 33 20 35 17 1 8 7 11 19 9 30 24 25 27 37 2 36 31 5 34 0 26 18 28 32 10 6
conv=0 w1=20 w2=39  z=11.6  K2 2 37 21 30 29 3 5 25 14 12 7 32 36 26 22 19 16 6 23 35 27 8 4 9 1 17 38 11 24 15 0 31 28 34 10 18 20 13 33
conv=0 w1=20 w2=40  z=12.3  K2 24 9 13 5 38 23 21 2 12 18 37 15 26 28 7 32 31 36 1 8 14 19 11 34 20 33 6 3 17 25 22 4 30 39 16 10 29 35 27 0
conv=0 w1=21 w2=11  z=5.3  K2 9 2 7 3 0 6 1 8 4 5 10
conv=0 w1=21 w2=12  z=5.4  K2 4 10 5 8 9 6 11 2 3 1 0 7
conv=0 w1=21 w2=13  z=5.7  K2 2 6 10 12 8 0 4 7 1 3 11 5 9
conv=0 w1=21 w2=14  z=6.3  K2 3 6 1 2 5 12 4 8 0 10 11 7 13 9
conv=0 w1=21 w2=15  z=6.4  K2 7 6 12 4 5 2 13 3 11 0 1 10 14 8 9
conv=0 w1=21 w2=16  z=6.9  K2 9 1 13 12 10 3 0 5 2 11 14 4 8 6 7 15
conv=0 w1=21 w2=17  z=7.0  K2 6 5 0 4 9 7 16 13 15 14 8 3 11 10 12 1 2
conv=0 w1=21 w2=18  z=7.3  K2 14 13 4 5 12 9 11 7 10 6 1 17 0 15 2 16 8 3
conv=0 w1=21 w2=19  z=7.3  K2 13 18 6 1 0 11 7 17 4 3 8 10 12 15 9 2 5 14 16
conv=0 w1=21 w2=20  z=8.0  K2 6 1 16 0 15 5 7 4 13 10 18 17 2 9 11 12 8 14 3 19
conv=0 w1=21 w2=21  z=8.3  K2 10 7 5 6 20 19 2 17 11 14 8 18 0 12 4 15 9 1 16 13 3
conv=0 w1=21 w2=22  z=9.2  K2 11 13 0 5 8 1 17 18 20 10 2 12 19 14 7 6 4 15 16 9 21 3
conv=0 w1=21 w2=23  z=9.2  K2 16 22 7 17 15 19 8 9 10 18 11 1 5 12 6 0 3 4 21 14 13 2 20
conv=0 w1=21 w2=24  z=9.2  K2 6 8 13 17 23 4 20 11 1 18 14 5 15 9 0 16 19 10 21 3 12 22 2 7
conv=0 w1=21 w2=25  z=8.5  K2 19 13 7 23 20 9 8 21 15 1 16 5 2 11 22 18 3 17 10 14 24 0 12 6 4
conv=0 w1=21 w2=26  z=9.7  K2 21 18 10 6 12 5 15 16 0 14 17 22 13 9 20 7 8 24 2 11 4 23 3 19 1 25
conv=0 w1=21 w2=27  z=10.3  K2 12 25 7 10 19 2 9 24 20 13 16 8 6 1 14 23 15 18 11 26 22 3 4 0 5 17 21
conv=0 w1=21 w2=28  z=10.9  K2 3 19 24 13 0 5 25 4 11 1 23 8 2 14 16 7 17 27 18 22 10 26 20 9 6 12 15 21
conv=0 w1=21 w2=29  z=10.2  K2 17 0 3 26 22 20 9 6 14 16 13 28 25 27 2 4 10 12 7 8 18 5 19 23 24 21 11 15 1
conv=0 w1=21 w2=30  z=10.2  K2 24 25 26 9 18 3 29 1 15 14 16 0 27 7 4 6 23 11 17 5 8 13 22 28 2 20 21 10 19 12
conv=0 w1=21 w2=31  z=11.0  K2 25 10 5 7 26 17 20 29 30 28 24 22 6 1 13 27 15 16 23 11 14 2 3 12 18 21 0 19 9 4 8
conv=0 w1=21 w2=32  z=11.5  K2 9 6 24 17 0 23 26 1 19 20 5 3 8 2 22 28 4 27 21 7 10 12 30 18 13 25 31 11 15 29 14 16
conv=0 w1=21 w2=33  z=11.2  K2 1 10 15 2 28 22 6 29 8 9 30 21 17 20 3 7 18 14 23 25 31 11 27 4 12 13 26 24 16 5 32 0 19
conv=0 w1=21 w2=34  z=10.9  K2 2 28 19 13 11 18 7 10 33 23 25 3 14 0 24 1 8 29 16 27 26 5 31 21 4 30 20 22 15 17 6 12 9 32
conv=0 w1=21 w2=35  z=12.1  K2 26 20 21 29 5 10 31 33 7 1 32 4 8 28 15 25 2 34 23 0 17 27 19 6 16 13 3 9 22 11 12 30 24 14 18
conv=0 w1=21 w2=36  z=11.5  K2 14 25 24 1 8 3 26 2 35 29 5 19 11 12 30 13 9 27 7 0 18 34 33 16 6 28 20 15 22 23 32 21 31 17 10 4
conv=0 w1=21 w2=37  z=11.2  K2 8 7 10 26 29 18 33 9 23 28 20 31 35 22 17 36 19 5 2 11 34 0 6 27 4 30 25 16 14 21 1 24 12 15 32 13 3
conv=0 w1=21 w2=38  z=11.3  K2 22 24 4 1 11 20 35 9 27 37 23 28 31 30 21 7 13 29 0 15 8 32 17 12 33 34 6 3 26 19 5 18 10 36 2 14 25 16
conv=0 w1=21 w2=39  z=11.9  K2 5 26 7 27 21 35 10 9 25 38 13 36 2 3 31 6 29 32 37 18 11 19 24 14 20 17 22 1 30 8 0 12 28 33 23 4 34 15 16
conv=0 w1=21 w2=40  z=11.9  K2 5 30 0 3 19 13 23 25 10 32 38 7 31 16 21 36 24 37 27 39 22 12 6 17 29 8 9 33 26 34 11 35 14 28 15 4 2 20 1 18
conv=0 w1=22 w2=11  z=5.3  K2 6 8 0 7 5 4 10 2 1 3 9
conv=0 w1=22 w2=12  z=5.1  K2 10 5 8 1 4 9 7 11 0 6 3 2
conv=0 w1=22 w2=13  z=4.8  K2 2 6 9 1 11 7 0 3 4 5 12 8 10
conv=0 w1=22 w2=14  z=6.0  K2 5 3 8 6 4 13 9 10 2 7 0 12 1 11
conv=0 w1=22 w2=15  z=5.8  K2 14 8 2 13 11 0 1 12 7 9 6 3 4 5 10
conv=0 w1=22 w2=16  z=7.0  K2 5 3 14 9 7 10 8 2 0 6 12 15 4 13 1 11
conv=0 w1=22 w2=17  z=6.8  K2 4 1 0 13 2 5 12 6 11 8 9 16 3 14 10 15 7
conv=0 w1=22 w2=18  z=7.5  K2 10 15 13 0 2 4 8 5 1 16 12 17 7 3 6 14 11 9
conv=0 w1=22 w2=19  z=7.5  K2 4 3 13 5 8 15 14 7 0 12 17 18 6 10 9 11 2 1 16
conv=0 w1=22 w2=20  z=8.4  K2 1 14 11 3 12 18 17 2 6 5 10 8 0 9 7 16 4 19 15 13
conv=0 w1=22 w2=21  z=8.4  K2 1 3 6 15 18 9 2 20 19 17 11 7 5 14 12 10 0 13 4 8 16
conv=0 w1=22 w2=22  z=9.3  K2 18 12 20 8 0 21 5 9 11 10 17 6 16 15 2 13 3 14 1 4 7 19
conv=0 w1=22 w2=23  z=9.1  K2 20 22 8 2 1 15 4 0 14 11 7 21 6 5 3 16 12 17 9 10 18 19 13
conv=0 w1=22 w2=24  z=9.3  K2 5 11 13 14 20 10 9 8 2 16 15 12 3 17 4 18 1 23 19 21 6 22 0 7
conv=0 w1=22 w2=25  z=9.2  K2 15 17 2 11 20 0 21 14 4 6 5 12 3 13 24 1 19 7 18 23 16 22 10 8 9
conv=0 w1=22 w2=26  z=9.5  K2 13 3 20 1 22 23 15 8 10 24 21 6 5 0 7 17 9 14 12 19 18 11 2 4 16 25
conv=0 w1=22 w2=27  z=9.2  K2 23 8 2 24 22 6 25 1 13 14 0 5 10 3 4 21 19 17 12 18 11 20 16 9 15 26 7
conv=0 w1=22 w2=28  z=10.7  K2 20 14 12 10 21 2 15 24 27 17 0 8 5 7 11 13 4 1 22 19 6 3 18 26 9 25 16 23
conv=0 w1=22 w2=29  z=10.0  K2 24 26 16 14 8 0 20 22 2 27 5 11 9 12 25 19 6 17 21 10 15 7 13 3 18 28 4 23 1
conv=0 w1=22 w2=30  z=11.1  K2 9 29 3 2 18 4 24 23 28 26 20 21 19 10 0 25 13 14 7 27 17 8 6 15 5 22 1 16 11 12
conv=0 w1=22 w2=31  z=10.2  K2 25 20 28 0 27 17 6 2 21 18 23 26 30 29 5 4 8 22 10 14 7 19 3 1 15 11 24 16 9 12 13
conv=0 w1=22 w2=32  z=11.1  K2 11 16 19 15 26 31 1 4 30 27 18 21 25 29 17 20 24 0 7 12 9 23 22 28 5 3 6 14 8 2 10 13
conv=0 w1=22 w2=33  z=11.3  K2 25 26 27 13 8 20 12 15 28 14 19 7 32 17 30 29 16 3 31 0 21 4 24 18 6 2 10 5 22 1 11 23 9
conv=0 w1=22 w2=34  z=12.3  K2 15 30 7 9 2 1 32 14 25 20 33 27 4 31 3 17 16 26 28 22 24 6 13 29 10 8 19 11 5 18 0 23 21 12
conv=0 w1=22 w2=35  z=10.9  K2 0 18 33 23 12 25 26 24 30 34 21 5 1 17 8 13 3 2 15 4 14 29 9 7 16 22 10 31 11 6 20 32 27 19 28
conv=0 w1=22 w2=36  z=11.5  K2 33 2 17 11 7 21 5 30 35 8 12 6 1 27 29 14 10 23 28 20 4 26 22 0 9 24 32 15 19 31 18 25 34 3 13 16
conv=0 w1=22 w2=37  z=12.1  K2 6 26 16 18 12 28 23 14 0 34 17 15 20 3 10 36 2 21 35 1 24 33 31 22 5 25 19 13 7 27 30 9 32 4 11 29 8
conv=0 w1=22 w2=38  z=11.0  K2 17 21 9 32 24 14 34 27 30 29 28 23 2 0 1 6 5 7 19 10 18 13 20 31 4 12 11 33 26 25 35 22 15 3 36 37 8 16
conv=0 w1=22 w2=39  z=12.2  K2 31 7 30 27 33 23 0 12 17 13 3 4 21 8 1 11 24 28 19 10 22 15 2 26 6 36 37 9 34 14 16 25 18 20 32 29 5 35 38
conv=0 w1=22 w2=40  z=13.2  K2 21 15 4 27 11 38 6 34 30 24 7 10 8 5 25 1 3 28 32 12 22 33 13 36 20 17 26 39 37 2 9 16 18 35 31 14 23 0 29 19
conv=0 w1=23 w2=11  z=5.3  K2 9 1 6 7 3 10 8 2 5 4 0
conv=0 w1=23 w2=12  z=5.2  K2 5 8 10 2 0 3 6 9 11 4 1 7
conv=0 w1=23 w2=13  z=5.9  K2 11 5 7 9 3 0 10 6 8 12 2 4 1
conv=0 w1=23 w2=14  z=6.3  K2 1 9 6 13 2 10 12 7 11 4 5 8 0 3
conv=0 w1=23 w2=15  z=6.0  K2 6 3 5 12 7 4 11 2 9 0 1 8 10 14 13
conv=0 w1=23 w2=16  z=7.0  K2 0 10 11 4 12 7 9 14 13 2 5 6 3 1 8 15
conv=0 w1=23 w2=17  z=7.3  K2 16 14 5 6 8 12 11 0 13 10 1 7 3 9 2 15 4
conv=0 w1=23 w2=18  z=7.1  K2 4 11 13 12 5 6 16 17 9 10 7 2 3 1 0 15 14 8
conv=0 w1=23 w2=19  z=8.1  K2 3 10 9 8 4 15 17 12 2 13 5 18 1 7 14 0 11 6 16
conv=0 w1=23 w2=20  z=8.3  K2 10 12 1 14 3 13 9 0 5 19 6 17 18 2 11 7 4 8 16 15
conv=0 w1=23 w2=21  z=8.7  K2 15 6 10 7 20 9 14 5 0 3 2 4 18 12 11 8 13 17 19 1 16
conv=0 w1=23 w2=22  z=8.5  K2 19 21 14 2 11 18 8 15 10 1 0 16 6 3 20 7 17 12 4 9 5 13
conv=0 w1=23 w2=23  z=9.3  K2 10 19 21 5 18 1 3 9 17 20 7 22 13 16 4 2 15 11 6 12 0 8 14
conv=0 w1=23 w2=24  z=9.2  K2 4 18 17 22 12 3 11 9 5 16 10 1 6 19 14 23 0 21 8 20 15 13 2 7
conv=0 w1=23 w2=25  z=9.3  K2 4 3 22 24 16 2 21 7 1 10 6 12 13 9 5 19 18 17 14 23 15 8 0 11 20
conv=0 w1=23 w2=26  z=10.3  K2 19 12 21 13 24 18 1 5 7 11 2 17 9 6 15 8 4 3 14 22 23 0 20 10 16 25
conv=0 w1=23 w2=27  z=9.9  K2 19 21 24 16 20 7 1 26 9 3 8 14 0 23 5 2 12 22 18 10 17 6 15 11 13 4 25
conv=0 w1=23 w2=28  z=9.8  K2 17 18 9 21 7 16 0 1 14 24 12 20 22 27 4 25 13 26 6 3 2 10 15 8 11 19 5 23
conv=0 w1=23 w2=29  z=11.3  K2 20 5 21 8 0 23 3 12 17 25 26 16 4 13 2 14 28 19 27 15 18 7 10 9 24 1 6 11 22
conv=0 w1=23 w2=30  z=10.8  K2 3 10 22 24 1 28 23 17 9 13 21 29 25 11 18 6 16 15 14 7 19 5 8 20 27 2 4 26 12 0
conv=0 w1=23 w2=31  z=11.1  K2 20 15 0 25 5 17 26 2 18 7 11 29 24 8 10 27 19 3 30 12 1 23 6 16 22 9 28 4 13 21 14
conv=0 w1=23 w2=32  z=10.1  K2 2 25 12 3 0 14 15 7 26 23 16 22 20 13 19 21 1 24 9 17 10 30 11 28 29 6 4 27 18 8 5 31
conv=0 w1=23 w2=33  z=11.9  K2 16 6 11 32 25 8 15 13 10 24 21 0 12 18 9 17 2 20 1 7 14 4 30 23 5 3 27 29 26 31 22 28 19
conv=0 w1=23 w2=34  z=11.9  K2 20 3 32 31 16 23 9 24 26 0 4 22 14 21 29 33 7 8 27 19 17 2 11 30 28 13 10 25 5 1 6 12 18 15
conv=0 w1=23 w2=35  z=11.7  K2 14 6 31 16 13 15 4 1 5 7 10 12 2 8 27 28 17 20 34 26 0 22 32 9 29 11 18 3 23 33 25 24 19 30 21
conv=0 w1=23 w2=36  z=10.3  K2 5 0 6 3 31 25 32 33 26 21 22 19 20 16 11 30 15 34 7 1 10 29 27 8 12 18 24 13 9 17 28 2 14 35 23 4
conv=0 w1=23 w2=37  z=12.7  K2 5 27 6 17 35 21 14 2 34 7 9 19 16 3 31 15 1 10 23 12 24 0 20 25 30 11 28 32 26 13 36 8 29 22 33 4 18
conv=0 w1=23 w2=38  z=11.3  K2 17 8 1 31 36 21 18 32 10 27 33 6 30 26 20 28 35 23 14 11 25 13 3 7 22 19 29 24 5 37 34 15 4 2 12 9 0 16
conv=0 w1=23 w2=39  z=12.0  K2 26 4 14 3 21 27 33 18 8 16 37 6 12 35 13 23 31 5 15 38 0 10 25 22 32 20 2 24 19 36 9 30 11 1 29 34 28 17 7
conv=0 w1=23 w2=40  z=13.5  K2 19 25 1 0 29 35 33 22 17 26 3 13 27 24 32 10 36 11 39 28 16 34 2 14 23 4 7 31 21 38 12 20 8 9 5 37 18 6 30 15
conv=0 w1=24 w2=11  z=5.1  K2 4 9 10 0 2 5 6 1 8 7 3
conv=0 w1=24 w2=12  z=5.7  K2 1 3 6 0 10 8 2 11 5 4 9 7
conv=0 w1=24 w2=13  z=5.4  K2 0 7 6 9 5 10 3 8 2 12 11 4 1
conv=0 w1=24 w2=14  z=5.8  K2 5 13 11 12 9 0 8 1 7 6 2 10 3 4
conv=0 w1=24 w2=15  z=6.8  K2 2 5 1 11 6 12 14 0 7 3 9 8 4 13 10
conv=0 w1=24 w2=16  z=7.2  K2 15 2 10 0 7 1 12 8 14 13 3 11 4 9 6 5
conv=0 w1=24 w2=17  z=7.2  K2 6 7 11 16 12 1 8 9 10 4 2 3 13 15 0 14 5
conv=0 w1=24 w2=18  z=7.2  K2 12 17 10 11 6 14 9 5 1 15 0 7 3 2 8 16 4 13
conv=0 w1=24 w2=19  z=7.9  K2 16 7 9 8 2 6 3 18 14 1 4 12 13 15 5 17 10 11 0
conv=0 w1=24 w2=20  z=7.3  K2 11 2 4 14 13 9 8 1 12 10 7 5 16 19 18 6 0 3 17 15
conv=0 w1=24 w2=21  z=7.9  K2 3 0 20 10 7 6 9 8 4 18 19 1 13 15 5 11 14 17 2 12 16
conv=0 w1=24 w2=22  z=8.3  K2 13 3 5 8 11 2 0 20 6 17 16 15 4 7 12 1 10 9 21 14 18 19
conv=0 w1=24 w2=23  z=8.6  K2 20 16 8 12 5 19 7 0 15 11 22 14 3 2 18 4 1 17 13 6 21 10 9
conv=0 w1=24 w2=24  z=8.7  K2 23 9 8 3 5 18 4 16 15 21 14 0 19 1 10 12 17 6 2 20 22 11 13 7
conv=0 w1=24 w2=25  z=9.2  K2 17 0 21 18 24 8 22 15 14 1 3 9 12 11 6 13 20 5 10 19 4 7 23 2 16
conv=0 w1=24 w2=26  z=9.4  K2 19 1 16 15 17 24 2 21 22 10 13 11 0 7 23 9 12 20 4 18 5 6 14 3 8 25
conv=0 w1=24 w2=27  z=10.0  K2 10 13 26 21 0 23 18 7 11 8 15 3 2 1 19 22 17 12 16 20 6 4 14 9 25 5 24
conv=0 w1=24 w2=28  z=10.8  K2 4 8 23 11 13 14 24 18 21 19 16 15 26 22 2 10 5 7 1 9 27 20 12 17 6 0 25 3
conv=0 w1=24 w2=29  z=9.9  K2 0 19 20 1 6 8 7 11 5 2 25 24 3 23 12 10 22 17 26 9 16 13 21 4 27 15 18 28 14
conv=0 w1=24 w2=30  z=10.5  K2 6 1 2 11 14 27 19 20 18 26 15 5 12 22 4 21 17 3 24 7 0 23 8 9 28 10 13 16 29 25
conv=0 w1=24 w2=31  z=11.2  K2 15 27 12 0 5 19 6 22 26 2 28 3 17 9 18 30 24 23 20 11 4 13 14 8 29 21 7 25 1 10 16
conv=0 w1=24 w2=32  z=10.5  K2 28 29 19 17 6 4 5 10 30 24 11 26 31 21 8 15 25 16 18 1 2 7 9 14 20 3 27 13 0 12 22 23
conv=0 w1=24 w2=33  z=10.9  K2 17 3 2 32 16 21 28 11 25 27 12 26 10 29 18 23 13 20 9 5 30 15 1 31 22 6 7 19 4 0 8 14 24
conv=0 w1=24 w2=34  z=10.6  K2 17 8 30 31 21 29 23 10 20 33 19 15 6 7 3 22 1 9 14 28 12 26 5 27 24 13 4 0 25 2 16 11 18 32
conv=0 w1=24 w2=35  z=11.3  K2 11 0 13 34 5 19 17 6 2 8 31 4 1 3 24 23 16 21 22 9 26 27 30 12 20 15 33 14 28 18 7 32 25 10 29
conv=0 w1=24 w2=36  z=11.5  K2 1 27 2 33 18 29 23 16 11 28 22 5 32 3 14 0 31 4 24 10 25 30 26 12 34 19 20 35 17 9 8 6 21 15 7 13
conv=0 w1=24 w2=37  z=11.8  K2 4 15 26 31 17 24 35 7 25 32 33 28 20 10 18 21 12 30 16 29 36 14 22 1 34 11 0 9 23 19 6 3 2 27 5 8 13
conv=0 w1=24 w2=38  z=12.1  K2 37 9 12 8 22 7 32 17 35 21 23 18 5 13 20 10 4 34 0 19 2 27 11 29 28 15 30 36 26 1 25 14 24 6 31 33 3 16
conv=0 w1=24 w2=39  z=12.5  K2 9 21 0 14 2 10 27 36 31 1 29 5 19 11 18 22 24 12 33 6 15 13 23 28 16 38 30 32 17 35 7 4 26 34 3 37 20 25 8
conv=0 w1=24 w2=40  z=11.3  K2 26 21 20 12 4 14 0 19 33 32 7 1 13 6 25 3 34 10 35 24 31 18 9 30 8 22 5 15 2 36 29 28 38 37 16 23 17 39 11 27
conv=0 w1=25 w2=11  z=4.9  K2 9 5 2 1 8 4 7 0 6 3 10
conv=0 w1=25 w2=12  z=5.4  K2 1 2 6 3 11 5 10 4 8 0 9 7
conv=0 w1=25 w2=13  z=5.4  K2 5 11 9 12 2 6 4 7 0 3 8 10 1
conv=0 w1=25 w2=14  z=5.3  K2 1 4 7 11 13 6 8 12 0 9 10 3 5 2
conv=0 w1=25 w2=15  z=6.6  K2 5 7 8 10 3 11 2 4 13 6 9 0 12 14 1
conv=0 w1=25 w2=16  z=6.8  K2 10 3 11 6 15 12 5 8 9 2 14 0 1 4 13 7
conv=0 w1=25 w2=17  z=6.0  K2 7 2 5 13 11 0 1 6 12 15 8 4 9 10 3 14 16
conv=0 w1=25 w2=18  z=7.9  K2 9 3 13 0 7 12 4 1 15 17 10 6 5 16 2 8 14 11
conv=0 w1=25 w2=19  z=7.2  K2 0 10 6 17 1 8 18 9 12 7 3 4 13 5 15 11 14 2 16
conv=0 w1=25 w2=20  z=8.3  K2 19 4 14 0 1 15 5 7 10 12 17 6 8 3 2 16 11 9 18 13
conv=0 w1=25 w2=21  z=8.7  K2 9 13 10 0 8 6 5 4 20 19 14 3 11 1 15 2 18 7 12 17 16
conv=0 w1=25 w2=22  z=8.1  K2 18 6 20 10 8 2 15 0 4 19 3 16 13 11 17 21 1 7 14 12 5 9
conv=0 w1=25 w2=23  z=9.0  K2 20 16 1 2 15 5 14 17 3 11 12 8 22 9 0 6 10 13 18 7 4 21 19
conv=0 w1=25 w2=24  z=9.2  K2 5 19 14 23 15 9 20 22 12 4 3 0 17 7 11 2 8 1 13 18 21 6 10 16
conv=0 w1=25 w2=25  z=9.5  K2 12 1 10 6 7 17 19 16 3 23 2 18 20 4 11 8 24 14 5 0 9 21 22 15 13
conv=0 w1=25 w2=26  z=8.9  K2 0 17 6 19 13 2 22 23 8 16 14 24 10 12 15 21 20 7 11 5 1 4 9 3 25 18
conv=0 w1=25 w2=27  z=9.9  K2 4 26 0 9 16 17 5 12 20 18 10 22 13 11 7 3 8 25 21 1 15 23 14 2 6 19 24
conv=0 w1=25 w2=28  z=10.1  K2 9 16 20 3 17 15 7 24 10 22 18 23 26 1 5 21 27 12 13 4 8 0 11 2 14 25 6 19
conv=0 w1=25 w2=29  z=10.8  K2 0 19 24 1 3 4 28 11 18 8 7 17 22 25 5 23 9 14 21 15 2 13 26 20 12 6 10 27 16
conv=0 w1=25 w2=30  z=10.3  K2 3 5 6 12 21 22 4 27 20 16 14 0 13 23 24 11 7 2 19 10 28 26 9 17 8 25 15 29 1 18
conv=0 w1=25 w2=31  z=10.4  K2 0 6 7 1 16 30 12 5 26 25 3 15 18 4 24 20 19 11 23 14 9 21 28 22 29 10 2 27 17 13 8
conv=0 w1=25 w2=32  z=10.6  K2 4 5 15 27 26 10 3 16 24 0 8 21 18 2 12 31 29 1 19 6 28 25 13 14 20 23 22 30 9 7 11 17
conv=0 w1=25 w2=33  z=10.9  K2 18 15 31 16 10 21 25 11 2 23 1 20 5 8 6 7 14 3 13 28 9 27 17 26 12 32 22 24 29 30 0 4 19
conv=0 w1=25 w2=34  z=10.4  K2 33 17 22 23 13 10 14 8 19 5 20 25 6 3 32 29 27 11 16 24 12 15 30 31 4 28 2 26 9 18 1 0 7 21
conv=0 w1=25 w2=35  z=9.9  K2 19 2 3 22 15 33 8 24 32 18 14 26 0 30 6 4 13 21 27 10 9 12 11 17 20 31 34 1 23 25 7 5 29 28 16
conv=0 w1=25 w2=36  z=11.5  K2 17 26 28 33 9 27 7 0 32 16 1 23 3 18 35 13 6 15 21 24 22 30 14 8 11 2 12 4 29 20 34 5 10 31 19 25
conv=0 w1=25 w2=37  z=11.3  K2 6 17 18 21 23 0 7 27 22 12 11 32 29 30 33 3 25 16 28 10 5 9 20 8 31 4 26 1 15 19 34 2 24 35 36 14 13
conv=0 w1=25 w2=38  z=12.1  K2 4 17 19 21 8 3 35 32 2 14 15 33 25 0 28 5 30 11 34 10 1 7 27 6 29 9 22 31 26 36 24 20 18 37 12 23 16 13
conv=0 w1=25 w2=39  z=12.7  K2 20 8 25 21 24 38 30 18 28 7 26 14 31 13 29 5 32 36 6 1 33 2 12 0 19 3 22 23 17 27 10 34 15 37 11 9 35 4 16
conv=0 w1=25 w2=40  z=12.0  K2 29 12 26 27 36 6 24 2 31 13 34 16 1 10 22 35 15 30 25 37 8 18 5 3 38 14 11 19 4 20 33 28 7 32 9 17 21 23 0 39
conv=0 w1=26 w2=11  z=4.8  K2 3 8 0 9 7 4 5 1 10 2 6
conv=0 w1=26 w2=12  z=5.0  K2 10 0 4 8 1 5 7 6 9 3 11 2
conv=0 w1=26 w2=13  z=5.5  K2 12 1 4 2 5 7 0 6 3 11 9 8 10
conv=0 w1=26 w2=14  z=6.3  K2 2 7 3 6 5 10 13 4 0 1 12 8 11 9
conv=0 w1=26 w2=15  z=6.1  K2 13 11 4 0 12 7 1 5 6 8 14 9 2 3 10
conv=0 w1=26 w2=16  z=6.5  K2 0 4 13 7 2 6 8 12 10 3 5 14 9 1 11 15
conv=0 w1=26 w2=17  z=6.9  K2 13 6 3 11 7 10 5 1 16 15 8 9 2 4 14 0 12
conv=0 w1=26 w2=18  z=7.3  K2 9 1 13 7 2 16 8 12 6 11 0 14 17 10 5 4 15 3
conv=0 w1=26 w2=19  z=7.6  K2 3 13 1 2 5 6 9 0 4 18 11 17 12 16 8 10 14 7 15
conv=0 w1=26 w2=20  z=7.8  K2 13 10 3 9 12 11 1 15 16 19 2 5 14 8 0 18 4 7 17 6
conv=0 w1=26 w2=21  z=8.0  K2 10 1 12 4 7 13 8 9 3 14 15 18 17 19 5 16 6 20 2 11 0
conv=0 w1=26 w2=22  z=7.8  K2 12 8 1 20 18 0 10 9 2 3 16 21 4 15 5 19 13 6 7 17 11 14
conv=0 w1=26 w2=23  z=9.2  K2 8 19 21 20 14 22 7 15 4 17 13 11 0 3 16 18 9 6 12 5 2 10 1
conv=0 w1=26 w2=24  z=9.3  K2 13 11 9 17 20 15 0 14 1 3 16 8 4 23 5 18 21 6 7 22 12 10 19 2
conv=0 w1=26 w2=25  z=9.6  K2 9 14 12 17 10 5 15 11 20 7 16 21 2 3 8 22 23 1 19 24 13 6 18 0 4
conv=0 w1=26 w2=26  z=9.7  K2 23 16 4 17 12 21 22 11 25 13 9 7 0 3 24 19 5 2 8 1 15 20 14 10 6 18
conv=0 w1=26 w2=27  z=9.8  K2 9 3 18 4 5 16 10 17 11 23 20 12 1 25 8 13 7 14 19 21 22 24 2 26 0 6 15
conv=0 w1=26 w2=28  z=8.9  K2 22 2 23 11 21 9 12 10 17 5 14 26 24 27 19 4 3 0 16 7 25 20 13 6 15 1 18 8
conv=0 w1=26 w2=29  z=11.1  K2 6 5 28 3 12 7 0 13 2 24 15 21 1 9 10 27 11 20 26 23 22 4 25 18 19 14 17 8 16
conv=0 w1=26 w2=30  z=10.0  K2 0 21 19 14 26 11 17 23 15 1 24 6 29 12 5 2 7 10 18 4 16 3 27 20 9 8 13 22 25 28
conv=0 w1=26 w2=31  z=11.8  K2 26 12 28 20 23 10 7 6 30 21 29 16 27 5 17 25 9 22 11 18 24 14 3 1 4 8 0 2 15 19 13
conv=0 w1=26 w2=32  z=11.2  K2 4 6 3 10 17 29 22 24 20 12 1 5 31 19 28 8 7 26 15 2 25 23 14 9 13 0 18 16 30 11 27 21
conv=0 w1=26 w2=33  z=10.6  K2 32 9 13 31 24 14 15 8 1 21 25 16 12 4 30 11 3 22 7 20 0 18 23 26 6 5 29 28 27 17 2 10 19
conv=0 w1=26 w2=34  z=11.7  K2 1 18 26 23 5 8 9 25 2 20 17 7 10 3 27 33 0 22 16 19 6 21 12 14 4 24 28 15 29 31 13 11 32 30
conv=0 w1=26 w2=35  z=10.5  K2 9 3 12 24 11 29 7 20 22 13 30 14 21 8 26 2 15 17 0 1 23 18 16 6 5 10 25 28 27 19 4 32 34 31 33
conv=0 w1=26 w2=36  z=12.0  K2 2 19 30 18 9 27 17 4 25 5 35 21 12 33 24 14 29 34 1 28 7 15 13 20 6 3 26 22 16 32 8 11 10 0 23 31
conv=0 w1=26 w2=37  z=10.7  K2 5 24 15 36 21 1 6 7 26 20 22 0 8 34 31 18 33 10 25 32 23 11 3 19 29 30 4 9 16 14 28 2 35 12 27 13 17
conv=0 w1=26 w2=38  z=12.2  K2 13 17 35 5 33 21 23 36 29 32 37 14 8 1 15 24 27 6 7 2 0 16 25 18 26 22 34 12 9 19 28 11 3 10 30 4 31 20
conv=0 w1=26 w2=39  z=11.8  K2 8 30 2 29 33 18 10 12 6 14 23 13 26 0 37 19 11 38 32 15 17 28 1 4 20 34 27 5 3 24 35 36 9 22 25 7 31 16 21
conv=0 w1=26 w2=40  z=14.0  K2 25 16 39 37 35 2 22 8 9 13 34 3 0 23 4 32 31 18 10 12 1 11 20 30 19 5 27 7 21 28 38 14 17 15 26 6 36 33 24 29
conv=0 w1=27 w2=11  z=4.9  K2 8 3 7 2 5 4 6 10 0 1 9
conv=0 w1=27 w2=12  z=6.5  K2 11 9 3 8 1 10 4 5 0 7 2 6
conv=0 w1=27 w2=13  z=6.4  K2 3 9 4 2 11 8 12 0 6 5 7 1 10
conv=0 w1=27 w2=14  z=5.9  K2 8 0 9 5 10 12 4 7 13 6 3 2 1 11
conv=0 w1=27 w2=15  z=6.4  K2 8 6 11 10 7 1 0 13 3 2 12 14 9 4 5
conv=0 w1=27 w2=16  z=6.7  K2 9 10 1 7 14 8 4 12 3 5 2 11 13 6 0 15
conv=0 w1=27 w2=17  z=7.0  K2 3 11 12 6 5 4 7 16 2 0 14 13 10 8 9 1 15
conv=0 w1=27 w2=18  z=6.9  K2 5 14 10 6 4 0 1 16 12 11 15 3 8 2 9 7 17 13
conv=0 w1=27 w2=19  z=7.0  K2 17 12 13 2 6 0 4 1 18 8 10 3 5 11 9 7 14 15 16
conv=0 w1=27 w2=20  z=8.0  K2 8 11 15 4 3 5 9 19 6 13 0 14 16 17 7 12 10 2 1 18
conv=0 w1=27 w2=21  z=8.1  K2 2 6 7 15 19 13 17 11 18 0 16 9 3 8 20 10 5 14 12 1 4
conv=0 w1=27 w2=22  z=8.8  K2 12 3 10 15 6 1 18 0 11 9 5 8 14 19 7 17 21 4 13 16 20 2
conv=0 w1=27 w2=23  z=8.8  K2 21 9 17 2 14 16 15 0 8 12 3 10 22 1 18 5 7 13 4 20 11 19 6
conv=0 w1=27 w2=24  z=8.9  K2 0 13 9 18 1 8 15 4 6 17 11 21 23 22 19 10 12 5 3 16 20 7 2 14
conv=0 w1=27 w2=25  z=9.4  K2 13 24 8 23 5 4 21 1 11 2 15 20 12 14 10 19 16 17 0 22 9 18 7 3 6
conv=0 w1=27 w2=26  z=11.1  K2 4 2 21 20 16 1 0 22 25 8 18 13 7 10 15 23 17 11 19 5 14 24 12 6 3 9
conv=0 w1=27 w2=27  z=9.9  K2 10 13 14 2 15 16 7 5 9 21 12 24 4 20 18 0 22 17 26 23 6 25 19 11 3 8 1
conv=0 w1=27 w2=28  z=10.1  K2 20 9 23 0 17 16 10 3 19 26 2 27 22 11 6 21 14 18 8 25 12 1 5 15 7 24 13 4
conv=0 w1=27 w2=29  z=10.7  K2 1 12 3 22 9 25 4 19 24 21 5 7 13 10 28 14 6 11 20 2 15 8 17 18 26 27 0 23 16
conv=0 w1=27 w2=30  z=10.2  K2 9 20 15 29 14 4 22 11 27 0 1 24 26 5 21 23 10 12 2 18 6 28 17 3 16 8 25 7 19 13
conv=0 w1=27 w2=31  z=10.1  K2 4 26 5 1 22 0 7 21 24 23 29 2 9 27 3 18 17 20 25 13 19 16 30 14 15 10 6 8 12 11 28
conv=0 w1=27 w2=32  z=10.9  K2 27 9 3 7 28 15 5 23 19 20 25 18 0 1 4 24 16 12 22 26 17 21 29 8 2 14 30 11 6 31 13 10
conv=0 w1=27 w2=33  z=11.0  K2 9 5 23 4 6 22 8 17 0 30 11 16 1 15 19 7 13 3 24 29 14 12 27 28 26 21 25 2 31 20 18 10 32
conv=0 w1=27 w2=34  z=11.6  K2 13 23 0 17 28 8 2 24 31 22 32 33 27 29 19 21 12 4 16 20 26 11 5 6 3 7 10 30 25 15 1 14 9 18
conv=0 w1=27 w2=35  z=10.8  K2 32 6 30 10 22 27 3 8 9 4 33 25 26 23 2 34 31 0 7 24 17 18 12 15 16 20 5 13 11 14 28 21 1 29 19
conv=0 w1=27 w2=36  z=11.0  K2 16 6 31 13 22 8 21 20 17 32 30 15 28 35 23 5 18 33 26 27 24 10 9 19 12 7 1 2 25 34 0 4 14 11 3 29
conv=0 w1=27 w2=37  z=11.0  K2 2 20 4 14 1 10 13 22 16 29 6 7 12 5 0 35 8 33 31 3 36 28 11 15 18 25 9 32 19 21 30 17 27 26 24 34 23
conv=0 w1=27 w2=38  z=11.8  K2 29 10 0 31 27 7 21 33 13 37 24 5 15 30 34 11 9 23 2 4 18 22 8 20 26 16 6 28 1 12 14 17 19 3 25 32 35 36
conv=0 w1=27 w2=39  z=11.5  K2 23 31 34 15 37 5 29 6 9 13 10 18 4 25 28 22 38 7 33 11 14 26 24 21 19 27 36 16 30 8 1 3 17 0 32 35 2 20 12
conv=0 w1=27 w2=40  z=12.2  K2 1 31 19 14 15 17 4 26 30 18 29 6 24 5 34 16 22 35 36 32 21 13 39 38 33 25 20 3 37 11 2 12 8 0 9 7 10 28 27 23
conv=0 w1=28 w2=11  z=5.2  K2 1 3 0 9 5 2 8 6 7 10 4
conv=0 w1=28 w2=12  z=5.6  K2 3 10 8 0 1 6 2 5 7 9 11 4
conv=0 w1=28 w2=13  z=5.7  K2 4 7 8 3 10 12 6 2 11 9 0 1 5
conv=0 w1=28 w2=14  z=6.0  K2 10 5 0 8 4 3 2 7 13 12 1 6 11 9
conv=0 w1=28 w2=15  z=5.9  K2 13 9 0 14 12 5 1 8 11 7 4 6 2 3 10
conv=0 w1=28 w2=16  z=6.6  K2 2 7 12 10 14 13 6 8 4 5 9 0 11 3 1 15
conv=0 w1=28 w2=17  z=7.0  K2 10 7 5 8 6 13 12 3 15 14 9 16 11 2 0 1 4
conv=0 w1=28 w2=18  z=6.9  K2 3 14 16 5 13 6 8 9 0 12 17 4 15 7 10 11 2 1
conv=0 w1=28 w2=19  z=7.0  K2 12 1 6 18 9 0 14 4 11 7 17 13 5 2 3 10 8 15 16
conv=0 w1=28 w2=20  z=8.5  K2 12 18 9 10 11 14 5 1 3 17 16 6 4 2 0 19 13 7 8 15
conv=0 w1=28 w2=21  z=8.3  K2 3 11 14 2 6 1 9 17 15 16 10 8 19 7 5 13 12 20 4 18 0
conv=0 w1=28 w2=22  z=8.1  K2 3 4 6 21 17 10 13 14 12 15 1 0 20 9 2 18 11 5 8 19 7 16
conv=0 w1=28 w2=23  z=9.4  K2 3 2 20 17 7 22 21 9 16 19 18 11 10 6 5 4 1 8 12 13 14 0 15
conv=0 w1=28 w2=24  z=9.9  K2 0 12 19 1 23 7 3 5 4 6 10 20 18 21 14 17 9 22 2 13 11 8 15 16
conv=0 w1=28 w2=25  z=9.6  K2 23 22 0 18 2 17 11 9 15 12 13 21 5 16 1 24 19 3 14 10 8 6 20 7 4
conv=0 w1=28 w2=26  z=8.8  K2 21 18 6 22 25 4 12 11 0 5 2 23 8 14 13 10 24 7 1 17 20 15 19 3 16 9
conv=0 w1=28 w2=27  z=9.8  K2 2 8 16 15 22 18 9 11 0 23 13 7 20 24 6 1 19 10 21 17 26 5 3 25 12 14 4
conv=0 w1=28 w2=28  z=9.7  K2 8 3 4 12 16 6 25 17 9 0 18 5 13 15 24 14 19 27 22 26 2 10 20 1 11 21 7 23
conv=0 w1=28 w2=29  z=10.6  K2 11 18 13 3 21 23 2 4 19 10 28 17 20 15 7 24 5 16 12 1 0 25 22 8 26 6 27 9 14
conv=0 w1=28 w2=30  z=10.8  K2 0 6 17 24 28 22 2 9 23 11 5 19 4 26 29 21 27 13 15 14 7 10 12 25 3 20 18 1 8 16
conv=0 w1=28 w2=31  z=10.3  K2 13 15 16 4 1 23 0 20 7 8 12 27 5 25 3 10 28 6 18 2 14 24 29 11 21 9 19 17 22 26 30
conv=0 w1=28 w2=32  z=10.4  K2 17 18 29 20 22 9 14 10 24 30 1 23 13 4 0 16 26 5 2 19 7 28 3 12 25 21 11 8 15 27 6 31
conv=0 w1=28 w2=33  z=10.9  K2 27 5 17 24 16 28 30 22 4 1 12 9 31 29 11 14 3 21 8 25 23 0 18 20 26 7 6 32 10 2 13 19 15
conv=0 w1=28 w2=34  z=11.4  K2 9 23 25 2 4 7 26 20 5 1 15 3 31 32 6 29 8 11 10 28 19 12 14 33 30 16 22 24 21 0 17 18 13 27
conv=0 w1=28 w2=35  z=10.6  K2 28 3 20 0 30 18 25 24 16 5 13 9 34 10 23 29 14 33 12 2 17 1 22 21 6 4 31 8 27 26 15 7 32 11 19
conv=0 w1=28 w2=36  z=10.9  K2 8 13 4 30 29 10 7 31 32 25 2 21 22 28 16 33 20 1 24 12 34 5 11 14 27 3 26 6 17 23 35 19 0 18 15 9
conv=0 w1=28 w2=37  z=11.3  K2 11 22 20 28 36 3 21 29 13 26 1 6 0 27 18 14 31 25 32 24 5 33 35 30 23 16 17 34 12 9 2 19 4 10 7 8 15
conv=0 w1=28 w2=38  z=12.5  K2 6 37 11 30 21 5 0 34 19 16 25 23 26 31 3 29 10 18 28 33 20 9 1 27 22 4 14 7 36 17 12 8 32 15 24 2 13 35
conv=0 w1=28 w2=39  z=11.3  K2 8 4 9 24 6 19 27 12 3 35 5 23 20 28 18 0 26 13 22 30 21 16 34 37 32 17 2 15 38 29 36 11 31 10 14 33 1 7 25
conv=0 w1=28 w2=40  z=12.4  K2 31 21 3 33 30 10 24 22 27 18 15 25 36 39 11 6 7 12 8 26 19 9 5 37 29 2 13 32 35 4 23 14 38 17 28 20 0 16 1 34
conv=0 w1=29 w2=11  z=4.9  K2 5 10 0 2 6 1 4 8 9 7 3
conv=0 w1=29 w2=12  z=5.0  K2 1 11 8 2 3 5 9 4 6 10 0 7
conv=0 w1=29 w2=13  z=5.4  K2 1 4 6 8 9 10 2 11 3 7 5 0 12
conv=0 w1=29 w2=14  z=6.0  K2 9 8 6 1 2 3 13 5 4 12 11 10 7 0
conv=0 w1=29 w2=15  z=6.7  K2 7 13 0 8 3 1 2 14 4 9 6 12 11 5 10
conv=0 w1=29 w2=16  z=6.5  K2 15 5 4 8 12 0 2 11 6 9 3 10 7 14 13 1
conv=0 w1=29 w2=17  z=6.8  K2 0 9 14 4 5 2 8 13 16 6 3 15 1 12 11 10 7
conv=0 w1=29 w2=18  z=6.9  K2 1 6 8 2 13 0 12 5 10 15 4 16 14 9 17 11 3 7
conv=0 w1=29 w2=19  z=7.7  K2 8 3 10 13 11 4 9 1 17 15 6 14 7 2 0 12 18 5 16
conv=0 w1=29 w2=20  z=8.1  K2 0 15 8 11 10 16 13 3 17 2 18 7 12 1 9 4 19 6 5 14
conv=0 w1=29 w2=21  z=8.2  K2 15 9 14 3 8 10 13 4 18 1 0 5 12 19 7 16 20 11 17 2 6
conv=0 w1=29 w2=22  z=8.9  K2 1 21 17 14 0 9 13 4 5 10 8 19 11 16 7 12 6 18 3 2 15 20
conv=0 w1=29 w2=23  z=8.8  K2 20 9 15 19 12 11 8 14 2 3 13 17 1 5 6 18 22 21 7 16 10 0 4
conv=0 w1=29 w2=24  z=9.4  K2 18 8 19 16 13 20 11 10 3 17 2 23 5 0 9 4 14 21 6 15 12 7 22 1
conv=0 w1=29 w2=25  z=9.5  K2 12 10 19 6 11 0 24 1 16 7 8 22 23 5 4 9 14 20 21 17 2 15 3 13 18
conv=0 w1=29 w2=26  z=9.9  K2 1 2 17 11 21 9 13 8 7 5 4 19 24 23 22 15 0 18 14 3 25 16 6 20 10 12
conv=0 w1=29 w2=27  z=9.8  K2 10 16 23 14 22 12 20 11 6 5 17 2 3 4 24 9 8 13 0 1 21 25 26 19 15 7 18
conv=0 w1=29 w2=28  z=10.4  K2 12 10 17 11 14 15 2 1 18 16 8 6 23 22 7 0 25 24 5 20 4 21 3 27 19 9 13 26
conv=0 w1=29 w2=29  z=10.1  K2 4 8 21 6 20 0 7 14 3 2 16 9 17 1 22 13 25 27 10 23 26 5 28 18 24 12 15 11 19
conv=0 w1=29 w2=30  z=9.6  K2 9 27 21 7 19 5 2 0 6 4 23 26 15 1 3 20 10 14 8 13 29 11 12 22 28 16 24 17 25 18
conv=0 w1=29 w2=31  z=11.1  K2 15 25 0 1 2 17 27 30 20 3 16 6 7 29 10 5 4 18 26 11 21 13 23 9 24 19 8 14 12 28 22
conv=0 w1=29 w2=32  z=11.2  K2 13 23 31 28 19 29 3 0 25 26 24 15 9 4 5 22 14 20 12 2 8 18 21 27 10 11 30 6 7 1 17 16
conv=0 w1=29 w2=33  z=10.5  K2 25 7 3 11 8 18 29 15 13 4 32 27 24 31 5 28 1 9 14 23 22 12 30 2 26 19 16 20 0 21 10 6 17
conv=0 w1=29 w2=34  z=10.8  K2 1 17 16 10 3 32 7 14 24 22 21 12 33 30 13 28 5 20 23 27 2 6 29 11 19 15 31 26 9 25 0 18 8 4
conv=0 w1=29 w2=35  z=11.7  K2 6 19 24 4 11 31 18 8 3 34 23 5 25 27 33 32 12 7 26 28 13 2 21 10 22 14 15 0 20 1 17 29 9 30 16
conv=0 w1=29 w2=36  z=11.6  K2 25 22 35 1 12 23 28 20 7 31 5 3 4 34 24 9 8 11 32 29 27 13 18 16 21 17 14 2 6 26 30 0 10 33 19 15
conv=0 w1=29 w2=37  z=12.3  K2 23 12 5 8 7 24 25 16 15 3 29 35 34 1 22 2 33 0 18 26 21 30 20 27 11 17 28 32 36 14 9 6 10 4 31 13 19
conv=0 w1=29 w2=38  z=13.0  K2 4 10 2 16 21 25 32 36 3 7 22 18 33 26 13 23 12 20 24 37 5 29 15 28 14 17 0 8 34 1 30 11 19 9 6 31 35 27
conv=0 w1=29 w2=39  z=11.7  K2 33 4 22 6 1 25 20 31 27 7 38 14 36 29 13 11 28 9 19 37 15 17 35 24 3 0 18 12 21 34 23 32 8 30 10 2 26 5 16
conv=0 w1=29 w2=40  z=12.3  K2 12 33 28 1 31 27 30 24 37 2 22 8 18 23 15 29 10 25 14 19 16 17 5 20 38 35 4 7 3 21 0 39 9 26 34 13 36 6 11 32
conv=0 w1=30 w2=11  z=5.1  K2 2 1 4 9 7 10 6 0 3 5 8
conv=0 w1=30 w2=12  z=5.4  K2 11 8 4 6 5 1 3 7 0 2 10 9
conv=0 w1=30 w2=13  z=5.7  K2 7 0 9 8 4 10 5 2 1 3 6 11 12
conv=0 w1=30 w2=14  z=6.4  K2 3 0 4 7 6 8 9 5 1 2 10 13 11 12
conv=0 w1=30 w2=15  z=6.5  K2 2 6 7 9 12 11 4 5 14 10 13 0 1 3 8
conv=0 w1=30 w2=16  z=7.6  K2 5 7 10 13 8 3 4 11 9 15 1 0 12 14 2 6
conv=0 w1=30 w2=17  z=7.0  K2 9 0 10 12 6 11 13 14 8 5 16 1 4 15 7 3 2
conv=0 w1=30 w2=18  z=7.8  K2 2 4 3 0 12 15 14 7 11 9 5 6 16 17 10 13 8 1
conv=0 w1=30 w2=19  z=7.0  K2 8 1 10 3 13 6 4 11 5 15 14 7 12 16 9 18 2 0 17
conv=0 w1=30 w2=20  z=8.0  K2 8 3 11 12 0 1 6 16 17 2 4 15 9 19 18 14 5 10 7 13
conv=0 w1=30 w2=21  z=7.8  K2 0 19 12 5 8 6 3 4 18 1 14 10 16 2 20 17 9 15 11 13 7
conv=0 w1=30 w2=22  z=8.4  K2 14 1 18 17 15 9 10 4 19 0 2 6 7 3 21 12 20 5 11 13 8 16
conv=0 w1=30 w2=23  z=9.2  K2 7 19 8 22 16 2 21 11 9 12 10 18 1 20 5 15 17 3 4 0 6 13 14
conv=0 w1=30 w2=24  z=8.5  K2 22 4 18 17 20 19 21 9 1 10 13 23 15 8 7 0 6 12 2 3 11 16 5 14
conv=0 w1=30 w2=25  z=9.1  K2 2 1 11 23 13 10 18 24 3 6 9 22 15 5 7 8 4 17 16 21 0 20 14 12 19
conv=0 w1=30 w2=26  z=9.1  K2 21 22 16 6 20 15 10 18 3 17 7 1 5 9 8 19 12 23 25 14 0 24 11 2 13 4
conv=0 w1=30 w2=27  z=9.6  K2 3 12 22 0 11 18 14 20 1 17 24 4 26 19 9 5 2 25 13 8 7 10 23 15 21 6 16
conv=0 w1=30 w2=28  z=10.6  K2 21 13 12 0 24 16 17 10 4 26 23 3 25 9 8 5 11 6 22 19 18 20 1 2 14 27 7 15
conv=0 w1=30 w2=29  z=10.6  K2 18 19 12 2 24 5 26 1 17 0 23 11 27 16 22 21 4 25 13 10 8 28 20 15 6 14 3 9 7
conv=0 w1=30 w2=30  z=9.9  K2 3 18 19 23 28 10 1 0 9 12 16 11 4 27 24 26 17 7 20 22 5 8 2 15 21 6 13 14 29 25
conv=0 w1=30 w2=31  z=11.2  K2 18 5 3 11 22 7 1 26 17 25 8 30 19 2 29 21 28 9 16 20 15 12 0 13 4 6 24 27 14 10 23
conv=0 w1=30 w2=32  z=11.1  K2 2 15 27 25 0 4 26 13 23 3 12 18 20 21 19 24 6 9 7 11 5 10 1 29 17 28 30 8 16 14 31 22
conv=0 w1=30 w2=33  z=10.7  K2 23 21 28 30 1 2 32 18 16 3 10 17 27 8 26 15 22 6 5 13 9 29 0 24 20 25 4 11 31 7 14 19 12
conv=0 w1=30 w2=34  z=11.3  K2 22 10 5 24 21 17 19 2 26 20 27 4 12 25 1 16 7 13 23 33 8 14 30 9 3 28 31 0 32 6 29 15 11 18
conv=0 w1=30 w2=35  z=11.6  K2 16 15 27 32 3 9 28 1 4 33 12 24 26 7 18 19 10 21 14 23 25 20 13 8 6 22 0 34 17 5 31 2 11 29 30
conv=0 w1=30 w2=36  z=11.3  K2 33 4 8 27 5 16 34 35 2 32 30 1 13 3 29 28 15 23 6 31 11 21 17 24 9 7 12 25 26 20 0 10 18 22 19 14
conv=0 w1=30 w2=37  z=11.1  K2 26 35 19 1 9 14 15 32 29 12 33 10 24 20 11 28 27 3 17 7 13 25 21 6 4 2 16 22 18 8 34 36 30 0 31 5 23
conv=0 w1=30 w2=38  z=10.9  K2 11 23 27 13 25 10 29 4 33 30 35 28 26 12 1 24 7 19 32 31 5 34 21 17 3 8 18 22 36 0 2 20 6 37 14 15 9 16
conv=0 w1=30 w2=39  z=10.6  K2 18 7 9 19 12 20 24 1 25 31 4 37 32 11 0 3 17 38 2 27 35 16 22 30 14 28 29 33 6 15 34 26 36 5 23 21 8 13 10
conv=0 w1=30 w2=40  z=11.9  K2 35 33 9 22 32 37 25 20 12 3 28 31 6 13 27 5 11 18 24 26 1 21 2 15 19 14 17 36 29 30 8 10 34 16 7 38 0 4 39 23
conv=0 w1=31 w2=11  z=4.9  K2 4 10 1 2 3 5 0 8 9 6 7
conv=0 w1=31 w2=12  z=5.1  K2 11 3 4 9 0 5 2 6 10 8 7 1
conv=0 w1=31 w2=13  z=5.5  K2 2 0 11 1 7 5 3 10 9 4 8 6 12
conv=0 w1=31 w2=14  z=7.3  K2 8 6 13 10 12 11 7 4 2 1 9 0 5 3
conv=0 w1=31 w2=15  z=6.9  K2 4 0 7 8 14 5 12 13 11 10 6 3 9 2 1
conv=0 w1=31 w2=16  z=6.3  K2 7 9 4 0 5 10 1 11 6 13 14 8 12 3 2 15
conv=0 w1=31 w2=17  z=7.1  K2 3 11 10 5 8 15 16 6 12 13 9 4 7 1 0 14 2
conv=0 w1=31 w2=18  z=7.0  K2 1 5 17 10 3 7 2 15 9 16 4 12 13 11 8 14 6 0
conv=0 w1=31 w2=19  z=7.9  K2 17 2 3 12 10 5 9 0 15 6 18 7 16 4 1 14 11 8 13
conv=0 w1=31 w2=20  z=8.1  K2 8 14 16 0 11 2 17 12 15 5 18 1 9 4 6 13 3 7 10 19
conv=0 w1=31 w2=21  z=8.4  K2 13 1 18 3 0 12 19 15 6 10 11 8 17 9 7 20 4 2 14 5 16
conv=0 w1=31 w2=22  z=8.2  K2 9 18 7 19 3 10 8 13 5 4 2 14 6 20 0 17 16 11 1 21 12 15
conv=0 w1=31 w2=23  z=8.6  K2 7 13 20 18 0 14 11 5 21 1 9 12 17 22 6 2 15 16 8 19 3 10 4
conv=0 w1=31 w2=24  z=9.1  K2 12 21 13 22 1 10 19 3 8 6 16 18 11 5 9 0 4 14 17 23 20 2 15 7
conv=0 w1=31 w2=25  z=9.5  K2 21 20 9 11 6 10 24 4 3 22 14 8 1 18 19 2 5 13 23 7 0 12 17 15 16
conv=0 w1=31 w2=26  z=9.3  K2 21 8 16 4 20 6 23 9 17 25 12 5 13 7 0 19 22 1 24 11 2 10 3 14 18 15
conv=0 w1=31 w2=27  z=10.5  K2 23 18 25 2 1 24 6 13 4 14 5 20 22 21 17 10 11 15 8 9 26 0 7 19 3 12 16
conv=0 w1=31 w2=28  z=9.1  K2 1 9 23 15 0 12 19 21 10 3 8 16 27 24 5 17 13 14 4 18 6 20 7 22 26 11 25 2
conv=0 w1=31 w2=29  z=10.6  K2 16 5 0 13 23 6 20 18 15 3 28 1 2 27 11 19 12 22 4 9 25 17 14 8 21 26 7 24 10
conv=0 w1=31 w2=30  z=10.9  K2 0 25 13 29 23 7 14 3 24 11 17 8 10 19 4 6 12 27 2 1 15 20 26 22 9 5 18 28 21 16
conv=0 w1=31 w2=31  z=10.3  K2 18 6 5 17 20 0 28 2 29 26 1 11 7 8 4 30 15 24 25 14 3 27 22 16 21 19 9 10 23 13 12
conv=0 w1=31 w2=32  z=11.4  K2 1 8 19 3 14 9 17 7 27 12 22 28 23 24 10 4 15 25 18 31 30 13 6 2 21 26 20 11 29 16 0 5
conv=0 w1=31 w2=33  z=11.3  K2 13 1 20 15 9 7 22 10 32 29 6 21 23 5 16 19 31 26 0 4 30 3 2 17 14 8 12 18 25 28 11 27 24
conv=0 w1=31 w2=34  z=11.2  K2 9 33 7 32 5 26 13 15 6 23 0 17 1 14 11 30 12 27 8 2 28 10 19 4 24 22 29 21 25 20 18 31 16 3
conv=0 w1=31 w2=35  z=11.3  K2 11 31 21 2 33 3 27 24 17 8 15 13 32 16 4 28 34 25 10 19 14 23 5 20 18 6 22 1 0 7 26 9 12 30 29
conv=0 w1=31 w2=36  z=11.3  K2 28 9 35 31 1 0 10 7 29 5 15 23 12 3 19 33 27 22 16 11 21 25 34 32 4 6 30 2 24 26 17 13 8 18 20 14
conv=0 w1=31 w2=37  z=10.1  K2 35 15 1 29 25 13 9 10 7 3 11 36 19 0 21 5 24 26 27 17 22 31 8 20 16 4 23 28 34 6 2 14 33 12 32 30 18
conv=0 w1=31 w2=38  z=11.2  K2 17 10 34 35 0 5 29 2 1 19 13 8 6 15 4 24 30 25 28 22 36 31 9 18 11 14 27 7 20 32 33 3 23 16 37 21 12 26
conv=0 w1=31 w2=39  z=12.0  K2 9 31 12 15 6 26 32 33 36 10 8 0 37 14 13 22 27 7 16 34 35 20 11 25 28 30 3 24 38 29 4 21 17 5 2 18 23 19 1
conv=0 w1=31 w2=40  z=11.6  K2 17 0 34 8 7 30 25 38 15 3 19 21 24 1 31 32 10 28 33 5 29 26 18 22 36 13 14 4 9 11 39 2 23 12 37 35 27 6 16 20
conv=0 w1=32 w2=11  z=5.3  K2 6 9 2 1 8 5 7 4 10 3 0
conv=0 w1=32 w2=12  z=5.2  K2 9 10 4 6 2 5 0 3 8 1 11 7
conv=0 w1=32 w2=13  z=6.3  K2 1 5 12 4 11 8 10 6 0 9 7 3 2
conv=0 w1=32 w2=14  z=6.5  K2 2 10 1 3 11 4 12 0 9 5 7 6 8 13
conv=0 w1=32 w2=15  z=6.3  K2 14 9 2 4 5 13 3 7 0 11 6 12 1 8 10
conv=0 w1=32 w2=16  z=6.4  K2 8 3 7 0 9 10 14 5 4 12 15 1 2 13 11 6
conv=0 w1=32 w2=17  z=7.2  K2 3 6 12 4 7 15 0 9 16 11 1 5 2 10 14 13 8
conv=0 w1=32 w2=18  z=6.9  K2 12 5 6 4 3 10 16 7 9 13 2 8 11 1 0 17 15 14
conv=0 w1=32 w2=19  z=7.5  K2 13 4 1 15 7 17 6 12 18 0 10 5 2 3 11 9 8 14 16
conv=0 w1=32 w2=20  z=7.7  K2 1 8 15 17 18 10 11 6 3 12 9 16 13 2 7 19 14 5 4 0
conv=0 w1=32 w2=21  z=8.5  K2 5 12 3 11 20 2 15 6 14 1 8 18 13 7 4 9 10 19 17 0 16
conv=0 w1=32 w2=22  z=8.6  K2 17 5 14 20 21 19 18 11 8 4 15 1 6 0 2 10 16 9 12 3 7 13
conv=0 w1=32 w2=23  z=9.5  K2 11 5 18 2 17 7 21 4 15 1 10 19 6 3 12 16 9 0 22 13 14 20 8
conv=0 w1=32 w2=24  z=9.6  K2 12 0 6 19 18 5 21 3 10 14 9 23 16 17 2 15 11 8 20 13 4 22 1 7
conv=0 w1=32 w2=25  z=9.0  K2 5 8 14 1 15 7 19 22 13 0 10 17 21 6 20 24 9 11 3 23 2 4 12 18 16
conv=0 w1=32 w2=26  z=9.8  K2 0 23 24 8 13 20 7 14 16 4 21 22 15 2 17 1 25 11 5 9 12 3 18 10 19 6
conv=0 w1=32 w2=27  z=10.8  K2 18 11 2 9 1 5 8 23 25 15 3 20 7 21 14 16 22 19 4 13 12 6 26 24 0 17 10
conv=0 w1=32 w2=28  z=10.6  K2 6 5 14 18 10 21 1 25 7 17 27 20 26 13 4 15 22 9 3 12 24 19 8 23 0 2 16 11
conv=0 w1=32 w2=29  z=10.3  K2 15 2 20 14 25 0 11 7 22 12 24 27 16 6 13 5 10 4 28 18 9 26 3 23 17 1 8 21 19
conv=0 w1=32 w2=30  z=10.1  K2 29 14 27 9 6 3 10 11 1 28 26 25 0 8 15 5 22 16 2 23 13 21 17 4 24 20 18 19 7 12
conv=0 w1=32 w2=31  z=10.3  K2 26 4 25 15 20 24 6 12 19 9 30 14 0 10 2 13 29 5 18 23 3 1 22 11 16 28 21 27 8 17 7
conv=0 w1=32 w2=32  z=10.8  K2 4 10 2 0 16 1 26 29 19 5 21 25 3 22 15 8 13 9 14 17 30 18 12 6 28 23 20 11 27 24 31 7
conv=0 w1=32 w2=33  z=10.8  K2 17 19 31 6 11 27 3 9 32 21 16 30 14 13 10 22 7 26 1 15 25 0 12 4 29 24 2 8 20 18 5 28 23
conv=0 w1=32 w2=34  z=10.8  K2 19 3 25 26 9 13 28 7 16 24 23 11 12 29 31 15 1 17 20 4 0 22 14 8 32 30 2 27 33 18 6 10 5 21
conv=0 w1=32 w2=35  z=10.5  K2 28 9 25 31 6 11 26 21 19 13 30 12 24 1 29 8 20 7 23 15 34 32 27 2 17 22 5 4 18 0 3 10 14 33 16
conv=0 w1=32 w2=36  z=11.4  K2 9 27 32 16 2 21 22 13 25 6 15 14 20 23 8 24 4 34 28 11 18 10 30 7 29 5 31 17 26 33 0 19 35 1 12 3
conv=0 w1=32 w2=37  z=11.3  K2 8 2 33 7 0 4 5 9 13 21 27 20 36 34 19 29 26 14 24 35 32 1 31 23 10 16 25 15 11 3 28 17 22 6 12 30 18
conv=0 w1=32 w2=38  z=11.4  K2 13 37 28 36 34 18 35 1 9 31 8 26 29 11 2 6 5 23 19 24 10 27 12 33 32 20 15 25 4 22 0 30 16 7 14 17 21 3
conv=0 w1=32 w2=39  z=11.0  K2 19 37 25 18 28 14 3 8 21 10 13 32 38 7 0 36 1 34 6 11 23 24 2 29 27 30 15 12 31 4 5 20 35 26 33 22 17 16 9
conv=0 w1=32 w2=40  z=13.1  K2 21 4 5 6 34 20 29 12 23 39 10 16 36 11 15 30 33 18 38 35 19 9 0 14 8 28 26 3 32 25 13 22 31 37 2 7 27 24 17 1
conv=0 w1=33 w2=11  z=5.1  K2 6 7 4 10 5 8 2 3 0 1 9
conv=0 w1=33 w2=12  z=5.9  K2 2 7 1 8 0 10 5 4 3 11 6 9
conv=0 w1=33 w2=13  z=5.7  K2 0 4 10 6 11 8 5 7 9 3 1 2 12
conv=0 w1=33 w2=14  z=5.8  K2 3 9 12 5 2 4 8 0 1 13 11 7 6 10
conv=0 w1=33 w2=15  z=6.4  K2 12 6 1 2 5 7 8 11 14 13 10 0 4 3 9
conv=0 w1=33 w2=16  z=6.6  K2 8 10 5 11 13 6 0 14 1 7 4 12 2 3 9 15
conv=0 w1=33 w2=17  z=7.3  K2 12 1 14 11 5 8 6 16 15 0 7 9 2 10 13 3 4
conv=0 w1=33 w2=18  z=7.7  K2 10 3 14 17 2 4 5 8 11 0 13 12 1 6 16 9 15 7
conv=0 w1=33 w2=19  z=8.1  K2 0 8 10 12 14 7 1 3 11 17 6 18 2 15 4 5 9 13 16
conv=0 w1=33 w2=20  z=7.9  K2 3 16 11 8 18 19 9 12 4 0 15 10 1 7 17 6 5 13 2 14
conv=0 w1=33 w2=21  z=8.4  K2 5 2 20 17 11 18 10 1 4 16 8 9 13 6 0 15 19 12 14 3 7
conv=0 w1=33 w2=22  z=8.4  K2 18 10 15 0 16 3 2 19 5 11 1 20 17 7 12 13 8 6 21 4 9 14
conv=0 w1=33 w2=23  z=9.0  K2 4 22 12 18 19 6 15 2 14 7 13 9 21 17 0 3 5 20 8 1 11 16 10
conv=0 w1=33 w2=24  z=8.3  K2 13 15 2 10 0 6 5 18 8 3 14 1 11 21 23 20 17 4 19 9 22 12 16 7
conv=0 w1=33 w2=25  z=8.9  K2 12 14 3 1 17 5 19 16 7 13 4 2 10 11 20 22 24 8 6 18 23 21 9 15 0
conv=0 w1=33 w2=26  z=10.0  K2 15 1 16 17 4 8 12 22 10 20 6 0 2 19 23 24 11 9 14 5 21 7 25 3 13 18
conv=0 w1=33 w2=27  z=10.0  K2 11 15 8 6 20 9 22 26 2 17 13 18 25 5 24 21 16 19 1 4 0 14 12 7 3 10 23
conv=0 w1=33 w2=28  z=10.5  K2 24 5 17 6 20 9 11 4 14 21 23 19 25 0 22 13 3 15 12 2 26 1 27 7 8 10 18 16
conv=0 w1=33 w2=29  z=10.2  K2 0 16 18 25 6 13 26 10 24 3 4 5 28 14 2 1 11 20 9 8 17 22 23 7 15 21 12 27 19
conv=0 w1=33 w2=30  z=9.7  K2 14 12 10 13 7 22 2 15 0 1 17 20 6 24 9 29 16 8 5 18 23 28 4 21 27 26 11 3 25 19
conv=0 w1=33 w2=31  z=11.0  K2 7 30 20 14 25 5 0 11 21 2 13 4 1 3 27 12 10 17 16 24 18 9 6 23 19 26 22 29 28 8 15
conv=0 w1=33 w2=32  z=9.7  K2 1 20 27 6 16 11 2 29 18 8 19 28 26 23 13 3 10 7 15 24 5 21 25 31 30 12 22 14 17 9 0 4
conv=0 w1=33 w2=33  z=11.2  K2 22 29 6 19 23 25 4 20 26 1 2 10 30 8 17 7 12 5 3 28 9 21 18 24 0 32 27 14 13 31 15 11 16
conv=0 w1=33 w2=34  z=11.1  K2 13 19 5 2 9 25 1 3 18 14 32 21 22 7 20 11 15 28 31 29 26 12 17 30 24 8 10 0 16 6 33 23 4 27
conv=0 w1=33 w2=35  z=10.8  K2 30 9 11 22 13 32 34 14 26 20 12 5 10 28 15 4 6 24 2 8 1 27 25 3 19 18 21 33 31 7 0 17 16 29 23
conv=0 w1=33 w2=36  z=10.5  K2 3 13 20 30 19 26 24 4 0 31 32 14 33 35 11 21 16 23 1 10 8 6 29 25 18 7 5 9 17 22 34 12 28 15 2 27
conv=0 w1=33 w2=37  z=10.7  K2 10 0 32 35 36 20 2 3 7 33 22 23 13 1 25 26 27 15 5 11 31 9 34 17 24 8 28 6 21 4 12 19 18 29 16 14 30
conv=0 w1=33 w2=38  z=10.7  K2 37 22 20 17 19 6 10 23 29 11 33 9 13 34 18 4 1 26 32 12 15 8 25 31 2 3 30 21 35 24 7 28 5 27 14 0 16 36
conv=0 w1=33 w2=39  z=11.5  K2 0 2 35 18 26 12 15 4 7 1 30 24 21 22 29 33 16 38 32 6 3 11 14 5 27 25 36 13 28 20 9 10 23 37 17 8 34 19 31
conv=0 w1=33 w2=40  z=11.4  K2 33 4 22 29 28 31 26 0 37 35 7 10 17 18 34 3 27 36 12 5 39 6 15 23 2 8 14 38 13 19 9 1 21 11 20 24 25 16 32 30
conv=0 w1=34 w2=11  z=5.2  K2 5 10 2 1 4 9 6 3 0 7 8
conv=0 w1=34 w2=12  z=5.3  K2 1 7 0 6 9 3 10 2 8 5 11 4
conv=0 w1=34 w2=13  z=5.5  K2 0 11 8 6 5 3 9 7 10 2 1 4 12
conv=0 w1=34 w2=14  z=6.1  K2 12 0 2 10 4 7 3 13 11 8 5 1 6 9
conv=0 w1=34 w2=15  z=6.9  K2 3 0 2 1 4 8 5 14 9 11 10 12 7 6 13
conv=0 w1=34 w2=16  z=6.9  K2 10 1 9 3 4 5 2 14 8 11 13 7 0 6 12 15
conv=0 w1=34 w2=17  z=7.5  K2 5 15 13 2 0 11 14 6 12 9 8 16 4 1 7 10 3
conv=0 w1=34 w2=18  z=7.6  K2 15 12 10 13 16 6 4 5 2 3 9 1 11 17 7 0 8 14
conv=0 w1=34 w2=19  z=7.6  K2 12 15 4 2 5 8 6 9 1 17 3 10 14 13 18 7 11 0 16
conv=0 w1=34 w2=20  z=7.7  K2 19 16 7 4 3 6 0 12 11 1 8 18 10 9 13 2 5 15 14 17
conv=0 w1=34 w2=21  z=7.6  K2 5 14 2 9 6 20 4 8 12 10 3 15 7 11 17 1 18 0 19 13 16
conv=0 w1=34 w2=22  z=8.7  K2 5 4 20 11 12 18 10 6 3 7 14 21 9 17 8 1 19 2 0 13 15 16
conv=0 w1=34 w2=23  z=8.9  K2 11 17 20 5 21 12 16 9 4 3 0 7 10 22 19 13 1 8 2 6 18 14 15
conv=0 w1=34 w2=24  z=9.6  K2 4 0 18 1 8 3 6 19 14 23 12 21 22 5 16 17 15 2 13 10 7 9 11 20
conv=0 w1=34 w2=25  z=9.8  K2 2 22 10 19 18 1 8 17 23 0 4 15 5 3 20 11 13 7 14 21 16 9 12 24 6
conv=0 w1=34 w2=26  z=9.1  K2 0 20 7 1 22 11 14 13 25 18 15 21 19 16 23 4 10 24 6 2 3 12 5 8 9 17
conv=0 w1=34 w2=27  z=11.3  K2 14 7 18 11 9 6 13 22 26 3 16 17 4 21 0 20 19 23 24 25 15 12 5 8 1 2 10
conv=0 w1=34 w2=28  z=10.1  K2 24 9 25 26 14 27 0 13 16 11 5 10 17 3 18 21 1 19 7 4 22 12 15 8 23 6 20 2
conv=0 w1=34 w2=29  z=11.4  K2 21 11 1 15 26 0 24 16 7 13 12 27 28 2 17 5 23 19 6 25 9 22 14 8 10 3 4 20 18
conv=0 w1=34 w2=30  z=9.9  K2 28 27 15 29 24 12 26 13 25 4 19 5 9 20 22 2 8 17 21 14 6 7 10 1 16 23 18 3 0 11
conv=0 w1=34 w2=31  z=9.8  K2 27 6 2 18 5 16 21 28 8 13 11 15 3 30 1 4 29 26 25 20 17 9 0 7 10 19 23 22 14 24 12
conv=0 w1=34 w2=32  z=10.6  K2 3 18 6 11 16 22 13 29 30 28 8 10 9 5 0 12 21 23 14 7 31 20 17 27 4 19 2 26 25 15 24 1
conv=0 w1=34 w2=33  z=9.5  K2 20 15 11 22 2 6 8 17 16 7 21 32 5 26 31 18 25 10 29 12 4 23 1 28 27 24 3 13 30 9 14 19 0
conv=0 w1=34 w2=34  z=11.1  K2 10 5 0 16 21 3 14 7 15 26 1 4 22 6 31 13 29 28 17 23 19 8 20 33 32 2 25 12 11 27 30 9 24 18
conv=0 w1=34 w2=35  z=10.9  K2 5 31 8 26 9 21 15 17 34 27 29 28 30 2 16 19 23 32 18 1 24 12 3 0 20 25 22 11 6 13 14 33 4 7 10
conv=0 w1=34 w2=36  z=10.8  K2 1 11 8 31 27 28 15 17 23 24 25 22 18 5 14 2 35 20 4 3 12 10 21 9 7 26 34 32 0 6 13 33 16 29 30 19
conv=0 w1=34 w2=37  z=11.9  K2 25 0 17 27 26 34 24 10 2 14 29 4 23 19 13 20 22 11 1 33 9 6 28 31 30 3 12 35 5 18 7 16 21 15 36 8 32
conv=0 w1=34 w2=38  z=11.6  K2 37 0 30 34 13 36 8 19 31 11 20 32 17 28 10 18 15 4 9 5 21 29 1 33 35 14 7 12 26 24 22 23 6 2 27 3 25 16
conv=0 w1=34 w2=39  z=12.1  K2 26 24 20 32 28 25 22 13 23 14 29 8 7 19 1 11 38 36 9 18 17 16 15 35 12 2 0 5 21 27 30 3 6 34 4 33 37 31 10
conv=0 w1=34 w2=40  z=12.2  K2 33 4 6 29 14 38 35 17 20 23 21 8 34 12 16 5 32 0 24 18 22 13 1 9 19 30 3 39 27 2 37 11 7 15 25 28 36 26 10 31
conv=0 w1=35 w2=11  z=5.3  K2 6 9 0 8 4 7 5 1 2 3 10
conv=0 w1=35 w2=12  z=5.4  K2 9 2 0 10 5 11 8 1 6 4 3 7
conv=0 w1=35 w2=13  z=5.5  K2 12 1 8 3 9 4 5 11 2 10 0 7 6
conv=0 w1=35 w2=14  z=5.5  K2 0 8 2 12 9 6 4 1 13 10 7 3 5 11
conv=0 w1=35 w2=15  z=7.1  K2 10 12 5 6 7 2 11 8 3 0 14 4 1 13 9
conv=0 w1=35 w2=16  z=6.5  K2 12 0 4 3 1 9 6 2 15 7 8 5 10 14 13 11
conv=0 w1=35 w2=17  z=6.4  K2 16 15 7 10 5 3 9 11 0 14 8 13 4 6 1 12 2
conv=0 w1=35 w2=18  z=6.9  K2 10 3 9 14 16 2 7 4 0 12 8 15 5 13 11 6 17 1
conv=0 w1=35 w2=19  z=7.7  K2 6 13 0 2 9 10 11 1 12 5 7 14 15 17 4 18 8 3 16
conv=0 w1=35 w2=20  z=7.8  K2 9 8 11 15 13 6 17 2 3 4 12 14 1 7 0 16 10 18 19 5
conv=0 w1=35 w2=21  z=8.4  K2 3 8 4 11 5 20 1 19 9 7 14 2 6 17 12 0 15 10 18 13 16
conv=0 w1=35 w2=22  z=8.3  K2 10 12 5 0 13 17 19 1 21 20 8 7 4 18 15 2 6 9 16 14 11 3
conv=0 w1=35 w2=23  z=9.1  K2 5 19 4 17 15 16 2 14 6 12 21 1 9 8 13 18 20 11 3 22 0 10 7
conv=0 w1=35 w2=24  z=9.8  K2 15 23 19 1 0 17 11 14 2 22 18 16 21 8 9 13 3 10 20 4 6 12 7 5
conv=0 w1=35 w2=25  z=10.5  K2 8 22 20 18 7 19 10 21 13 11 0 2 12 14 1 3 24 9 4 16 6 5 17 15 23
conv=0 w1=35 w2=26  z=10.0  K2 13 20 10 21 16 3 8 6 0 24 23 2 5 9 14 18 7 12 22 4 1 19 17 11 15 25
conv=0 w1=35 w2=27  z=10.1  K2 19 20 15 23 2 21 8 7 6 11 24 14 5 17 3 18 9 16 4 26 10 13 25 0 22 1 12
conv=0 w1=35 w2=28  z=9.6  K2 19 23 17 10 9 8 11 3 12 6 14 5 27 16 2 20 24 22 4 15 21 1 7 13 0 18 26 25
conv=0 w1=35 w2=29  z=10.0  K2 11 22 17 21 28 1 8 10 12 25 27 18 2 6 16 23 24 5 19 14 0 26 3 4 7 20 15 13 9
conv=0 w1=35 w2=30  z=10.7  K2 1 22 15 28 18 13 25 17 5 2 29 24 14 8 11 20 21 10 26 19 4 6 23 12 3 0 27 16 9 7
conv=0 w1=35 w2=31  z=11.4  K2 7 17 9 20 5 16 8 19 22 13 30 15 21 18 27 26 10 29 24 2 4 25 3 1 11 0 6 14 23 28 12
conv=0 w1=35 w2=32  z=10.3  K2 8 24 15 5 23 25 3 11 1 21 27 19 29 7 30 13 14 4 31 28 6 0 22 26 12 16 18 9 20 10 2 17
conv=0 w1=35 w2=33  z=10.8  K2 10 7 30 2 0 28 20 17 1 23 31 25 16 21 24 5 12 22 26 14 27 29 9 8 3 4 15 13 11 18 32 19 6
conv=0 w1=35 w2=34  z=10.1  K2 26 11 0 30 19 24 9 6 8 13 17 18 4 22 28 3 10 2 14 1 32 5 12 15 25 23 33 16 21 27 29 20 7 31
conv=0 w1=35 w2=35  z=11.5  K2 1 0 30 33 5 25 34 3 27 6 24 20 23 9 28 17 2 14 10 26 8 29 7 13 31 22 4 16 12 21 19 11 32 15 18
conv=0 w1=35 w2=36  z=10.0  K2 31 12 24 6 25 26 20 29 19 16 27 4 21 17 35 8 10 7 2 22 34 5 18 3 9 28 23 30 13 32 15 1 0 11 33 14
conv=0 w1=35 w2=37  z=10.5  K2 5 0 3 6 13 26 29 16 17 24 21 32 36 11 22 20 34 27 8 2 15 4 33 9 25 35 28 31 10 12 23 14 7 1 18 30 19
conv=0 w1=35 w2=38  z=11.5  K2 0 26 37 5 8 18 29 3 30 27 11 34 12 1 17 22 36 15 10 32 35 31 21 13 6 23 2 33 4 9 19 25 20 28 14 24 7 16
conv=0 w1=35 w2=39  z=11.7  K2 0 29 8 3 7 17 20 12 13 33 14 31 32 1 4 2 35 26 37 25 28 30 21 23 27 22 38 36 16 9 6 11 15 19 24 10 34 18 5
conv=0 w1=35 w2=40  z=12.3  K2 0 11 9 8 39 34 27 23 33 17 6 15 28 7 1 2 20 19 16 22 36 4 30 5 10 35 29 12 18 13 14 32 24 38 31 25 21 3 26 37
conv=0 w1=36 w2=11  z=4.5  K2 4 1 7 2 10 8 9 6 0 5 3
conv=0 w1=36 w2=12  z=5.2  K2 10 1 11 6 5 0 9 4 7 8 3 2
conv=0 w1=36 w2=13  z=5.3  K2 12 1 6 2 7 9 8 5 10 0 4 11 3
conv=0 w1=36 w2=14  z=5.7  K2 7 5 9 2 6 3 12 0 4 13 8 10 11 1
conv=0 w1=36 w2=15  z=6.3  K2 4 6 8 5 14 9 1 2 13 11 0 12 10 7 3
conv=0 w1=36 w2=16  z=7.1  K2 4 5 2 11 8 3 1 10 13 14 6 9 15 0 12 7
conv=0 w1=36 w2=17  z=6.8  K2 16 1 2 15 14 4 10 0 6 9 3 12 7 13 11 5 8
conv=0 w1=36 w2=18  z=6.8  K2 5 16 11 1 13 9 8 7 2 10 12 6 3 0 4 17 15 14
conv=0 w1=36 w2=19  z=8.0  K2 17 0 15 9 13 8 3 18 4 5 10 6 14 2 7 11 12 1 16
conv=0 w1=36 w2=20  z=8.0  K2 5 2 4 10 14 8 15 3 9 17 6 18 19 12 0 1 16 11 7 13
conv=0 w1=36 w2=21  z=7.6  K2 2 19 20 17 11 15 12 18 10 13 9 6 8 7 0 16 3 14 1 4 5
conv=0 w1=36 w2=22  z=9.3  K2 15 17 10 16 5 13 1 18 2 7 14 21 8 0 6 20 4 19 12 3 11 9
conv=0 w1=36 w2=23  z=8.2  K2 3 21 0 11 19 17 14 8 7 12 4 1 15 5 18 13 22 9 2 6 20 16 10
conv=0 w1=36 w2=24  z=9.9  K2 17 18 4 23 21 13 8 15 9 5 11 16 2 20 1 10 14 19 6 3 22 12 7 0
conv=0 w1=36 w2=25  z=9.0  K2 18 16 3 19 10 11 15 4 5 17 20 1 23 0 2 14 8 7 24 13 22 21 6 9 12
conv=0 w1=36 w2=26  z=9.8  K2 21 15 3 12 8 11 24 5 17 18 23 9 6 4 2 14 13 7 19 0 10 1 16 22 20 25
conv=0 w1=36 w2=27  z=9.5  K2 13 12 5 6 24 0 17 8 21 20 7 11 18 26 4 3 10 23 1 9 19 15 25 22 14 2 16
conv=0 w1=36 w2=28  z=10.4  K2 1 21 15 9 20 23 6 10 16 22 5 18 2 17 26 13 4 27 25 3 0 19 7 14 24 11 12 8
conv=0 w1=36 w2=29  z=10.2  K2 13 16 24 28 5 6 11 2 10 0 26 27 18 17 20 14 4 1 12 23 15 22 21 25 3 19 8 7 9
conv=0 w1=36 w2=30  z=10.9  K2 21 12 27 13 6 29 3 15 9 24 2 22 10 4 19 20 18 16 1 17 0 28 7 26 14 8 23 11 25 5
conv=0 w1=36 w2=31  z=11.1  K2 5 8 0 26 15 2 4 28 20 7 30 14 16 22 9 3 1 6 18 27 21 10 25 13 17 29 24 11 23 19 12
conv=0 w1=36 w2=32  z=10.5  K2 17 4 2 8 3 31 1 5 27 29 13 24 28 10 11 30 16 15 7 22 21 20 19 0 12 23 26 18 9 6 14 25
conv=0 w1=36 w2=33  z=10.0  K2 22 19 28 7 21 15 13 30 27 14 9 10 0 16 3 24 29 32 17 6 8 18 4 31 26 12 5 2 11 23 20 1 25
conv=0 w1=36 w2=34  z=10.3  K2 13 3 7 28 0 11 14 30 2 24 32 12 27 20 19 1 6 29 25 5 23 8 26 22 4 16 10 15 21 17 18 9 31 33
conv=0 w1=36 w2=35  z=11.1  K2 34 12 29 8 17 14 13 16 6 21 19 2 18 5 7 31 10 27 26 32 22 9 4 11 28 15 23 1 25 20 0 3 33 30 24
conv=0 w1=36 w2=36  z=11.0  K2 2 32 11 31 18 35 29 20 0 19 3 34 27 24 5 1 10 33 13 23 26 22 7 25 14 8 15 9 6 30 12 28 17 21 16 4
conv=0 w1=36 w2=37  z=10.7  K2 25 28 4 10 12 18 8 19 21 26 24 27 14 30 6 0 7 1 20 15 9 33 31 5 2 13 16 34 22 36 32 23 17 29 35 3 11
conv=0 w1=36 w2=38  z=11.7  K2 0 2 21 34 14 26 12 25 15 30 4 11 28 29 17 33 23 8 19 7 20 16 9 13 31 1 3 22 36 10 32 6 18 5 37 27 35 24
conv=0 w1=36 w2=39  z=12.1  K2 9 28 30 22 29 36 37 8 3 21 38 27 1 26 31 11 20 35 12 5 14 15 32 17 6 0 23 10 19 18 7 25 13 16 33 34 24 2 4
conv=0 w1=36 w2=40  z=12.6  K2 4 21 26 1 13 8 15 38 36 31 17 37 29 27 33 0 5 23 9 35 25 28 10 30 20 2 16 22 34 12 19 6 14 3 24 39 18 11 32 7
conv=0 w1=37 w2=11  z=5.1  K2 9 1 0 5 3 10 4 8 6 7 2
conv=0 w1=37 w2=12  z=5.4  K2 11 10 2 8 4 1 3 0 6 9 5 7
conv=0 w1=37 w2=13  z=6.0  K2 2 5 6 8 12 7 4 10 3 11 9 0 1
conv=0 w1=37 w2=14  z=6.7  K2 6 3 11 4 7 2 8 13 12 9 5 10 0 1
conv=0 w1=37 w2=15  z=5.8  K2 13 1 7 5 6 0 8 4 2 3 9 10 11 14 12
conv=0 w1=37 w2=16  z=6.5  K2 1 15 13 11 5 3 9 10 8 6 4 14 2 0 7 12
conv=0 w1=37 w2=17  z=7.3  K2 4 5 2 10 6 15 12 3 11 9 14 16 13 1 8 0 7
conv=0 w1=37 w2=18  z=7.5  K2 13 16 7 11 5 1 6 12 17 15 9 0 3 10 8 14 4 2
conv=0 w1=37 w2=19  z=7.9  K2 18 12 10 3 2 4 7 6 14 5 15 17 11 8 0 13 1 9 16
conv=0 w1=37 w2=20  z=7.9  K2 9 18 17 8 12 2 11 3 4 13 7 16 0 14 1 10 15 5 6 19
conv=0 w1=37 w2=21  z=8.0  K2 19 0 10 20 1 5 11 13 12 2 14 4 6 18 17 3 9 16 8 15 7
conv=0 w1=37 w2=22  z=8.7  K2 3 16 19 15 10 8 13 1 2 5 4 11 14 21 6 7 12 18 9 0 20 17
conv=0 w1=37 w2=23  z=8.5  K2 15 20 12 10 13 1 0 5 2 17 19 18 3 6 21 9 16 14 22 8 11 7 4
conv=0 w1=37 w2=24  z=8.9  K2 4 22 17 8 14 9 7 1 23 19 2 0 20 10 6 5 18 15 21 3 11 13 12 16
conv=0 w1=37 w2=25  z=9.3  K2 17 22 5 21 12 18 2 3 23 20 16 7 14 10 9 24 1 4 0 19 6 8 13 15 11
conv=0 w1=37 w2=26  z=9.6  K2 24 11 21 13 5 2 17 9 18 8 23 20 15 25 0 6 19 1 14 10 16 22 12 7 4 3
conv=0 w1=37 w2=27  z=9.2  K2 10 8 23 22 19 13 25 2 14 7 26 24 15 9 3 21 17 20 5 11 12 16 18 4 6 1 0
conv=0 w1=37 w2=28  z=10.1  K2 9 16 23 4 8 7 20 13 1 5 26 17 19 11 18 12 0 21 27 25 6 10 2 24 15 22 14 3
conv=0 w1=37 w2=29  z=10.4  K2 25 26 21 14 5 20 11 4 17 12 6 8 23 2 28 18 1 27 16 19 15 22 10 7 13 3 24 0 9
conv=0 w1=37 w2=30  z=11.0  K2 0 2 21 7 16 5 19 20 4 10 22 23 14 24 9 12 26 13 29 28 11 18 15 27 6 8 3 17 25 1
conv=0 w1=37 w2=31  z=9.6  K2 0 6 11 21 8 4 2 20 22 15 14 3 1 16 9 13 25 23 27 18 7 26 10 19 30 5 29 28 17 12 24
conv=0 w1=37 w2=32  z=10.3  K2 9 15 26 2 5 24 4 10 3 29 25 20 18 30 7 22 28 27 0 13 12 11 1 16 31 23 21 14 17 8 6 19
conv=0 w1=37 w2=33  z=11.6  K2 18 1 0 29 2 17 30 8 32 14 19 13 7 25 24 23 11 4 6 15 10 5 26 27 21 16 22 12 31 28 20 9 3
conv=0 w1=37 w2=34  z=10.1  K2 21 5 2 6 0 25 7 9 23 17 15 10 27 16 33 11 32 31 12 18 8 20 1 29 28 19 4 14 24 3 22 30 26 13
conv=0 w1=37 w2=35  z=10.3  K2 3 19 34 25 30 9 13 14 24 15 11 1 20 18 27 8 32 0 29 31 16 28 22 6 2 21 26 5 4 23 7 12 17 33 10
conv=0 w1=37 w2=36  z=11.4  K2 26 28 17 5 13 18 34 29 32 20 15 25 6 3 24 11 12 4 9 8 22 23 33 0 1 19 35 31 30 10 21 2 16 27 7 14
conv=0 w1=37 w2=37  z=11.7  K2 18 7 31 32 35 4 24 28 20 16 29 3 25 27 17 8 5 26 22 36 0 9 14 1 6 2 11 12 23 34 33 13 30 10 21 15 19
conv=0 w1=37 w2=38  z=11.7  K2 3 35 30 7 22 14 1 28 0 9 15 11 13 27 21 17 5 8 33 23 16 29 20 34 10 6 12 36 19 31 24 18 26 4 25 2 37 32
conv=0 w1=37 w2=39  z=11.5  K2 0 37 22 5 24 35 6 12 30 16 21 38 7 29 25 26 19 27 34 4 33 28 23 15 10 14 9 31 3 8 18 1 11 17 32 13 20 36 2
conv=0 w1=37 w2=40  z=11.7  K2 25 4 21 27 3 8 28 13 22 16 15 38 12 31 20 33 35 5 19 0 23 7 39 36 37 2 32 9 17 24 1 29 10 6 34 26 30 14 18 11
conv=0 w1=38 w2=11  z=5.3  K2 3 9 10 5 0 6 4 2 8 7 1
conv=0 w1=38 w2=12  z=5.5  K2 3 6 0 4 11 2 9 5 10 1 8 7
conv=0 w1=38 w2=13  z=5.8  K2 2 3 7 8 9 5 1 0 11 6 4 12 10
conv=0 w1=38 w2=14  z=6.5  K2 13 9 2 10 1 5 12 7 4 0 6 8 3 11
conv=0 w1=38 w2=15  z=6.2  K2 13 9 4 0 8 6 2 12 3 11 1 7 14 5 10
conv=0 w1=38 w2=16  z=7.4  K2 10 0 9 11 2 1 4 8 15 12 14 5 6 13 7 3
conv=0 w1=38 w2=17  z=7.7  K2 9 4 7 13 3 0 15 5 6 14 10 16 11 2 12 8 1
conv=0 w1=38 w2=18  z=7.0  K2 2 6 7 12 17 0 1 3 11 10 15 5 16 8 9 4 14 13
conv=0 w1=38 w2=19  z=8.1  K2 14 3 15 10 11 2 6 16 1 9 5 12 13 7 17 8 18 4 0
conv=0 w1=38 w2=20  z=7.9  K2 16 17 0 6 19 12 15 1 4 2 10 14 8 5 9 18 13 7 11 3
conv=0 w1=38 w2=21  z=7.9  K2 0 16 11 20 1 8 7 4 19 9 15 12 2 18 14 17 10 6 5 3 13
conv=0 w1=38 w2=22  z=9.9  K2 15 19 18 20 6 8 5 12 9 16 1 4 14 0 11 7 3 2 21 17 13 10
conv=0 w1=38 w2=23  z=9.7  K2 2 13 19 22 11 17 1 3 18 20 4 14 7 15 21 0 6 8 16 10 12 5 9
conv=0 w1=38 w2=24  z=9.0  K2 2 13 21 15 18 20 10 12 1 4 22 14 6 0 23 3 5 8 7 17 19 9 11 16
conv=0 w1=38 w2=25  z=10.2  K2 6 7 15 23 18 3 14 4 10 1 22 21 8 17 16 12 2 11 13 20 0 24 19 5 9
conv=0 w1=38 w2=26  z=10.3  K2 8 1 14 7 11 21 17 23 10 15 0 6 12 4 16 20 19 13 2 18 24 3 9 22 5 25
conv=0 w1=38 w2=27  z=10.0  K2 12 5 20 2 3 26 11 16 19 22 7 1 24 15 18 23 21 17 13 10 8 4 0 14 9 6 25
conv=0 w1=38 w2=28  z=9.9  K2 5 1 16 22 26 27 10 2 24 14 15 6 8 9 4 19 17 18 0 21 11 25 20 7 13 23 12 3
conv=0 w1=38 w2=29  z=10.4  K2 5 6 13 27 3 10 15 21 8 18 11 16 22 9 4 2 24 1 20 17 26 19 0 23 28 25 14 12 7
conv=0 w1=38 w2=30  z=10.8  K2 17 27 23 12 15 18 29 25 10 9 4 2 11 16 1 28 5 24 14 26 19 20 6 21 8 22 3 0 7 13
conv=0 w1=38 w2=31  z=10.3  K2 26 2 18 14 10 3 5 6 17 19 0 7 8 29 12 20 4 15 9 24 21 11 1 30 27 28 25 13 22 23 16
conv=0 w1=38 w2=32  z=10.5  K2 11 21 2 31 18 7 1 28 15 14 8 24 6 5 25 20 13 10 12 0 19 23 29 22 3 9 30 16 26 17 27 4
conv=0 w1=38 w2=33  z=10.2  K2 9 21 6 1 4 24 0 2 31 23 17 11 20 22 15 19 7 30 18 29 25 26 13 10 3 32 8 5 14 27 12 16 28
conv=0 w1=38 w2=34  z=10.6  K2 10 16 0 11 26 28 1 13 25 15 24 23 20 18 19 12 3 27 17 9 4 14 30 33 2 7 29 5 8 21 6 22 32 31
conv=0 w1=38 w2=35  z=11.0  K2 34 11 31 17 8 24 29 13 0 23 10 12 32 30 4 22 14 26 7 25 1 16 2 27 18 3 19 21 6 5 20 9 28 33 15
conv=0 w1=38 w2=36  z=11.4  K2 16 11 18 28 34 10 2 9 27 29 35 0 24 21 30 6 23 32 20 17 1 13 22 33 26 3 5 15 19 14 8 25 7 31 12 4
conv=0 w1=38 w2=37  z=11.0  K2 9 20 23 15 34 25 35 21 5 17 2 19 13 27 1 22 11 28 0 36 32 8 29 7 30 4 24 3 12 16 18 14 33 31 10 6 26
conv=0 w1=38 w2=38  z=12.5  K2 25 18 17 37 9 8 14 33 34 7 10 11 31 24 4 30 28 6 13 1 32 0 21 29 35 22 12 15 23 26 27 36 5 2 3 20 16 19
conv=0 w1=38 w2=39  z=11.8  K2 36 14 21 6 32 12 18 19 9 37 0 7 15 1 5 26 27 10 31 8 23 30 24 22 11 35 28 3 13 38 34 33 20 17 25 2 29 4 16
conv=0 w1=38 w2=40  z=11.9  K2 9 38 16 4 18 7 19 35 36 14 34 0 2 29 17 5 1 15 11 3 31 39 21 28 27 37 23 24 22 25 6 13 32 30 10 12 8 26 33 20
conv=0 w1=39 w2=11  z=4.6  K2 4 8 7 6 9 1 2 0 10 3 5
conv=0 w1=39 w2=12  z=5.6  K2 1 8 5 10 2 11 4 6 0 3 9 7
conv=0 w1=39 w2=13  z=5.0  K2 0 12 8 1 7 10 6 9 3 2 11 5 4
conv=0 w1=39 w2=14  z=6.4  K2 0 9 1 11 3 12 4 7 6 2 13 10 8 5
conv=0 w1=39 w2=15  z=7.0  K2 13 12 3 7 6 8 14 11 2 1 4 9 5 0 10
conv=0 w1=39 w2=16  z=6.3  K2 12 15 5 3 11 8 2 14 10 0 1 9 13 6 4 7
conv=0 w1=39 w2=17  z=6.4  K2 16 5 0 3 15 14 9 12 11 2 8 10 4 7 6 13 1
conv=0 w1=39 w2=18  z=7.4  K2 13 17 7 15 4 10 2 1 16 9 5 0 11 3 14 8 6 12
conv=0 w1=39 w2=19  z=8.3  K2 1 8 4 2 9 14 17 13 6 5 3 0 18 7 12 11 15 10 16
conv=0 w1=39 w2=20  z=8.4  K2 19 1 11 18 14 16 13 15 12 5 0 9 17 10 4 6 3 8 2 7
conv=0 w1=39 w2=21  z=8.7  K2 1 13 19 20 15 7 0 12 11 10 18 2 9 8 17 3 4 14 6 5 16
conv=0 w1=39 w2=22  z=8.2  K2 18 12 11 8 6 3 4 15 20 0 21 17 7 19 16 10 9 13 2 5 1 14
conv=0 w1=39 w2=23  z=10.0  K2 18 8 21 1 3 12 16 7 22 20 4 15 5 13 6 2 14 0 11 9 17 19 10
conv=0 w1=39 w2=24  z=9.0  K2 13 8 14 3 15 12 10 5 1 4 6 0 9 16 19 18 7 23 22 20 21 17 11 2
conv=0 w1=39 w2=25  z=9.1  K2 5 16 19 23 3 10 11 22 13 14 9 17 24 12 18 6 0 7 1 2 20 8 4 15 21
conv=0 w1=39 w2=26  z=9.3  K2 7 20 11 23 21 6 18 12 3 19 0 10 22 24 4 14 9 16 5 2 8 15 17 1 25 13
conv=0 w1=39 w2=27  z=10.1  K2 11 5 1 21 0 7 12 4 15 22 13 9 3 14 23 2 6 24 8 26 25 16 18 17 10 19 20
conv=0 w1=39 w2=28  z=9.8  K2 10 24 7 4 17 23 27 20 2 26 21 5 25 1 15 12 6 3 9 13 16 11 22 18 0 19 14 8
conv=0 w1=39 w2=29  z=10.3  K2 0 13 17 2 14 26 11 1 19 12 8 5 21 16 27 28 3 22 25 18 15 24 20 10 23 7 6 9 4
conv=0 w1=39 w2=30  z=10.6  K2 5 4 14 13 19 8 23 21 3 15 26 28 16 29 1 9 22 10 24 12 7 11 6 20 17 2 18 0 25 27
conv=0 w1=39 w2=31  z=10.0  K2 8 1 11 27 26 23 12 21 5 3 24 14 15 29 17 2 18 28 20 30 25 10 16 13 6 7 4 0 9 19 22
conv=0 w1=39 w2=32  z=10.8  K2 15 26 30 21 28 5 31 3 22 4 11 7 29 18 6 1 23 9 19 12 17 14 24 20 25 2 13 27 10 8 0 16
conv=0 w1=39 w2=33  z=10.5  K2 20 30 14 19 12 0 31 9 18 10 3 27 7 23 17 8 26 24 16 25 5 13 22 15 32 2 28 21 1 6 29 11 4
conv=0 w1=39 w2=34  z=11.2  K2 17 2 22 29 15 12 10 32 13 18 11 16 14 4 8 27 30 26 9 5 33 28 1 20 19 6 31 21 23 24 25 3 0 7
conv=0 w1=39 w2=35  z=12.9  K2 18 24 15 10 25 11 34 1 23 12 26 20 8 13 21 3 22 31 17 29 30 9 28 7 32 0 4 16 19 14 6 5 27 33 2
conv=0 w1=39 w2=36  z=11.8  K2 32 9 15 33 2 3 0 4 24 18 21 12 5 31 1 17 27 25 30 14 35 10 6 13 11 34 7 23 28 29 20 26 8 22 16 19
conv=0 w1=39 w2=37  z=11.7  K2 21 32 25 12 19 10 6 2 3 33 31 15 7 4 27 0 29 5 11 26 28 9 1 22 18 23 20 16 17 35 30 14 13 36 34 8 24
conv=0 w1=39 w2=38  z=12.2  K2 20 32 17 4 1 12 6 11 28 7 35 31 29 14 18 9 2 8 36 24 15 5 37 26 34 10 22 25 19 30 13 23 3 0 33 27 21 16
conv=0 w1=39 w2=39  z=11.7  K2 0 33 23 17 36 26 9 15 38 25 34 20 37 22 29 1 28 2 5 31 19 30 35 16 13 11 32 10 7 8 27 14 24 3 18 21 6 4 12
conv=0 w1=39 w2=40  z=11.2  K2 24 4 15 14 17 0 9 39 11 7 19 1 12 18 20 5 30 16 6 37 25 3 23 29 35 34 38 10 36 21 28 26 8 31 27 33 2 13 32 22
conv=0 w1=40 w2=11  z=5.6  K2 9 1 3 2 4 0 5 10 7 8 6
conv=0 w1=40 w2=12  z=5.9  K2 10 5 4 6 8 11 2 9 0 1 3 7
conv=0 w1=40 w2=13  z=5.6  K2 7 9 6 3 1 12 0 5 8 2 10 11 4
conv=0 w1=40 w2=14  z=5.4  K2 5 11 3 12 6 10 8 0 9 2 7 13 4 1
conv=0 w1=40 w2=15  z=6.6  K2 5 10 0 8 9 14 4 12 1 13 7 3 11 2 6
conv=0 w1=40 w2=16  z=6.6  K2 9 3 2 5 0 6 8 13 10 4 11 12 14 15 1 7
conv=0 w1=40 w2=17  z=7.0  K2 16 13 4 8 2 3 1 14 11 0 9 10 7 12 6 15 5
conv=0 w1=40 w2=18  z=7.9  K2 0 1 11 8 2 17 12 9 10 4 5 14 3 13 6 16 7 15
conv=0 w1=40 w2=19  z=8.0  K2 6 2 3 17 18 8 15 4 9 10 5 13 1 7 0 11 14 12 16
conv=0 w1=40 w2=20  z=7.9  K2 5 18 3 13 1 7 15 4 16 14 19 11 10 9 0 12 2 17 6 8
conv=0 w1=40 w2=21  z=8.7  K2 15 13 20 4 5 6 2 18 17 3 9 14 1 12 19 0 7 11 8 16 10
conv=0 w1=40 w2=22  z=9.3  K2 18 17 16 9 0 4 6 5 12 11 19 7 10 14 15 21 8 13 3 1 20 2
conv=0 w1=40 w2=23  z=8.3  K2 4 22 21 16 18 13 15 11 2 14 5 17 6 9 7 19 20 1 0 3 8 10 12
conv=0 w1=40 w2=24  z=8.8  K2 5 2 4 21 11 16 10 17 20 12 14 23 6 15 13 3 18 19 1 9 8 0 22 7
conv=0 w1=40 w2=25  z=9.4  K2 10 7 22 6 12 0 13 4 8 20 9 23 19 17 3 5 24 1 18 14 2 11 15 21 16
conv=0 w1=40 w2=26  z=9.5  K2 20 6 22 11 7 21 1 10 5 2 3 9 8 23 15 12 16 25 0 4 14 13 19 24 17 18
conv=0 w1=40 w2=27  z=9.3  K2 15 10 21 6 18 12 22 24 25 9 26 3 17 7 5 20 8 11 14 16 1 2 0 13 19 23 4
conv=0 w1=40 w2=28  z=9.5  K2 6 20 13 19 22 15 8 16 11 25 7 10 5 3 18 0 1 4 27 21 24 2 26 17 9 12 14 23
conv=0 w1=40 w2=29  z=9.6  K2 26 11 17 24 4 16 8 28 6 12 1 21 20 0 23 15 3 5 25 27 9 19 18 14 10 2 7 13 22
conv=0 w1=40 w2=30  z=10.6  K2 8 16 20 13 27 17 19 6 3 23 7 14 29 11 28 2 24 21 26 12 22 15 5 25 0 10 1 4 18 9
conv=0 w1=40 w2=31  z=9.7  K2 16 4 12 21 7 27 23 22 24 2 8 29 18 14 0 5 20 9 1 26 13 6 10 11 30 28 19 15 25 17 3
conv=0 w1=40 w2=32  z=10.9  K2 7 19 16 20 23 9 6 12 17 29 22 14 3 26 30 15 31 28 11 4 5 27 0 13 1 10 24 18 8 25 2 21
conv=0 w1=40 w2=33  z=10.2  K2 19 25 0 32 28 17 30 3 27 11 26 14 7 2 18 21 23 4 9 20 24 6 15 29 12 1 16 10 5 31 22 8 13
conv=0 w1=40 w2=34  z=10.3  K2 3 5 17 13 27 0 2 16 21 28 12 9 24 8 7 1 33 15 14 32 10 30 18 6 25 29 20 26 19 23 22 4 11 31
conv=0 w1=40 w2=35  z=11.1  K2 5 22 11 12 6 15 9 19 7 28 23 31 13 21 0 3 18 25 17 33 20 4 32 1 30 8 34 27 14 2 29 26 16 24 10
conv=0 w1=40 w2=36  z=11.1  K2 25 3 0 31 6 1 30 23 12 16 13 32 24 15 7 34 11 35 9 26 20 8 22 19 17 14 28 5 2 21 33 18 10 29 4 27
conv=0 w1=40 w2=37  z=11.6  K2 15 5 25 4 2 24 33 17 3 34 30 11 0 28 26 27 31 6 35 12 21 22 14 20 23 36 19 18 16 7 1 13 8 10 9 32 29
conv=0 w1=40 w2=38  z=11.0  K2 11 15 32 26 25 21 20 17 1 6 36 19 37 2 18 3 10 9 24 12 22 28 0 33 31 30 14 23 8 34 5 29 13 27 7 35 4 16
conv=0 w1=40 w2=39  z=11.2  K2 8 17 1 15 9 13 36 14 24 29 19 18 0 22 35 7 31 34 21 32 10 33 25 6 27 37 28 26 2 23 4 12 5 20 16 11 38 30 3
conv=0 w1=40 w2=40  z=11.8  K2 28 2 27 21 5 36 26 29 10 30 13 15 32 19 7 39 20 9 23 12 4 11 24 17 3 18 35 14 22 31 0 8 38 6 37 16 34 33 25 1
   K1 quadrigrammes -13.373
   T1 nirpeebonaymiunandtookiazasntoroemdenkerliomnotcmeeensidozeatantdxmeceaciesaprcotahamitonssmurlariaonotanlponcosbratonorasheicergropnidrtbernesgteorstromppanxtronucsenvaiprofalfnercrugermjosutrmfcepcisdsasyniocdapnixaosaltoaelxcoradcntonocaperaofssmbsporprdnmuoqteramilasiselerninolepidircoreioebioeameveeeesistoehestocurputoiastolhzpabencobabdejonnagrnlufinsoreaecedsesdoierstdiaqsiocooodtroeenmalieaneposbotsiicpidigapelonabenpnenacupuedomieanteraguleugdrcoaalixposaomteanpenacsntasororapapmoomimombepextonesvlsiatecantatdsopplhieeantcahbdpedeilucrnenspcodoenloncierntopidigretapuezdpumamospemacitoitonnglhncephpe
   T2 ffsaanteroseejezaedeodsialserodbialvepamandorcasuborramialnniamtrrrnarsectrngdeevarapeaueogiscoroffigauentenpatcastilsaentuionrarueflufotnienirncunpagamitaosehf
--
   K1 quadrigrammes -13.055
   T1 pgullodegmpejaptsolviosdevaeloananstomezsaeexxqantieentiereacoonauesscacosnztdcropmvotonemotmancantccmdsoseantcreilomenoligiesnspopuhamompehthnkshsynieaciobuepisepesoprukeiadpsatetesixqremedannomopenfrsntditeiaunlehoopapesmueisegnmantcambadtibabrcomnlusspidaamuextloyoorrtocenumotansecomodpobdmanilandiaihisdaeefidtebibaeferopcoporrtrtraspasusaraciengocosbidantolosobaccearastriatulfnecoccadaadareronsopocerezmaienthooanatanordelopxpoioeponctoteenrlonsiomicarborieognropfujopsraderosptnzupombrigntendupriecopledrienanibolagrieoexcuretonoadenocinadeolhorntasppenrntisasrsdeamtrniensimelgrateplnilocerricnpreiepeeincp
   T2 crprciadertifaaleansfinrotrenffunneengunoeciaalrasnpadidasathgavalruegmterefsoiditietpetrfsceroambezmooparaagnolinanfomoneestasaotrseuaseluavrabosuerdiaunnecrij
